============================= test session starts ==============================
platform linux -- Python 3.12.14, pytest-9.1.1, pluggy-1.6.0 -- /home/sandbox/atlas-peer-review/venv/bin/python
rootdir: /home/sandbox/atlas-peer-review/peer
configfile: pyproject.toml
plugins: langsmith-0.14.4, anyio-4.15.1, asyncio-1.4.0
asyncio: mode=Mode.STRICT, debug=False, asyncio_default_fixture_loop_scope=None, asyncio_default_test_loop_scope=function
collecting ... collected 160 items

tests/modules/test_m13_capture_persistence.py::test_persists_verified_capture_bytes_immutably PASSED [  0%]
tests/modules/test_m13_capture_persistence.py::test_rejects_tampered_bytes_and_duplicate_capture PASSED [  1%]
tests/modules/test_m11_schedule_risk.py::test_combines_buffer_dependency_and_cancellation_risks_without_mutation PASSED [  1%]
tests/modules/test_m11_schedule_risk.py::test_rejects_duplicate_items_naive_time_and_partial_money PASSED [  2%]
tests/modules/test_m13_session_stale_save_characterization.py::test_store_rejects_stale_detached_save[memory] PASSED [  3%]
tests/modules/test_m13_session_stale_save_characterization.py::test_store_rejects_stale_detached_save[sql] PASSED [  3%]
tests/modules/test_m13_session_stale_save_characterization.py::test_memory_store_concurrent_detached_writers_have_one_winner PASSED [  4%]
tests/modules/test_m13_session_stale_save_characterization.py::test_flow_route_maps_session_revision_conflict_to_409 PASSED [  5%]
tests/modules/test_m13_session_bridge_protocol.py::test_make_and_parse_command_roundtrip PASSED [  5%]
tests/modules/test_m13_session_bridge_protocol.py::test_parse_command_rejects_bad_version_and_kind PASSED [  6%]
tests/modules/test_m13_session_bridge_protocol.py::test_parse_result_blocked_raises_platform_blocked PASSED [  6%]
tests/modules/test_m13_session_bridge_protocol.py::test_parse_result_failure_raises_command_rejected PASSED [  7%]
tests/modules/test_m13_session_bridge_protocol.py::test_parse_result_ok_returns_result_dict PASSED [  8%]
tests/modules/test_m13_session_bridge_protocol.py::test_pc_session_id_roundtrip_and_validation PASSED [  8%]
tests/modules/test_m13_session_bridge_protocol.py::test_pacing_is_clamped_to_human_speed_bounds PASSED [  9%]
tests/modules/test_m13_session_bridge_protocol.py::test_submit_token_verification PASSED [ 10%]
tests/modules/test_m13_security.py::test_dangerous_destinations_are_blocked[http://localhost/x] PASSED [ 10%]
tests/modules/test_m13_security.py::test_dangerous_destinations_are_blocked[http://127.0.0.1/x] PASSED [ 11%]
tests/modules/test_m13_security.py::test_dangerous_destinations_are_blocked[http://[::1]/x] PASSED [ 11%]
tests/modules/test_m13_security.py::test_dangerous_destinations_are_blocked[http://169.254.169.254/latest/meta-data] PASSED [ 12%]
tests/modules/test_m13_security.py::test_dangerous_destinations_are_blocked[ftp://example.com/file] PASSED [ 13%]
tests/modules/test_m13_security.py::test_dangerous_destinations_are_blocked[https://u:p@example.com] PASSED [ 13%]
tests/modules/test_m13_security.py::test_dns_rebinding_style_mixed_resolution_is_blocked PASSED [ 14%]
tests/modules/test_m13_security.py::test_allowlist_is_exact_unless_suffix_explicit PASSED [ 15%]
tests/modules/test_m13_security.py::test_digest_is_unambiguous_and_order_stable PASSED [ 15%]
tests/modules/test_m11_risk_snapshot_persistence.py::test_persists_verified_bytes_and_idempotent_repeat PASSED [ 16%]
tests/modules/test_m11_risk_snapshot_persistence.py::test_rejects_tampered_bytes_and_hash_collision_metadata_conflict PASSED [ 16%]
tests/modules/test_m11_proposals.py::test_proposes_ranked_free_slots_with_explainable_scores PASSED [ 17%]
tests/modules/test_m11_proposals.py::test_buffers_block_slots_on_both_sides PASSED [ 18%]
tests/modules/test_m11_proposals.py::test_busy_events_in_other_timezones_are_normalized PASSED [ 18%]
tests/modules/test_m11_proposals.py::test_empty_result_is_explicit_when_duration_cannot_fit PASSED [ 19%]
tests/modules/test_m11_proposals.py::test_invalid_requests_are_rejected[kwargs0-earliest] PASSED [ 20%]
tests/modules/test_m11_proposals.py::test_invalid_requests_are_rejected[kwargs1-latest must be after] PASSED [ 20%]
tests/modules/test_m11_proposals.py::test_invalid_requests_are_rejected[kwargs2-duration_minutes] PASSED [ 21%]
tests/modules/test_m11_proposals.py::test_invalid_requests_are_rejected[kwargs3-granularity] PASSED [ 21%]
tests/modules/test_m11_google_pagination.py::test_list_events_reads_every_page_before_returning_sync_token PASSED [ 22%]
tests/modules/test_m11_google_pagination.py::test_repeated_page_token_is_rejected_instead_of_looping PASSED [ 23%]
tests/modules/test_m11_provider_key_registry.py::test_registers_idempotent_key_and_retires PASSED [ 23%]
tests/modules/test_m11_provider_key_registry.py::test_rejects_rebinding_and_bad_length PASSED [ 24%]
tests/modules/test_m13_session_bridge_registry.py::test_pairing_happy_path PASSED [ 25%]
tests/modules/test_m13_session_bridge_registry.py::test_pairing_rejects_wrong_code_replay_and_expiry PASSED [ 25%]
tests/modules/test_m13_session_bridge_registry.py::test_connect_signature_verification_and_revocation PASSED [ 26%]
tests/modules/test_m13_session_bridge_registry.py::test_receipt_verification_against_device_identity PASSED [ 26%]
tests/modules/test_m13_path_containment.py::test_safe_artifact_segment_rejects_traversal_and_separators PASSED [ 27%]
tests/modules/test_m13_path_containment.py::test_split_pc_session_rejects_traversal_local_names PASSED [ 28%]
tests/modules/test_m13_path_containment.py::test_playwright_check_id_rejects_dot_segments PASSED [ 28%]
tests/modules/test_m13_path_containment.py::test_screenshot_rejects_dotdot_before_touching_disk PASSED [ 29%]
tests/modules/test_m13_path_containment.py::test_submit_unknown_approval_maps_to_permission_error PASSED [ 30%]
tests/modules/test_m13_path_containment.py::test_submit_internal_keyerror_propagates_unmasked PASSED [ 30%]
tests/modules/test_m13_path_containment.py::test_artifact_directory_rejects_path_bearing_tenant PASSED [ 31%]
tests/modules/test_m13_path_containment.py::test_screenshot_refuses_preexisting_symlinked_tenant_dir PASSED [ 31%]
tests/modules/test_m13_path_containment.py::test_bridge_screenshot_validates_tenant_before_page_lookup PASSED [ 32%]
tests/modules/test_m13_store.py::test_approval_claim_is_single_use PASSED [ 33%]
tests/modules/test_m13_store.py::test_audit_reads_are_tenant_and_run_scoped PASSED [ 33%]
tests/modules/test_m13_pc_daemon.py::test_detect_block_classification PASSED [ 34%]
tests/modules/test_m13_pc_daemon.py::test_capability_not_granted_is_blocked PASSED [ 35%]
tests/modules/test_m13_pc_daemon.py::test_submit_click_requires_valid_token PASSED [ 35%]
tests/modules/test_m13_pc_daemon.py::test_submit_click_with_valid_token_runs PASSED [ 36%]
tests/modules/test_m13_pc_daemon.py::test_navigate_reports_platform_block PASSED [ 36%]
tests/modules/test_m13_pc_daemon.py::test_receipt_chain_matches_m21_format PASSED [ 37%]
tests/modules/test_m11_asymmetric_risk_evidence.py::test_verifies_signed_risk_snapshot PASSED [ 38%]
tests/modules/test_m11_asymmetric_risk_evidence.py::test_rejects_tamper_unknown_key_and_duplicates PASSED [ 38%]
tests/modules/test_m13_browser_agent.py::test_field_matching_is_typed_and_one_to_one PASSED [ 39%]
tests/modules/test_m13_browser_agent.py::test_exact_single_use_approval_is_bound_to_url_and_content PASSED [ 40%]
tests/modules/test_m13_browser_agent.py::test_fill_does_not_put_values_in_audit PASSED [ 40%]
tests/modules/test_m13_browser_agent.py::test_visual_loop_stages_submit_without_clicking PASSED [ 41%]
tests/modules/test_m13_session_postgres_cas.py::test_session_cas_on_postgres SKIPPED [ 41%]
tests/modules/test_m11_risk_retrieval_adapter.py::test_retrieves_through_adapter_and_verifies_bytes PASSED [ 42%]
tests/modules/test_m11_risk_retrieval_adapter.py::test_rejects_hash_mismatch_and_empty_bytes PASSED [ 43%]
tests/modules/test_m11_ics_timezones.py::test_iana_tzid_is_preserved_then_sync_normalizes_the_instant PASSED [ 43%]
tests/modules/test_m11_ics_timezones.py::test_tzid_observes_daylight_saving_offset_for_event_date PASSED [ 44%]
tests/modules/test_m11_ics_timezones.py::test_unknown_tzid_does_not_silently_claim_utc_instant PASSED [ 45%]
tests/modules/test_m11_ics_timezones.py::test_floating_time_keeps_documented_legacy_utc_interpretation PASSED [ 45%]
tests/modules/test_m13_pre_submit_capture.py::test_captures_adapter_evidence_in_one_pre_submit_readback PASSED [ 46%]
tests/modules/test_m13_pre_submit_capture.py::test_fails_closed_when_screenshot_bytes_are_missing PASSED [ 46%]
tests/modules/test_m11_live_risk_evidence.py::test_verifies_fresh_map_and_policy_snapshots_with_retrieval_provenance PASSED [ 47%]
tests/modules/test_m11_live_risk_evidence.py::test_fails_closed_on_stale_or_future_retrieval PASSED [ 48%]
tests/modules/test_m11_live_risk_evidence.py::test_rejects_tampered_normalized_record_and_snapshot_mismatch PASSED [ 48%]
tests/modules/test_m13_readback_diff.py::test_readback_detects_every_load_bearing_change PASSED [ 49%]
tests/modules/test_m13_readback_diff.py::test_unchanged_snapshot_keeps_approval_match PASSED [ 50%]
tests/modules/test_m13_session_bridge_dispatch.py::test_page_ops_roundtrip_through_transport PASSED [ 50%]
tests/modules/test_m13_session_bridge_dispatch.py::test_screenshot_writes_bytes_to_path PASSED [ 51%]
tests/modules/test_m13_session_bridge_dispatch.py::test_click_defaults_to_nav_and_armed_click_becomes_submit PASSED [ 51%]
tests/modules/test_m13_session_bridge_dispatch.py::test_offline_and_ungranted_devices_fail_closed PASSED [ 52%]
tests/modules/test_m13_session_bridge_dispatch.py::test_hybrid_sessions_route_by_prefix PASSED [ 53%]
tests/modules/test_m11_calendar_intelligence.py::test_ics_parses_events_folding_allday_and_status PASSED [ 53%]
tests/modules/test_m11_calendar_intelligence.py::test_caldav_multistatus_parse PASSED [ 54%]
tests/modules/test_m11_calendar_intelligence.py::test_caldav_client_report_round_trip PASSED [ 55%]
tests/modules/test_m11_calendar_intelligence.py::test_watch_notification_sync_and_tamper_rejection PASSED [ 55%]
tests/modules/test_m11_calendar_intelligence.py::test_sync_token_expiry_triggers_full_resync PASSED [ 56%]
tests/modules/test_m11_calendar_intelligence.py::test_caldav_source_sync PASSED [ 56%]
tests/modules/test_m11_calendar_intelligence.py::test_tenant_isolation PASSED [ 57%]
tests/modules/test_m11_calendar_intelligence.py::test_solver_places_within_working_hours_before_deadline PASSED [ 58%]
tests/modules/test_m11_calendar_intelligence.py::test_solver_avoids_fixed_events PASSED [ 58%]
tests/modules/test_m11_calendar_intelligence.py::test_solver_inserts_travel_buffer_between_locations PASSED [ 59%]
tests/modules/test_m11_calendar_intelligence.py::test_solver_schedules_prep_block_immediately_before PASSED [ 60%]
tests/modules/test_m11_calendar_intelligence.py::test_solver_prefers_high_energy_slots PASSED [ 60%]
tests/modules/test_m11_calendar_intelligence.py::test_solver_protects_focus_blocks PASSED [ 61%]
tests/modules/test_m11_calendar_intelligence.py::test_solver_splits_splittable_tasks PASSED [ 61%]
tests/modules/test_m11_calendar_intelligence.py::test_solver_raises_on_infeasible PASSED [ 62%]
tests/modules/test_m11_calendar_intelligence.py::test_plan_propose_apply_is_approval_gated PASSED [ 63%]
tests/modules/test_m11_calendar_intelligence.py::test_apply_plan_with_unknown_approval_rejected PASSED [ 63%]
tests/modules/test_m11_calendar_intelligence.py::test_conflict_generates_alternatives_and_gated_apply PASSED [ 64%]
tests/modules/test_m11_calendar_intelligence.py::test_no_conflict_returns_no_proposal PASSED [ 65%]
tests/modules/test_m11_calendar_intelligence.py::test_meeting_load_report PASSED [ 65%]
tests/modules/test_m11_calendar_intelligence.py::test_meeting_load_clips_cross_midnight_and_week_edges PASSED [ 66%]
tests/modules/test_m11_calendar_intelligence.py::test_google_watch_and_sync_must_exchange_refresh_token_before_bearer_use PASSED [ 66%]
tests/modules/test_m11_calendar_intelligence.py::test_meeting_load_buckets_follow_user_timezone PASSED [ 67%]
tests/modules/test_m11_calendar_intelligence.py::test_meeting_load_dst_elapsed_minutes_and_http_timezone_contract PASSED [ 68%]
tests/modules/test_m11_calendar_intelligence.py::test_google_refresh_failure_never_reaches_calendar_client PASSED [ 68%]
tests/modules/test_m11_calendar_intelligence.py::test_runtime_service_wires_exchange_with_mock_http PASSED [ 69%]
tests/modules/test_m11_calendar_intelligence.py::test_service_rejects_invalid_exchanged_token_before_provider[persistent-refresh] PASSED [ 70%]
tests/modules/test_m11_calendar_intelligence.py::test_service_rejects_invalid_exchanged_token_before_provider[] PASSED [ 70%]
tests/modules/test_m11_calendar_intelligence.py::test_service_rejects_invalid_exchanged_token_before_provider[ ] PASSED [ 71%]
tests/modules/test_m11_calendar_intelligence.py::test_service_rejects_invalid_exchanged_token_before_provider[None] PASSED [ 71%]
tests/modules/test_m11_calendar_intelligence.py::test_service_rejects_invalid_exchanged_token_before_provider[123] PASSED [ 72%]
tests/modules/test_m11_calendar_intelligence.py::test_http_exchange_rejects_bad_response[200-body0] PASSED [ 73%]
tests/modules/test_m11_calendar_intelligence.py::test_http_exchange_rejects_bad_response[200-body1] PASSED [ 73%]
tests/modules/test_m11_calendar_intelligence.py::test_http_exchange_rejects_bad_response[200-body2] PASSED [ 74%]
tests/modules/test_m11_calendar_intelligence.py::test_http_exchange_rejects_bad_response[200-body3] PASSED [ 75%]
tests/modules/test_m11_calendar_intelligence.py::test_http_exchange_rejects_bad_response[200-body4] PASSED [ 75%]
tests/modules/test_m11_calendar_intelligence.py::test_http_exchange_rejects_bad_response[400-body5] PASSED [ 76%]
tests/modules/test_m11_calendar_intelligence.py::test_http_exchange_rejects_bad_response[503-body6] PASSED [ 76%]
tests/modules/test_m11_calendar_intelligence.py::test_http_exchange_rejects_bad_response[400-body7] PASSED [ 77%]
tests/modules/test_m11_calendar_intelligence.py::test_http_exchange_rejects_bad_response[503-body8] PASSED [ 78%]
tests/modules/test_m11_calendar_intelligence.py::test_http_exchange_missing_config_makes_no_request[-secret] PASSED [ 78%]
tests/modules/test_m11_calendar_intelligence.py::test_http_exchange_missing_config_makes_no_request[id-] PASSED [ 79%]
tests/modules/test_m11_calendar_intelligence.py::test_http_exchange_missing_config_makes_no_request[-] PASSED [ 80%]
tests/modules/test_m11_calendar_intelligence.py::test_apply_reschedule_replay_is_refused_without_duplicating PASSED [ 80%]
tests/modules/test_m11_calendar_intelligence.py::test_apply_reschedule_mid_apply_failure_leaves_no_partial_state PASSED [ 81%]
tests/modules/test_m11_calendar_intelligence.py::test_meeting_load_non_timezone_failure_is_not_relabelled_timezone_error PASSED [ 81%]
tests/modules/test_m11_calendar_intelligence.py::test_watch_on_caldav_source_is_client_error_not_upstream_failure PASSED [ 82%]
tests/modules/test_m11_calendar_intelligence.py::test_watch_google_upstream_failure_remains_502 PASSED [ 83%]
tests/modules/test_m11_sync_validation.py::test_normalizes_provider_events_to_utc_and_canonical_fields PASSED [ 83%]
tests/modules/test_m11_sync_validation.py::test_cancelled_tombstone_without_times_is_valid PASSED [ 84%]
tests/modules/test_m11_sync_validation.py::test_rejects_unsafe_provider_batches[events0-missing uid] PASSED [ 85%]
tests/modules/test_m11_sync_validation.py::test_rejects_unsafe_provider_batches[events1-duplicate uid] PASSED [ 85%]
tests/modules/test_m11_sync_validation.py::test_rejects_unsafe_provider_batches[events2-naive start] PASSED [ 86%]
tests/modules/test_m11_sync_validation.py::test_rejects_unsafe_provider_batches[events3-end must be after] PASSED [ 86%]
tests/modules/test_m11_sync_validation.py::test_rejects_unsafe_provider_batches[events4-requires start and end] PASSED [ 87%]
tests/modules/test_m11_sync_validation.py::test_rejects_unsafe_provider_batches[events5-unsupported status] PASSED [ 88%]
tests/modules/test_m11_sync_validation.py::test_rejects_unsafe_provider_batches[events6-both times or neither] PASSED [ 88%]
tests/modules/test_m11_governed_ingest.py::test_full_chain_persists_once PASSED [ 89%]
tests/modules/test_m11_governed_ingest.py::test_fails_closed PASSED      [ 90%]
tests/modules/test_m11_governed_ingest.py::test_https_retriever_config_and_auth PASSED [ 90%]
tests/modules/test_m11_governed_ingest.py::test_route PASSED             [ 91%]
tests/modules/test_m11_conflicts.py::test_detects_all_nested_pairwise_conflicts_deterministically PASSED [ 91%]
tests/modules/test_m11_conflicts.py::test_boundary_touching_events_do_not_conflict PASSED [ 92%]
tests/modules/test_m11_conflicts.py::test_timezone_offsets_are_compared_as_instants PASSED [ 93%]
tests/modules/test_m11_conflicts.py::test_cancelled_and_free_events_are_ignored_and_tentative_is_soft PASSED [ 93%]
tests/modules/test_m11_conflicts.py::test_minimum_overlap_and_cross_source_filter PASSED [ 94%]
tests/modules/test_m11_conflicts.py::test_invalid_intervals_are_rejected[start0-end0-timezone-aware] PASSED [ 95%]
tests/modules/test_m11_conflicts.py::test_invalid_intervals_are_rejected[start1-end1-after start] PASSED [ 95%]
tests/modules/test_m11_conflicts.py::test_invalid_intervals_are_rejected[start2-end2-after start] PASSED [ 96%]
tests/modules/test_m11_conflicts.py::test_duplicate_provider_event_keys_are_rejected PASSED [ 96%]
tests/modules/test_m13_capture_bound_over_bridge.py::test_capture_bound_submit_over_bridge PASSED [ 97%]
tests/modules/test_m13_source_reconciliation_browser.py::test_actual_browser_source_reconciliation_uses_same_session_and_no_second_click PASSED [ 98%]
tests/modules/test_m13_capture_bound_submit.py::test_request_requires_matching_persisted_capture PASSED [ 98%]
tests/modules/test_m13_capture_bound_submit.py::test_execute_is_single_use_and_rechecks_live_page PASSED [ 99%]
tests/modules/test_m13_capture_bound_submit.py::test_failed_click_is_recorded_and_never_replays PASSED [100%]

=============================== warnings summary ===============================
../../atlas-ai/.venv/lib/python3.12/site-packages/starlette/testclient.py:51
  /home/sandbox/atlas-ai/.venv/lib/python3.12/site-packages/starlette/testclient.py:51: DeprecationWarning: The anyio.abc.BlockingPortal alias is deprecated, use anyio.from_thread.BlockingPortal instead.
    _PortalFactoryType = Callable[[], AbstractContextManager[anyio.abc.BlockingPortal]]

-- Docs: https://docs.pytest.org/en/stable/how-to/capture-warnings.html
================== 159 passed, 1 skipped, 1 warning in 34.58s ==================
