........................................................................ [  7%]
........................................................................ [ 15%]
........................................................................ [ 23%]
........................................................................ [ 30%]
........................................................................ [ 38%]
........................................................................ [ 46%]
........................................................................ [ 53%]
........................................................................ [ 61%]
........................................................................ [ 69%]
........................................................................ [ 76%]
........................................................................ [ 84%]
........................................................................ [ 92%]
........................................................................ [ 99%]
...                                                                      [100%]
=============================== warnings summary ===============================
../../../home/sandbox/atlas-ai/.venv/lib/python3.12/site-packages/starlette/testclient.py:51
  /home/sandbox/atlas-ai/.venv/lib/python3.12/site-packages/starlette/testclient.py:51: DeprecationWarning: The anyio.abc.BlockingPortal alias is deprecated, use anyio.from_thread.BlockingPortal instead.
    _PortalFactoryType = Callable[[], AbstractContextManager[anyio.abc.BlockingPortal]]

-- Docs: https://docs.pytest.org/en/stable/how-to/capture-warnings.html
939 passed, 1 warning in 12.05s
