........................................................................ [  6%]
........................................................................ [ 13%]
........................................................................ [ 19%]
........................................................................ [ 26%]
........................................................................ [ 33%]
........................................................................ [ 39%]
........................................................................ [ 46%]
........................................................................ [ 53%]
........................................................................ [ 59%]
........................................................................ [ 66%]
........................................................................ [ 72%]
........................................................................ [ 79%]
........................................................................ [ 86%]
........................................................................ [ 92%]
........................................................................ [ 99%]
......                                                                   [100%]
=============================== warnings summary ===============================
.venv/lib/python3.12/site-packages/starlette/testclient.py:51
  /home/sandbox/atlas-ai/.venv/lib/python3.12/site-packages/starlette/testclient.py:51: DeprecationWarning: The anyio.abc.BlockingPortal alias is deprecated, use anyio.from_thread.BlockingPortal instead.
    _PortalFactoryType = Callable[[], AbstractContextManager[anyio.abc.BlockingPortal]]

-- Docs: https://docs.pytest.org/en/stable/how-to/capture-warnings.html
1086 passed, 1 warning in 23.39s
