........................................................................ [  7%]
........................................................................ [ 14%]
........................................................................ [ 22%]
........................................................................ [ 29%]
........................................................................ [ 37%]
........................................................................ [ 44%]
........................................................................ [ 52%]
........................................................................ [ 59%]
........................................................................ [ 67%]
........................................................................ [ 74%]
........................................................................ [ 82%]
........................................................................ [ 89%]
........................................................................ [ 97%]
.........................                                                [100%]
=============================== warnings summary ===============================
.venv/lib/python3.12/site-packages/starlette/testclient.py:51
  /home/sandbox/atlas-ai/.venv/lib/python3.12/site-packages/starlette/testclient.py:51: DeprecationWarning: The anyio.abc.BlockingPortal alias is deprecated, use anyio.from_thread.BlockingPortal instead.
    _PortalFactoryType = Callable[[], AbstractContextManager[anyio.abc.BlockingPortal]]

-- Docs: https://docs.pytest.org/en/stable/how-to/capture-warnings.html
961 passed, 1 warning in 18.39s
