============================= test session starts ==============================
platform linux -- Python 3.12.14, pytest-9.1.1, pluggy-1.6.0 -- /tmp/claire-venv/bin/python
cachedir: .pytest_cache
rootdir: /tmp/atlas-ai
configfile: pyproject.toml
plugins: asyncio-1.4.0, platformdirs-4.12.4, anyio-4.15.1
asyncio: mode=Mode.STRICT, debug=False, asyncio_default_fixture_loop_scope=None, asyncio_default_test_loop_scope=function
collecting ... collected 2 items

tests/modules/test_m21_runtime_pg_restart.py::test_pg_immediate_stop_restart_effect_state_and_resume[after] ACTUAL_PG_VERSION: PostgreSQL 16.2 on x86_64-pc-linux-gnu, compiled by gcc (GCC) 10.2.1 20210130 (Red Hat 10.2.1-11), 64-bit
PG_IMMEDIATE_STOP: waiting for server to shut down.... done
server stopped
PG_RESTART_PID_CHANGED: 5700 5722
WAL_RECOVERY_MARKERS: database system was interrupted; redo
PASSED
tests/modules/test_m21_runtime_pg_restart.py::test_pg_immediate_stop_restart_effect_state_and_resume[journal-committed] ACTUAL_PG_VERSION: PostgreSQL 16.2 on x86_64-pc-linux-gnu, compiled by gcc (GCC) 10.2.1 20210130 (Red Hat 10.2.1-11), 64-bit
PG_IMMEDIATE_STOP: waiting for server to shut down.... done
server stopped
PG_RESTART_PID_CHANGED: 5754 5776
WAL_RECOVERY_MARKERS: database system was interrupted; redo
PASSED

=============================== warnings summary ===============================
../claire-venv/lib/python3.12/site-packages/platformdirs/api.py:459
  /tmp/claire-venv/lib/python3.12/site-packages/platformdirs/api.py:459: RuntimeDirWarning: XDG_RUNTIME_DIR is not set, falling back to /tmp/runtime-1001
    return Path(self.user_runtime_dir)

-- Docs: https://docs.pytest.org/en/stable/how-to/capture-warnings.html
----------------- generated xml file: /tmp/claire-restart.xml ------------------
======================== 2 passed, 1 warning in 33.84s =========================
