FF                                                                       [100%]
=================================== FAILURES ===================================
_________ test_stored_payload_only_tamper_refuses_atomic_apply[sqlite] _________

env = (<app.modules.m24_billing.inbox.InboxRepository object at 0x7fcb50263fb0>, sessionmaker(class_='Session', bind=Engine(...b), autoflush=True, expire_on_commit=False), <app.modules.m24_billing.inbox.WebhookAdmission object at 0x7fcb5041abd0>)
monkeypatch = <_pytest.monkeypatch.MonkeyPatch object at 0x7fcb5041b650>

    def test_stored_payload_only_tamper_refuses_atomic_apply(env,monkeypatch):
        ident=admit(env,monkeypatch)
        with env[1].begin() as db:
            row=db.get(InboxRow,ident);payload=copy.deepcopy(row.payload);payload['data']['object']['status']='canceled';row.payload=payload
>       with pytest.raises(InboxRefused,match='payload digest'):env[0].apply(ident)
             ^^^^^^^^^^^^^^^^^^^^^^^^^^^^^^^^^^^^^^^^^^^^^^^^^^
E       Failed: DID NOT RAISE <class 'app.modules.m24_billing.inbox.InboxRefused'>

tests/modules/test_m24_verified_inbox.py:307: Failed
________ test_stored_payload_only_tamper_refuses_atomic_apply[postgres] ________

env = (<app.modules.m24_billing.inbox.InboxRepository object at 0x7fcb506ef500>, sessionmaker(class_='Session', bind=Engine(...g), autoflush=True, expire_on_commit=False), <app.modules.m24_billing.inbox.WebhookAdmission object at 0x7fcb4eb527b0>)
monkeypatch = <_pytest.monkeypatch.MonkeyPatch object at 0x7fcb50263b60>

    def test_stored_payload_only_tamper_refuses_atomic_apply(env,monkeypatch):
        ident=admit(env,monkeypatch)
        with env[1].begin() as db:
            row=db.get(InboxRow,ident);payload=copy.deepcopy(row.payload);payload['data']['object']['status']='canceled';row.payload=payload
>       with pytest.raises(InboxRefused,match='payload digest'):env[0].apply(ident)
             ^^^^^^^^^^^^^^^^^^^^^^^^^^^^^^^^^^^^^^^^^^^^^^^^^^
E       Failed: DID NOT RAISE <class 'app.modules.m24_billing.inbox.InboxRefused'>

tests/modules/test_m24_verified_inbox.py:307: Failed
=============================== warnings summary ===============================
tests/modules/test_m24_verified_inbox.py::test_stored_payload_only_tamper_refuses_atomic_apply[postgres]
  /tmp/atlas-memo3-venv/lib/python3.12/site-packages/platformdirs/api.py:459: RuntimeDirWarning: XDG_RUNTIME_DIR is not set, falling back to /tmp/runtime-1001
    return Path(self.user_runtime_dir)

-- Docs: https://docs.pytest.org/en/stable/how-to/capture-warnings.html
=========================== short test summary info ============================
FAILED tests/modules/test_m24_verified_inbox.py::test_stored_payload_only_tamper_refuses_atomic_apply[sqlite]
FAILED tests/modules/test_m24_verified_inbox.py::test_stored_payload_only_tamper_refuses_atomic_apply[postgres]
2 failed, 76 deselected, 1 warning in 1.57s
