FF                                                                       [100%]
=================================== FAILURES ===================================
_________ test_future_created_bound_alone_refuses_signed_event[sqlite] _________

env = (<app.modules.m24_billing.inbox.InboxRepository object at 0x7f930680a630>, sessionmaker(class_='Session', bind=Engine(...b), autoflush=True, expire_on_commit=False), <app.modules.m24_billing.inbox.WebhookAdmission object at 0x7f930680a4b0>)
monkeypatch = <_pytest.monkeypatch.MonkeyPatch object at 0x7f930680a300>

    def test_future_created_bound_alone_refuses_signed_event(env,monkeypatch):
        data=event(created=int(time.time())+3600)
>       with pytest.raises(InboxRefused,match='created time'):admit(env,monkeypatch,data)
             ^^^^^^^^^^^^^^^^^^^^^^^^^^^^^^^^^^^^^^^^^^^^^^^^
E       Failed: DID NOT RAISE <class 'app.modules.m24_billing.inbox.InboxRefused'>

tests/modules/test_m24_verified_inbox.py:327: Failed
________ test_future_created_bound_alone_refuses_signed_event[postgres] ________

env = (<app.modules.m24_billing.inbox.InboxRepository object at 0x7f9306991af0>, sessionmaker(class_='Session', bind=Engine(...g), autoflush=True, expire_on_commit=False), <app.modules.m24_billing.inbox.WebhookAdmission object at 0x7f930577e1b0>)
monkeypatch = <_pytest.monkeypatch.MonkeyPatch object at 0x7f930664bf50>

    def test_future_created_bound_alone_refuses_signed_event(env,monkeypatch):
        data=event(created=int(time.time())+3600)
>       with pytest.raises(InboxRefused,match='created time'):admit(env,monkeypatch,data)
             ^^^^^^^^^^^^^^^^^^^^^^^^^^^^^^^^^^^^^^^^^^^^^^^^
E       Failed: DID NOT RAISE <class 'app.modules.m24_billing.inbox.InboxRefused'>

tests/modules/test_m24_verified_inbox.py:327: Failed
=============================== warnings summary ===============================
tests/modules/test_m24_verified_inbox.py::test_future_created_bound_alone_refuses_signed_event[postgres]
  /tmp/atlas-memo3-venv/lib/python3.12/site-packages/platformdirs/api.py:459: RuntimeDirWarning: XDG_RUNTIME_DIR is not set, falling back to /tmp/runtime-1001
    return Path(self.user_runtime_dir)

-- Docs: https://docs.pytest.org/en/stable/how-to/capture-warnings.html
=========================== short test summary info ============================
FAILED tests/modules/test_m24_verified_inbox.py::test_future_created_bound_alone_refuses_signed_event[sqlite]
FAILED tests/modules/test_m24_verified_inbox.py::test_future_created_bound_alone_refuses_signed_event[postgres]
2 failed, 94 deselected, 1 warning in 1.21s
