F.F.                                                                     [100%]
=================================== FAILURES ===================================
_ test_checkout_operation_state_or_receipt_id_alone_refuses[sqlite-state-outcome_unknown] _

env = (<app.modules.m24_billing.inbox.InboxRepository object at 0x7f51d7fb1520>, sessionmaker(class_='Session', bind=Engine(...b), autoflush=True, expire_on_commit=False), <app.modules.m24_billing.inbox.WebhookAdmission object at 0x7f51d6dda120>)
monkeypatch = <_pytest.monkeypatch.MonkeyPatch object at 0x7f51d6e1a240>
field = 'state', value = 'outcome_unknown'

    @pytest.mark.parametrize('field,value',[('state','outcome_unknown'),('result',{'id':'cs_test_other','amount_total':2900})])
    def test_checkout_operation_state_or_receipt_id_alone_refuses(env,monkeypatch,field,value):
        data=checkout_event(env,monkeypatch);ident=admit(env,monkeypatch,data)
        with env[1].begin() as db:setattr(db.get(wa.OperationRow,data['data']['object']['metadata']['atlas_operation_id']),field,value)
>       with pytest.raises(InboxRefused,match='durable operation differs'):env[0].apply(ident)
             ^^^^^^^^^^^^^^^^^^^^^^^^^^^^^^^^^^^^^^^^^^^^^^^^^^^^^^^^^^^^^
E       Failed: DID NOT RAISE <class 'app.modules.m24_billing.inbox.InboxRefused'>

tests/modules/test_m24_verified_inbox.py:346: Failed
_ test_checkout_operation_state_or_receipt_id_alone_refuses[postgres-state-outcome_unknown] _

env = (<app.modules.m24_billing.inbox.InboxRepository object at 0x7f51d6aea270>, sessionmaker(class_='Session', bind=Engine(...g), autoflush=True, expire_on_commit=False), <app.modules.m24_billing.inbox.WebhookAdmission object at 0x7f51d5b271a0>)
monkeypatch = <_pytest.monkeypatch.MonkeyPatch object at 0x7f51d6b2e5d0>
field = 'state', value = 'outcome_unknown'

    @pytest.mark.parametrize('field,value',[('state','outcome_unknown'),('result',{'id':'cs_test_other','amount_total':2900})])
    def test_checkout_operation_state_or_receipt_id_alone_refuses(env,monkeypatch,field,value):
        data=checkout_event(env,monkeypatch);ident=admit(env,monkeypatch,data)
        with env[1].begin() as db:setattr(db.get(wa.OperationRow,data['data']['object']['metadata']['atlas_operation_id']),field,value)
>       with pytest.raises(InboxRefused,match='durable operation differs'):env[0].apply(ident)
             ^^^^^^^^^^^^^^^^^^^^^^^^^^^^^^^^^^^^^^^^^^^^^^^^^^^^^^^^^^^^^
E       Failed: DID NOT RAISE <class 'app.modules.m24_billing.inbox.InboxRefused'>

tests/modules/test_m24_verified_inbox.py:346: Failed
=============================== warnings summary ===============================
tests/modules/test_m24_verified_inbox.py::test_checkout_operation_state_or_receipt_id_alone_refuses[postgres-state-outcome_unknown]
  /tmp/atlas-memo3-venv/lib/python3.12/site-packages/platformdirs/api.py:459: RuntimeDirWarning: XDG_RUNTIME_DIR is not set, falling back to /tmp/runtime-1001
    return Path(self.user_runtime_dir)

-- Docs: https://docs.pytest.org/en/stable/how-to/capture-warnings.html
=========================== short test summary info ============================
FAILED tests/modules/test_m24_verified_inbox.py::test_checkout_operation_state_or_receipt_id_alone_refuses[sqlite-state-outcome_unknown]
FAILED tests/modules/test_m24_verified_inbox.py::test_checkout_operation_state_or_receipt_id_alone_refuses[postgres-state-outcome_unknown]
2 failed, 2 passed, 92 deselected, 1 warning in 2.93s
