FF                                                                       [100%]
=================================== FAILURES ===================================
______ test_older_and_equal_timestamp_conflicts_do_not_overwrite[sqlite] _______

env = (<app.modules.m24_billing.inbox.InboxRepository object at 0x7f6874ebcf80>, sessionmaker(class_='Session', bind=Engine(...b), autoflush=True, expire_on_commit=False), <app.modules.m24_billing.inbox.WebhookAdmission object at 0x7f6874df2870>)
monkeypatch = <_pytest.monkeypatch.MonkeyPatch object at 0x7f6874d133b0>

    def test_older_and_equal_timestamp_conflicts_do_not_overwrite(env,monkeypatch):
        newer=admit(env,monkeypatch,event('evt_new',200,'canceled'));env[0].apply(newer)
        old=admit(env,monkeypatch,event('evt_old',100,'active'));assert env[0].apply(old)['state']=='ignored_stale'
>       tie=admit(env,monkeypatch,event('evt_tie',200,'active'));assert env[0].apply(tie)['state']=='held'
                                                                 ^^^^^^^^^^^^^^^^^^^^^^^^^^^^^^^^^^^^^^^^^
E       AssertionError: assert 'applied' == 'held'
E         
E         - held
E         + applied

tests/modules/test_m24_verified_inbox.py:83: AssertionError
_____ test_older_and_equal_timestamp_conflicts_do_not_overwrite[postgres] ______

env = (<app.modules.m24_billing.inbox.InboxRepository object at 0x7f6873fc24e0>, sessionmaker(class_='Session', bind=Engine(...g), autoflush=True, expire_on_commit=False), <app.modules.m24_billing.inbox.WebhookAdmission object at 0x7f6874a15e80>)
monkeypatch = <_pytest.monkeypatch.MonkeyPatch object at 0x7f6874b6a420>

    def test_older_and_equal_timestamp_conflicts_do_not_overwrite(env,monkeypatch):
        newer=admit(env,monkeypatch,event('evt_new',200,'canceled'));env[0].apply(newer)
        old=admit(env,monkeypatch,event('evt_old',100,'active'));assert env[0].apply(old)['state']=='ignored_stale'
>       tie=admit(env,monkeypatch,event('evt_tie',200,'active'));assert env[0].apply(tie)['state']=='held'
                                                                 ^^^^^^^^^^^^^^^^^^^^^^^^^^^^^^^^^^^^^^^^^
E       AssertionError: assert 'applied' == 'held'
E         
E         - held
E         + applied

tests/modules/test_m24_verified_inbox.py:83: AssertionError
=============================== warnings summary ===============================
tests/modules/test_m24_verified_inbox.py::test_older_and_equal_timestamp_conflicts_do_not_overwrite[postgres]
  /tmp/atlas-memo3-venv/lib/python3.12/site-packages/platformdirs/api.py:459: RuntimeDirWarning: XDG_RUNTIME_DIR is not set, falling back to /tmp/runtime-1001
    return Path(self.user_runtime_dir)

-- Docs: https://docs.pytest.org/en/stable/how-to/capture-warnings.html
=========================== short test summary info ============================
FAILED tests/modules/test_m24_verified_inbox.py::test_older_and_equal_timestamp_conflicts_do_not_overwrite[sqlite]
FAILED tests/modules/test_m24_verified_inbox.py::test_older_and_equal_timestamp_conflicts_do_not_overwrite[postgres]
2 failed, 76 deselected, 1 warning in 1.24s
