FF                                                                       [100%]
=================================== FAILURES ===================================
_ test_signed_envelope_binding_refuses_before_admission[sqlite-account-acct_foreign] _

env = (<app.modules.m24_billing.inbox.InboxRepository object at 0x7ff8ba315820>, sessionmaker(class_='Session', bind=Engine(...b), autoflush=True, expire_on_commit=False), <app.modules.m24_billing.inbox.WebhookAdmission object at 0x7ff8ba3158e0>)
monkeypatch = <_pytest.monkeypatch.MonkeyPatch object at 0x7ff8ba00f590>
field = 'account', value = 'acct_foreign'

    @pytest.mark.parametrize('field,value',[('livemode',True),('api_version','foreign'),('account','acct_foreign'),('object','subscription')])
    def test_signed_envelope_binding_refuses_before_admission(env,monkeypatch,field,value):
        data=event();data[field]=value
>       with pytest.raises(InboxRefused):admit(env,monkeypatch,data)
             ^^^^^^^^^^^^^^^^^^^^^^^^^^^
E       Failed: DID NOT RAISE <class 'app.modules.m24_billing.inbox.InboxRefused'>

tests/modules/test_m24_verified_inbox.py:90: Failed
_ test_signed_envelope_binding_refuses_before_admission[postgres-account-acct_foreign] _

env = (<app.modules.m24_billing.inbox.InboxRepository object at 0x7ff8ba314320>, sessionmaker(class_='Session', bind=Engine(...g), autoflush=True, expire_on_commit=False), <app.modules.m24_billing.inbox.WebhookAdmission object at 0x7ff8b8fd5d00>)
monkeypatch = <_pytest.monkeypatch.MonkeyPatch object at 0x7ff8b9e5a300>
field = 'account', value = 'acct_foreign'

    @pytest.mark.parametrize('field,value',[('livemode',True),('api_version','foreign'),('account','acct_foreign'),('object','subscription')])
    def test_signed_envelope_binding_refuses_before_admission(env,monkeypatch,field,value):
        data=event();data[field]=value
>       with pytest.raises(InboxRefused):admit(env,monkeypatch,data)
             ^^^^^^^^^^^^^^^^^^^^^^^^^^^
E       Failed: DID NOT RAISE <class 'app.modules.m24_billing.inbox.InboxRefused'>

tests/modules/test_m24_verified_inbox.py:90: Failed
=============================== warnings summary ===============================
tests/modules/test_m24_verified_inbox.py::test_signed_envelope_binding_refuses_before_admission[postgres-account-acct_foreign]
  /tmp/atlas-memo3-venv/lib/python3.12/site-packages/platformdirs/api.py:459: RuntimeDirWarning: XDG_RUNTIME_DIR is not set, falling back to /tmp/runtime-1001
    return Path(self.user_runtime_dir)

-- Docs: https://docs.pytest.org/en/stable/how-to/capture-warnings.html
=========================== short test summary info ============================
FAILED tests/modules/test_m24_verified_inbox.py::test_signed_envelope_binding_refuses_before_admission[sqlite-account-acct_foreign]
FAILED tests/modules/test_m24_verified_inbox.py::test_signed_envelope_binding_refuses_before_admission[postgres-account-acct_foreign]
2 failed, 76 deselected, 1 warning in 1.19s
