
==================================== ERRORS ====================================
______ ERROR collecting tests/test_technical_architecture_real_backend.py ______
ImportError while importing test module '/home/sandbox/atlas-ai/tests/test_technical_architecture_real_backend.py'.
Hint: make sure your test modules/packages have valid Python names.
Traceback:
../.local/share/uv/python/cpython-3.12.14-linux-x86_64-gnu/lib/python3.12/importlib/__init__.py:90: in import_module
    return _bootstrap._gcd_import(name[level:], package, level)
           ^^^^^^^^^^^^^^^^^^^^^^^^^^^^^^^^^^^^^^^^^^^^^^^^^^^^
tests/test_technical_architecture_real_backend.py:4: in <module>
    import chromadb
E   ModuleNotFoundError: No module named 'chromadb'
_ ERROR collecting tests/test_technical_architecture_real_documents_security.py _
ImportError while importing test module '/home/sandbox/atlas-ai/tests/test_technical_architecture_real_documents_security.py'.
Hint: make sure your test modules/packages have valid Python names.
Traceback:
../.local/share/uv/python/cpython-3.12.14-linux-x86_64-gnu/lib/python3.12/importlib/__init__.py:90: in import_module
    return _bootstrap._gcd_import(name[level:], package, level)
           ^^^^^^^^^^^^^^^^^^^^^^^^^^^^^^^^^^^^^^^^^^^^^^^^^^^^
tests/test_technical_architecture_real_documents_security.py:3: in <module>
    import fitz
E   ModuleNotFoundError: No module named 'fitz'
=============================== warnings summary ===============================
.venv/lib/python3.12/site-packages/starlette/testclient.py:51
  /home/sandbox/atlas-ai/.venv/lib/python3.12/site-packages/starlette/testclient.py:51: DeprecationWarning: The anyio.abc.BlockingPortal alias is deprecated, use anyio.from_thread.BlockingPortal instead.
    _PortalFactoryType = Callable[[], AbstractContextManager[anyio.abc.BlockingPortal]]

-- Docs: https://docs.pytest.org/en/stable/how-to/capture-warnings.html
=========================== short test summary info ============================
ERROR tests/test_technical_architecture_real_backend.py
ERROR tests/test_technical_architecture_real_documents_security.py
!!!!!!!!!!!!!!!!!!! Interrupted: 2 errors during collection !!!!!!!!!!!!!!!!!!!!
1 warning, 2 errors in 5.94s
