........................................................................ [  5%]
........................................................................ [ 11%]
........................................................................ [ 16%]
........................................................................ [ 22%]
........................................................................ [ 28%]
........................................................................ [ 33%]
........................................................................ [ 39%]
........................................................................ [ 45%]
........................................................................ [ 50%]
........................................................................ [ 56%]
........................................................................ [ 62%]
........................................................................ [ 67%]
........................................................................ [ 73%]
........................................................................ [ 79%]
........................................................................ [ 84%]
........................................................................ [ 90%]
........................................................................ [ 96%]
...........................ss......................                      [100%]
=============================== warnings summary ===============================
.venv/lib/python3.12/site-packages/starlette/testclient.py:51
  /home/sandbox/atlas-ai/.venv/lib/python3.12/site-packages/starlette/testclient.py:51: DeprecationWarning: The anyio.abc.BlockingPortal alias is deprecated, use anyio.from_thread.BlockingPortal instead.
    _PortalFactoryType = Callable[[], AbstractContextManager[anyio.abc.BlockingPortal]]

tests/migrations/test_clean_database_upgrade.py::test_clean_database_upgrades_to_head_with_product_and_cognitive_tables
  /home/sandbox/atlas-ai/.venv/lib/python3.12/site-packages/alembic/config.py:604: DeprecationWarning: No path_separator found in configuration; falling back to legacy splitting on spaces, commas, and colons for prepend_sys_path.  Consider adding path_separator=os to Alembic config.
    util.warn_deprecated(

-- Docs: https://docs.pytest.org/en/stable/how-to/capture-warnings.html
1273 passed, 2 skipped, 2 warnings in 38.38s
