============================= test session starts ==============================
platform linux -- Python 3.12.14, pytest-9.1.1, pluggy-1.6.0 -- /tmp/claire-venv/bin/python
cachedir: .pytest_cache
rootdir: /tmp/atlas-ai
configfile: pyproject.toml
plugins: asyncio-1.4.0, platformdirs-4.12.4, anyio-4.15.1
asyncio: mode=Mode.STRICT, debug=False, asyncio_default_fixture_loop_scope=None, asyncio_default_test_loop_scope=function
collecting ... collected 3 items

tests/modules/test_m21_runtime_postgres_seam.py::test_real_pg_migration_current_claire_columns_and_unique_effect_key ACTUAL_PG_VERSION: PostgreSQL 16.2 on x86_64-pc-linux-gnu, compiled by gcc (GCC) 10.2.1 20210130 (Red Hat 10.2.1-11), 64-bit
MIGRATION_TARGET: 20261008_m21_runtime_revoke; create_all=False
PASSED
tests/modules/test_m21_runtime_postgres_seam.py::test_real_pg_concurrent_claim_and_expired_token_fenced_after_reopen PASSED
tests/modules/test_m21_runtime_postgres_seam.py::test_real_pg_worker_real_tool_receipt_survives_separate_store PASSED

=============================== warnings summary ===============================
../claire-venv/lib/python3.12/site-packages/platformdirs/api.py:459
  /tmp/claire-venv/lib/python3.12/site-packages/platformdirs/api.py:459: RuntimeDirWarning: XDG_RUNTIME_DIR is not set, falling back to /tmp/runtime-1001
    return Path(self.user_runtime_dir)

-- Docs: https://docs.pytest.org/en/stable/how-to/capture-warnings.html
-------------------- generated xml file: /tmp/claire-pg.xml --------------------
========================= 3 passed, 1 warning in 8.33s =========================
