........................................................................ [  6%]
........................................................................ [ 13%]
........................................................................ [ 20%]
........................................................................ [ 27%]
........................................................................ [ 33%]
........................................................................ [ 40%]
........................................................................ [ 47%]
........................................................................ [ 54%]
........................................................................ [ 61%]
........................................................................ [ 67%]
........................................................................ [ 74%]
........................................................................ [ 81%]
........................................................................ [ 88%]
........................................................................ [ 95%]
.....................................................                    [100%]
=============================== warnings summary ===============================
.venv/lib/python3.12/site-packages/starlette/testclient.py:51
  /home/sandbox/atlas-ai/.venv/lib/python3.12/site-packages/starlette/testclient.py:51: DeprecationWarning: The anyio.abc.BlockingPortal alias is deprecated, use anyio.from_thread.BlockingPortal instead.
    _PortalFactoryType = Callable[[], AbstractContextManager[anyio.abc.BlockingPortal]]

-- Docs: https://docs.pytest.org/en/stable/how-to/capture-warnings.html
1061 passed, 1 warning in 21.24s
