F                                                                        [100%]
=================================== FAILURES ===================================
___ test_step_accepted_timeout_stays_unknown_no_repeat[sqlite-draft-invoice] ___

env = (<app.modules.m24_billing.invoice_dispatcher.InvoiceRepository object at 0x7fe0243dbe30>, sessionmaker(class_='Session...reated_at': datetime.datetime(2026, 10, 9, 12, 49, 48, 970793, tzinfo=datetime.timezone.utc), 'decided_at': None, ...})
monkeypatch = <_pytest.monkeypatch.MonkeyPatch object at 0x7fe024106300>
role = 'draft-invoice'

    @pytest.mark.parametrize('role',['draft-invoice','invoice-item'])
    def test_step_accepted_timeout_stays_unknown_no_repeat(env,monkeypatch,role):
        op=prepare(env);ready(env,monkeypatch);mock=MockStripe(fail=role)
>       result=dispatch(env,op,mock);assert result['state']=='outcome_unknown' and result['step']==role and result['step_state']=='outcome_unknown'
                                     ^^^^^^^^^^^^^^^^^^^^^^^^^^^^^^^^^^^^^^^^^^^^^^^^^^^^^^^^^^^^^^^^^^^^^^^^^^^^^^^^^^^^^^^^^^^^^^^^^^^^^^^^^^^^^^
E       AssertionError: assert ('outcome_unknown' == 'outcome_unknown'
E         
E           outcome_unknown and 'draft-invoice' == 'draft-invoice'
E         
E           draft-invoice and 'failed_before_dispatch' == 'outcome_unknown'
E         
E         - outcome_unknown
E         + failed_before_dispatch)

tests/modules/test_m24_invoice_dispatcher.py:126: AssertionError
=========================== short test summary info ============================
FAILED tests/modules/test_m24_invoice_dispatcher.py::test_step_accepted_timeout_stays_unknown_no_repeat[sqlite-draft-invoice]
1 failed in 0.38s
