FF                                                                       [100%]
=================================== FAILURES ===================================
_______ test_sql_cutover_update_barrier_alone_refuses_locked_row[sqlite] _______

env = (<app.modules.m24_billing.invoice_dispatcher.InvoiceRepository object at 0x7f57dfce3e30>, sessionmaker(class_='Session...created_at': datetime.datetime(2026, 10, 9, 13, 7, 13, 121697, tzinfo=datetime.timezone.utc), 'decided_at': None, ...})
monkeypatch = <_pytest.monkeypatch.MonkeyPatch object at 0x7f57dfa0e930>

    def test_sql_cutover_update_barrier_alone_refuses_locked_row(env,monkeypatch):
        """Isolate SQL barrier: bypass in-process readiness, never call entry/final guards."""
        op=prepare(env)
        monkeypatch.setattr(wa,'require_dispatch_ready',lambda:None)
        with env[1].begin() as db:
            db.add(wa.CutoverRow(id=1,protocol_epoch=0,state='locked',verification_digest=None,verified_at=None))
>       with pytest.raises(wa.DispatchRefused,match='cutover locked'):
             ^^^^^^^^^^^^^^^^^^^^^^^^^^^^^^^^^^^^^^^^^^^^^^^^^^^^^^^^
E       Failed: DID NOT RAISE <class 'app.modules.m24_billing.write_ahead.DispatchRefused'>

tests/modules/test_m24_invoice_dispatcher.py:396: Failed
______ test_sql_cutover_update_barrier_alone_refuses_locked_row[postgres] ______

env = (<app.modules.m24_billing.invoice_dispatcher.InvoiceRepository object at 0x7f57de7da300>, sessionmaker(class_='Session...'created_at': datetime.datetime(2026, 10, 9, 13, 7, 14, 36674, tzinfo=datetime.timezone.utc), 'decided_at': None, ...})
monkeypatch = <_pytest.monkeypatch.MonkeyPatch object at 0x7f57dfa1d6a0>

    def test_sql_cutover_update_barrier_alone_refuses_locked_row(env,monkeypatch):
        """Isolate SQL barrier: bypass in-process readiness, never call entry/final guards."""
        op=prepare(env)
        monkeypatch.setattr(wa,'require_dispatch_ready',lambda:None)
        with env[1].begin() as db:
            db.add(wa.CutoverRow(id=1,protocol_epoch=0,state='locked',verification_digest=None,verified_at=None))
>       with pytest.raises(wa.DispatchRefused,match='cutover locked'):
             ^^^^^^^^^^^^^^^^^^^^^^^^^^^^^^^^^^^^^^^^^^^^^^^^^^^^^^^^
E       Failed: DID NOT RAISE <class 'app.modules.m24_billing.write_ahead.DispatchRefused'>

tests/modules/test_m24_invoice_dispatcher.py:396: Failed
=============================== warnings summary ===============================
tests/modules/test_m24_invoice_dispatcher.py::test_sql_cutover_update_barrier_alone_refuses_locked_row[postgres]
  /tmp/atlas-memo3-venv/lib/python3.12/site-packages/platformdirs/api.py:459: RuntimeDirWarning: XDG_RUNTIME_DIR is not set, falling back to /tmp/runtime-1001
    return Path(self.user_runtime_dir)

-- Docs: https://docs.pytest.org/en/stable/how-to/capture-warnings.html
=========================== short test summary info ============================
FAILED tests/modules/test_m24_invoice_dispatcher.py::test_sql_cutover_update_barrier_alone_refuses_locked_row[sqlite]
FAILED tests/modules/test_m24_invoice_dispatcher.py::test_sql_cutover_update_barrier_alone_refuses_locked_row[postgres]
2 failed, 76 deselected, 1 warning in 1.31s
