FFFF                                                                     [100%]
=================================== FAILURES ===================================
_ test_invoice_parent_terminal_alone_blocks_valid_positive_evidence[sqlite-closed_unknown] _

env = (<app.modules.m00_approval_center.service.Service object at 0x7fe960be2cf0>, sessionmaker(class_='Session', bind=Engin...tch_not_after': None, ...}, <app.modules.m24_billing.reconciliation.ReconciliationRepository object at 0x7fe960af7e00>)
monkeypatch = <_pytest.monkeypatch.MonkeyPatch object at 0x7fe960be2ae0>
terminal = 'closed_unknown'

    @pytest.mark.parametrize('terminal',['closed_unknown','cancelled_before_dispatch'])
    def test_invoice_parent_terminal_alone_blocks_valid_positive_evidence(env,monkeypatch,terminal):
        from app.modules.m24_billing.invoice_dispatcher import InvoiceRepository,InvoiceStepRow
        from app.modules.m24_billing.repository import TenantBillingRow
        svc,sessions,_,_,rr=env
        with sessions.begin() as db:db.add(TenantBillingRow(tenant_id='t1',customer_id='cus_fixture'))
        a=svc.submit(module_id=24,action_type='issue_invoice',user_id='t1',payload={
            'tenant_id':'t1','provider':'stripe','effect':'create_draft_invoice','customer_id':'cus_fixture',
            'description':'draft','amount_cents':100,'currency':'usd'})
        svc.decide(a['id'],ApprovalStatus.APPROVED,'original-owner')
        repo=InvoiceRepository(svc);op=repo.prepare(a['id'],'t1',provider_account='test-account',environment='test',api_version=API_VERSION,actor='worker')
        monkeypatch.setattr(wa,'require_dispatch_ready',lambda:None)
        with sessions.begin() as db:db.add(wa.CutoverRow(id=1,protocol_epoch=2,state='verified-active',verification_digest='fixture-only',verified_at=datetime.now(timezone.utc)))
        fence=repo.claim_step(op['id'],'t1','draft-invoice');repo.step_outcome(op['id'],'t1','draft-invoice',fence,state='outcome_unknown')
        body={'id':'in_fixture','object':'invoice','customer':'cus_fixture','currency':'usd','status':'draft','auto_advance':False,'total':0,'livemode':False,
            'metadata':{'atlas_operation_id':op['id'],'atlas_operation_step':'draft-invoice','atlas_approval_id':a['id']}}
        calls=[]
        def handler(request):calls.append(request.method);return httpx.Response(200,json=body)
        adapter=PositiveLookupAdapter('sk_test_fixture','test-account',httpx.MockTransport(handler))
        evidence=asyncio.run(rr.lookup_positive(op['id'],'t1','draft-invoice','in_fixture',adapter))
        if terminal=='closed_unknown':assert rr.cancel_unsent_or_close_unknown(op['id'],principal())['state']==terminal
        else:
            # Predicate-isolation fixture: retain uncertain step and valid evidence,
            # change only the parent terminal state. Not a legal-transition claim.
            with sessions.begin() as db:db.get(wa.OperationRow,op['id']).state=terminal
>       with pytest.raises(wa.DispatchRefused,match='invoice evidence target not uncertain'):
             ^^^^^^^^^^^^^^^^^^^^^^^^^^^^^^^^^^^^^^^^^^^^^^^^^^^^^^^^^^^^^^^^^^^^^^^^^^^^^^^
E       Failed: DID NOT RAISE <class 'app.modules.m24_billing.write_ahead.DispatchRefused'>

tests/modules/test_m24_reconciliation.py:264: Failed
_ test_invoice_parent_terminal_alone_blocks_valid_positive_evidence[sqlite-cancelled_before_dispatch] _

env = (<app.modules.m00_approval_center.service.Service object at 0x7fe9609553d0>, sessionmaker(class_='Session', bind=Engin...tch_not_after': None, ...}, <app.modules.m24_billing.reconciliation.ReconciliationRepository object at 0x7fe960ed3bf0>)
monkeypatch = <_pytest.monkeypatch.MonkeyPatch object at 0x7fe960957080>
terminal = 'cancelled_before_dispatch'

    @pytest.mark.parametrize('terminal',['closed_unknown','cancelled_before_dispatch'])
    def test_invoice_parent_terminal_alone_blocks_valid_positive_evidence(env,monkeypatch,terminal):
        from app.modules.m24_billing.invoice_dispatcher import InvoiceRepository,InvoiceStepRow
        from app.modules.m24_billing.repository import TenantBillingRow
        svc,sessions,_,_,rr=env
        with sessions.begin() as db:db.add(TenantBillingRow(tenant_id='t1',customer_id='cus_fixture'))
        a=svc.submit(module_id=24,action_type='issue_invoice',user_id='t1',payload={
            'tenant_id':'t1','provider':'stripe','effect':'create_draft_invoice','customer_id':'cus_fixture',
            'description':'draft','amount_cents':100,'currency':'usd'})
        svc.decide(a['id'],ApprovalStatus.APPROVED,'original-owner')
        repo=InvoiceRepository(svc);op=repo.prepare(a['id'],'t1',provider_account='test-account',environment='test',api_version=API_VERSION,actor='worker')
        monkeypatch.setattr(wa,'require_dispatch_ready',lambda:None)
        with sessions.begin() as db:db.add(wa.CutoverRow(id=1,protocol_epoch=2,state='verified-active',verification_digest='fixture-only',verified_at=datetime.now(timezone.utc)))
        fence=repo.claim_step(op['id'],'t1','draft-invoice');repo.step_outcome(op['id'],'t1','draft-invoice',fence,state='outcome_unknown')
        body={'id':'in_fixture','object':'invoice','customer':'cus_fixture','currency':'usd','status':'draft','auto_advance':False,'total':0,'livemode':False,
            'metadata':{'atlas_operation_id':op['id'],'atlas_operation_step':'draft-invoice','atlas_approval_id':a['id']}}
        calls=[]
        def handler(request):calls.append(request.method);return httpx.Response(200,json=body)
        adapter=PositiveLookupAdapter('sk_test_fixture','test-account',httpx.MockTransport(handler))
        evidence=asyncio.run(rr.lookup_positive(op['id'],'t1','draft-invoice','in_fixture',adapter))
        if terminal=='closed_unknown':assert rr.cancel_unsent_or_close_unknown(op['id'],principal())['state']==terminal
        else:
            # Predicate-isolation fixture: retain uncertain step and valid evidence,
            # change only the parent terminal state. Not a legal-transition claim.
            with sessions.begin() as db:db.get(wa.OperationRow,op['id']).state=terminal
>       with pytest.raises(wa.DispatchRefused,match='invoice evidence target not uncertain'):
             ^^^^^^^^^^^^^^^^^^^^^^^^^^^^^^^^^^^^^^^^^^^^^^^^^^^^^^^^^^^^^^^^^^^^^^^^^^^^^^^
E       Failed: DID NOT RAISE <class 'app.modules.m24_billing.write_ahead.DispatchRefused'>

tests/modules/test_m24_reconciliation.py:264: Failed
_ test_invoice_parent_terminal_alone_blocks_valid_positive_evidence[postgres-closed_unknown] _

env = (<app.modules.m00_approval_center.service.Service object at 0x7fe9609aec60>, sessionmaker(class_='Session', bind=Engin...tch_not_after': None, ...}, <app.modules.m24_billing.reconciliation.ReconciliationRepository object at 0x7fe95f586480>)
monkeypatch = <_pytest.monkeypatch.MonkeyPatch object at 0x7fe9609acb00>
terminal = 'closed_unknown'

    @pytest.mark.parametrize('terminal',['closed_unknown','cancelled_before_dispatch'])
    def test_invoice_parent_terminal_alone_blocks_valid_positive_evidence(env,monkeypatch,terminal):
        from app.modules.m24_billing.invoice_dispatcher import InvoiceRepository,InvoiceStepRow
        from app.modules.m24_billing.repository import TenantBillingRow
        svc,sessions,_,_,rr=env
        with sessions.begin() as db:db.add(TenantBillingRow(tenant_id='t1',customer_id='cus_fixture'))
        a=svc.submit(module_id=24,action_type='issue_invoice',user_id='t1',payload={
            'tenant_id':'t1','provider':'stripe','effect':'create_draft_invoice','customer_id':'cus_fixture',
            'description':'draft','amount_cents':100,'currency':'usd'})
        svc.decide(a['id'],ApprovalStatus.APPROVED,'original-owner')
        repo=InvoiceRepository(svc);op=repo.prepare(a['id'],'t1',provider_account='test-account',environment='test',api_version=API_VERSION,actor='worker')
        monkeypatch.setattr(wa,'require_dispatch_ready',lambda:None)
        with sessions.begin() as db:db.add(wa.CutoverRow(id=1,protocol_epoch=2,state='verified-active',verification_digest='fixture-only',verified_at=datetime.now(timezone.utc)))
        fence=repo.claim_step(op['id'],'t1','draft-invoice');repo.step_outcome(op['id'],'t1','draft-invoice',fence,state='outcome_unknown')
        body={'id':'in_fixture','object':'invoice','customer':'cus_fixture','currency':'usd','status':'draft','auto_advance':False,'total':0,'livemode':False,
            'metadata':{'atlas_operation_id':op['id'],'atlas_operation_step':'draft-invoice','atlas_approval_id':a['id']}}
        calls=[]
        def handler(request):calls.append(request.method);return httpx.Response(200,json=body)
        adapter=PositiveLookupAdapter('sk_test_fixture','test-account',httpx.MockTransport(handler))
        evidence=asyncio.run(rr.lookup_positive(op['id'],'t1','draft-invoice','in_fixture',adapter))
        if terminal=='closed_unknown':assert rr.cancel_unsent_or_close_unknown(op['id'],principal())['state']==terminal
        else:
            # Predicate-isolation fixture: retain uncertain step and valid evidence,
            # change only the parent terminal state. Not a legal-transition claim.
            with sessions.begin() as db:db.get(wa.OperationRow,op['id']).state=terminal
>       with pytest.raises(wa.DispatchRefused,match='invoice evidence target not uncertain'):
             ^^^^^^^^^^^^^^^^^^^^^^^^^^^^^^^^^^^^^^^^^^^^^^^^^^^^^^^^^^^^^^^^^^^^^^^^^^^^^^^
E       Failed: DID NOT RAISE <class 'app.modules.m24_billing.write_ahead.DispatchRefused'>

tests/modules/test_m24_reconciliation.py:264: Failed
_ test_invoice_parent_terminal_alone_blocks_valid_positive_evidence[postgres-cancelled_before_dispatch] _

env = (<app.modules.m00_approval_center.service.Service object at 0x7fe95f5b3c50>, sessionmaker(class_='Session', bind=Engin...tch_not_after': None, ...}, <app.modules.m24_billing.reconciliation.ReconciliationRepository object at 0x7fe95f11aae0>)
monkeypatch = <_pytest.monkeypatch.MonkeyPatch object at 0x7fe95f152de0>
terminal = 'cancelled_before_dispatch'

    @pytest.mark.parametrize('terminal',['closed_unknown','cancelled_before_dispatch'])
    def test_invoice_parent_terminal_alone_blocks_valid_positive_evidence(env,monkeypatch,terminal):
        from app.modules.m24_billing.invoice_dispatcher import InvoiceRepository,InvoiceStepRow
        from app.modules.m24_billing.repository import TenantBillingRow
        svc,sessions,_,_,rr=env
        with sessions.begin() as db:db.add(TenantBillingRow(tenant_id='t1',customer_id='cus_fixture'))
        a=svc.submit(module_id=24,action_type='issue_invoice',user_id='t1',payload={
            'tenant_id':'t1','provider':'stripe','effect':'create_draft_invoice','customer_id':'cus_fixture',
            'description':'draft','amount_cents':100,'currency':'usd'})
        svc.decide(a['id'],ApprovalStatus.APPROVED,'original-owner')
        repo=InvoiceRepository(svc);op=repo.prepare(a['id'],'t1',provider_account='test-account',environment='test',api_version=API_VERSION,actor='worker')
        monkeypatch.setattr(wa,'require_dispatch_ready',lambda:None)
        with sessions.begin() as db:db.add(wa.CutoverRow(id=1,protocol_epoch=2,state='verified-active',verification_digest='fixture-only',verified_at=datetime.now(timezone.utc)))
        fence=repo.claim_step(op['id'],'t1','draft-invoice');repo.step_outcome(op['id'],'t1','draft-invoice',fence,state='outcome_unknown')
        body={'id':'in_fixture','object':'invoice','customer':'cus_fixture','currency':'usd','status':'draft','auto_advance':False,'total':0,'livemode':False,
            'metadata':{'atlas_operation_id':op['id'],'atlas_operation_step':'draft-invoice','atlas_approval_id':a['id']}}
        calls=[]
        def handler(request):calls.append(request.method);return httpx.Response(200,json=body)
        adapter=PositiveLookupAdapter('sk_test_fixture','test-account',httpx.MockTransport(handler))
        evidence=asyncio.run(rr.lookup_positive(op['id'],'t1','draft-invoice','in_fixture',adapter))
        if terminal=='closed_unknown':assert rr.cancel_unsent_or_close_unknown(op['id'],principal())['state']==terminal
        else:
            # Predicate-isolation fixture: retain uncertain step and valid evidence,
            # change only the parent terminal state. Not a legal-transition claim.
            with sessions.begin() as db:db.get(wa.OperationRow,op['id']).state=terminal
>       with pytest.raises(wa.DispatchRefused,match='invoice evidence target not uncertain'):
             ^^^^^^^^^^^^^^^^^^^^^^^^^^^^^^^^^^^^^^^^^^^^^^^^^^^^^^^^^^^^^^^^^^^^^^^^^^^^^^^
E       Failed: DID NOT RAISE <class 'app.modules.m24_billing.write_ahead.DispatchRefused'>

tests/modules/test_m24_reconciliation.py:264: Failed
=============================== warnings summary ===============================
tests/modules/test_m24_reconciliation.py::test_invoice_parent_terminal_alone_blocks_valid_positive_evidence[postgres-closed_unknown]
  /tmp/atlas-memo3-venv/lib/python3.12/site-packages/platformdirs/api.py:459: RuntimeDirWarning: XDG_RUNTIME_DIR is not set, falling back to /tmp/runtime-1001
    return Path(self.user_runtime_dir)

-- Docs: https://docs.pytest.org/en/stable/how-to/capture-warnings.html
=========================== short test summary info ============================
FAILED tests/modules/test_m24_reconciliation.py::test_invoice_parent_terminal_alone_blocks_valid_positive_evidence[sqlite-closed_unknown]
FAILED tests/modules/test_m24_reconciliation.py::test_invoice_parent_terminal_alone_blocks_valid_positive_evidence[sqlite-cancelled_before_dispatch]
FAILED tests/modules/test_m24_reconciliation.py::test_invoice_parent_terminal_alone_blocks_valid_positive_evidence[postgres-closed_unknown]
FAILED tests/modules/test_m24_reconciliation.py::test_invoice_parent_terminal_alone_blocks_valid_positive_evidence[postgres-cancelled_before_dispatch]
4 failed, 36 deselected, 1 warning in 2.59s
