...............................................FFFFF                     [100%]
=================================== FAILURES ===================================
________ test_beta_binomial_rejects_invalid_shapes_or_counts[nan-1-0-0] ________

alpha = nan, beta = 1, successes = 0, failures = 0

    @pytest.mark.parametrize("alpha,beta,successes,failures", [(float("nan"), 1, 0, 0), (float("inf"), 1, 0, 0), (1, 1, 0.5, 0), (1, 1, True, 0)])
    def test_beta_binomial_rejects_invalid_shapes_or_counts(alpha, beta, successes, failures):
>       with pytest.raises(ValueError):
             ^^^^^^^^^^^^^^^^^^^^^^^^^
E       Failed: DID NOT RAISE ValueError

tests/modules/test_m20_foresight.py:466: Failed
________ test_beta_binomial_rejects_invalid_shapes_or_counts[inf-1-0-0] ________

alpha = inf, beta = 1, successes = 0, failures = 0

    @pytest.mark.parametrize("alpha,beta,successes,failures", [(float("nan"), 1, 0, 0), (float("inf"), 1, 0, 0), (1, 1, 0.5, 0), (1, 1, True, 0)])
    def test_beta_binomial_rejects_invalid_shapes_or_counts(alpha, beta, successes, failures):
>       with pytest.raises(ValueError):
             ^^^^^^^^^^^^^^^^^^^^^^^^^
E       Failed: DID NOT RAISE ValueError

tests/modules/test_m20_foresight.py:466: Failed
________ test_beta_binomial_rejects_invalid_shapes_or_counts[1-1-0.5-0] ________

alpha = 1, beta = 1, successes = 0.5, failures = 0

    @pytest.mark.parametrize("alpha,beta,successes,failures", [(float("nan"), 1, 0, 0), (float("inf"), 1, 0, 0), (1, 1, 0.5, 0), (1, 1, True, 0)])
    def test_beta_binomial_rejects_invalid_shapes_or_counts(alpha, beta, successes, failures):
>       with pytest.raises(ValueError):
             ^^^^^^^^^^^^^^^^^^^^^^^^^
E       Failed: DID NOT RAISE ValueError

tests/modules/test_m20_foresight.py:466: Failed
_______ test_beta_binomial_rejects_invalid_shapes_or_counts[1-1-True-0] ________

alpha = 1, beta = 1, successes = True, failures = 0

    @pytest.mark.parametrize("alpha,beta,successes,failures", [(float("nan"), 1, 0, 0), (float("inf"), 1, 0, 0), (1, 1, 0.5, 0), (1, 1, True, 0)])
    def test_beta_binomial_rejects_invalid_shapes_or_counts(alpha, beta, successes, failures):
>       with pytest.raises(ValueError):
             ^^^^^^^^^^^^^^^^^^^^^^^^^
E       Failed: DID NOT RAISE ValueError

tests/modules/test_m20_foresight.py:466: Failed
_________________ test_beta_binomial_large_shapes_scaled_mean __________________

    def test_beta_binomial_large_shapes_scaled_mean():
>       assert BayesianUpdater.update_beta(1e308, 1e308, successes=0, failures=0)["mean"] == pytest.approx(0.5)
E       assert 0.0 == 0.5 ± 5.0e-07
E         
E         comparison failed
E         Obtained: 0.0
E         Expected: 0.5 ± 5.0e-07

tests/modules/test_m20_foresight.py:471: AssertionError
=========================== short test summary info ============================
FAILED tests/modules/test_m20_foresight.py::test_beta_binomial_rejects_invalid_shapes_or_counts[nan-1-0-0]
FAILED tests/modules/test_m20_foresight.py::test_beta_binomial_rejects_invalid_shapes_or_counts[inf-1-0-0]
FAILED tests/modules/test_m20_foresight.py::test_beta_binomial_rejects_invalid_shapes_or_counts[1-1-0.5-0]
FAILED tests/modules/test_m20_foresight.py::test_beta_binomial_rejects_invalid_shapes_or_counts[1-1-True-0]
FAILED tests/modules/test_m20_foresight.py::test_beta_binomial_large_shapes_scaled_mean
5 failed, 47 passed in 1.42s
