........................................FFFFF                            [100%]
=================================== FAILURES ===================================
_____ test_hyperbolic_discount_rejects_invalid_numeric_inputs[nan-1-0.02] ______

value = nan, delay = 1, k = 0.02

    @pytest.mark.parametrize('value,delay,k', [(float('nan'), 1, .02), (1, float('inf'), .02), (True, 1, .02), (1, 1, True)])
    def test_hyperbolic_discount_rejects_invalid_numeric_inputs(value, delay, k):
        with pytest.raises(ValueError):
>           hyperbolic_discount(value, delay, k)
            ^^^^^^^^^^^^^^^^^^^
E           NameError: name 'hyperbolic_discount' is not defined

tests/modules/test_m20_reasoning.py:237: NameError
_____ test_hyperbolic_discount_rejects_invalid_numeric_inputs[1-inf-0.02] ______

value = 1, delay = inf, k = 0.02

    @pytest.mark.parametrize('value,delay,k', [(float('nan'), 1, .02), (1, float('inf'), .02), (True, 1, .02), (1, 1, True)])
    def test_hyperbolic_discount_rejects_invalid_numeric_inputs(value, delay, k):
        with pytest.raises(ValueError):
>           hyperbolic_discount(value, delay, k)
            ^^^^^^^^^^^^^^^^^^^
E           NameError: name 'hyperbolic_discount' is not defined

tests/modules/test_m20_reasoning.py:237: NameError
_____ test_hyperbolic_discount_rejects_invalid_numeric_inputs[True-1-0.02] _____

value = True, delay = 1, k = 0.02

    @pytest.mark.parametrize('value,delay,k', [(float('nan'), 1, .02), (1, float('inf'), .02), (True, 1, .02), (1, 1, True)])
    def test_hyperbolic_discount_rejects_invalid_numeric_inputs(value, delay, k):
        with pytest.raises(ValueError):
>           hyperbolic_discount(value, delay, k)
            ^^^^^^^^^^^^^^^^^^^
E           NameError: name 'hyperbolic_discount' is not defined

tests/modules/test_m20_reasoning.py:237: NameError
______ test_hyperbolic_discount_rejects_invalid_numeric_inputs[1-1-True] _______

value = 1, delay = 1, k = True

    @pytest.mark.parametrize('value,delay,k', [(float('nan'), 1, .02), (1, float('inf'), .02), (True, 1, .02), (1, 1, True)])
    def test_hyperbolic_discount_rejects_invalid_numeric_inputs(value, delay, k):
        with pytest.raises(ValueError):
>           hyperbolic_discount(value, delay, k)
            ^^^^^^^^^^^^^^^^^^^
E           NameError: name 'hyperbolic_discount' is not defined

tests/modules/test_m20_reasoning.py:237: NameError
______ test_hyperbolic_discount_finite_denominator_overflow_keeps_result _______

    def test_hyperbolic_discount_finite_denominator_overflow_keeps_result():
>       assert hyperbolic_discount(1e308, 2, 1e308) == pytest.approx(0.5)
               ^^^^^^^^^^^^^^^^^^^
E       NameError: name 'hyperbolic_discount' is not defined

tests/modules/test_m20_reasoning.py:241: NameError
=========================== short test summary info ============================
FAILED tests/modules/test_m20_reasoning.py::test_hyperbolic_discount_rejects_invalid_numeric_inputs[nan-1-0.02]
FAILED tests/modules/test_m20_reasoning.py::test_hyperbolic_discount_rejects_invalid_numeric_inputs[1-inf-0.02]
FAILED tests/modules/test_m20_reasoning.py::test_hyperbolic_discount_rejects_invalid_numeric_inputs[True-1-0.02]
FAILED tests/modules/test_m20_reasoning.py::test_hyperbolic_discount_rejects_invalid_numeric_inputs[1-1-True]
FAILED tests/modules/test_m20_reasoning.py::test_hyperbolic_discount_finite_denominator_overflow_keeps_result
5 failed, 40 passed in 1.47s
