........................................................................ [ 91%]
......F                                                                  [100%]
=================================== FAILURES ===================================
_____ test_runtime_tool_history_uses_dispatch_journal_and_survives_restart _____

    def test_runtime_tool_history_uses_dispatch_journal_and_survives_restart():
        runtime, repo = make_runtime()
        async def noop(args): return {}
        spec = ToolSpec(name='fixture', description='fixture read', capabilities=['fixture'], risk=Risk.READ)
        runtime.tools.register(spec, noop)
        context = TaskContext(goal='fixture')
        runtime.dispatcher.records.append(ActionRecord(tool='fixture', task_id=context.id, succeeded=False))
        runtime._persist_context(context)
        choice = runtime.select_tool('fixture read').as_dict()
>       assert choice['candidates'][0]['historical_success'] == pytest.approx(1 / 3, abs=1e-4)
E       assert 0.5 == 0.3333333333333333 ± 1.0e-04
E         
E         comparison failed
E         Obtained: 0.5
E         Expected: 0.3333333333333333 ± 1.0e-04

tests/modules/test_m20_runtime_depth.py:1152: AssertionError
=============================== warnings summary ===============================
.venv/lib/python3.12/site-packages/starlette/testclient.py:51
  /home/sandbox/atlas-ai/.venv/lib/python3.12/site-packages/starlette/testclient.py:51: DeprecationWarning: The anyio.abc.BlockingPortal alias is deprecated, use anyio.from_thread.BlockingPortal instead.
    _PortalFactoryType = Callable[[], AbstractContextManager[anyio.abc.BlockingPortal]]

-- Docs: https://docs.pytest.org/en/stable/how-to/capture-warnings.html
=========================== short test summary info ============================
FAILED tests/modules/test_m20_runtime_depth.py::test_runtime_tool_history_uses_dispatch_journal_and_survives_restart
1 failed, 78 passed, 1 warning in 5.01s
