..................FFFFFFF                                                [100%]
=================================== FAILURES ===================================
___ test_embedding_provider_buffer_cannot_change_stored_similarity[semantic] ___

kind = 'semantic'

    @pytest.mark.parametrize('kind', ['semantic', 'episodic', 'retrospective'])
    def test_embedding_provider_buffer_cannot_change_stored_similarity(kind):
        from app.modules.m20_general_cognitive_worker.reflection import RetrospectiveEngine
        class ReusingEmbedder:
            dimensions = 2
            buffer = [1.0, 0.0]
            def embed(self, text):
                self.buffer[:] = [1.0, 0.0] if 'first' in text else [0.0, 1.0]
                return self.buffer
        provider = ReusingEmbedder()
        if kind == 'semantic':
            memory = SemanticMemory(provider)
            first = memory.remember('first')
            memory.remember('second')
            hits = memory.query('first')
        elif kind == 'episodic':
            memory = EpisodicMemory(provider)
            first = memory.log_execution(task_id='first', goal='first')
            memory.log_execution(task_id='second', goal='second')
            hits = memory.recall_similar('first')
        else:
            memory = RetrospectiveEngine(provider)
            first = memory.write('first', went_well=['first'], went_poorly=[], lessons=[])
            memory.write('second', went_well=['second'], went_poorly=[], lessons=[])
            hits = memory.lessons_for('first')
        scores = {item.id: score for item, score in hits}
        assert scores[first.id] == pytest.approx(1.0)
>       assert sorted(scores.values()) == pytest.approx([0.0, 1.0])
E       assert [1.0, 1.0] == approx([0.0 ±....0 ± 1.0e-06])
E         
E         comparison failed. Mismatched elements: 1 / 2:
E         Max absolute difference: 1.0
E         Max relative difference: 1.0
E         Index | Obtained | Expected     
E         0     | 1.0      | 0.0 ± 1.0e-12

tests/modules/test_m20_long_term_memory.py:251: AssertionError
___ test_embedding_provider_buffer_cannot_change_stored_similarity[episodic] ___

kind = 'episodic'

    @pytest.mark.parametrize('kind', ['semantic', 'episodic', 'retrospective'])
    def test_embedding_provider_buffer_cannot_change_stored_similarity(kind):
        from app.modules.m20_general_cognitive_worker.reflection import RetrospectiveEngine
        class ReusingEmbedder:
            dimensions = 2
            buffer = [1.0, 0.0]
            def embed(self, text):
                self.buffer[:] = [1.0, 0.0] if 'first' in text else [0.0, 1.0]
                return self.buffer
        provider = ReusingEmbedder()
        if kind == 'semantic':
            memory = SemanticMemory(provider)
            first = memory.remember('first')
            memory.remember('second')
            hits = memory.query('first')
        elif kind == 'episodic':
            memory = EpisodicMemory(provider)
            first = memory.log_execution(task_id='first', goal='first')
            memory.log_execution(task_id='second', goal='second')
            hits = memory.recall_similar('first')
        else:
            memory = RetrospectiveEngine(provider)
            first = memory.write('first', went_well=['first'], went_poorly=[], lessons=[])
            memory.write('second', went_well=['second'], went_poorly=[], lessons=[])
            hits = memory.lessons_for('first')
        scores = {item.id: score for item, score in hits}
        assert scores[first.id] == pytest.approx(1.0)
>       assert sorted(scores.values()) == pytest.approx([0.0, 1.0])
E       assert [1.0, 1.0] == approx([0.0 ±....0 ± 1.0e-06])
E         
E         comparison failed. Mismatched elements: 1 / 2:
E         Max absolute difference: 1.0
E         Max relative difference: 1.0
E         Index | Obtained | Expected     
E         0     | 1.0      | 0.0 ± 1.0e-12

tests/modules/test_m20_long_term_memory.py:251: AssertionError
_ test_embedding_provider_buffer_cannot_change_stored_similarity[retrospective] _

kind = 'retrospective'

    @pytest.mark.parametrize('kind', ['semantic', 'episodic', 'retrospective'])
    def test_embedding_provider_buffer_cannot_change_stored_similarity(kind):
        from app.modules.m20_general_cognitive_worker.reflection import RetrospectiveEngine
        class ReusingEmbedder:
            dimensions = 2
            buffer = [1.0, 0.0]
            def embed(self, text):
                self.buffer[:] = [1.0, 0.0] if 'first' in text else [0.0, 1.0]
                return self.buffer
        provider = ReusingEmbedder()
        if kind == 'semantic':
            memory = SemanticMemory(provider)
            first = memory.remember('first')
            memory.remember('second')
            hits = memory.query('first')
        elif kind == 'episodic':
            memory = EpisodicMemory(provider)
            first = memory.log_execution(task_id='first', goal='first')
            memory.log_execution(task_id='second', goal='second')
            hits = memory.recall_similar('first')
        else:
            memory = RetrospectiveEngine(provider)
            first = memory.write('first', went_well=['first'], went_poorly=[], lessons=[])
            memory.write('second', went_well=['second'], went_poorly=[], lessons=[])
            hits = memory.lessons_for('first')
        scores = {item.id: score for item, score in hits}
        assert scores[first.id] == pytest.approx(1.0)
>       assert sorted(scores.values()) == pytest.approx([0.0, 1.0])
E       assert [1.0, 1.0] == approx([0.0 ±....0 ± 1.0e-06])
E         
E         comparison failed. Mismatched elements: 1 / 2:
E         Max absolute difference: 1.0
E         Max relative difference: 1.0
E         Index | Obtained | Expected     
E         0     | 1.0      | 0.0 ± 1.0e-12

tests/modules/test_m20_long_term_memory.py:251: AssertionError
____________ test_invalid_embedding_does_not_publish_fact[vector0] _____________

vector = [nan, 0.0]

    @pytest.mark.parametrize('vector', [[float('nan'), 0.0], [1.0], [True, 0.0], []])
    def test_invalid_embedding_does_not_publish_fact(vector):
        class BadEmbedder:
            dimensions = 2
            def embed(self, text):
                return vector
        memory = SemanticMemory(BadEmbedder())
>       with pytest.raises(ValueError):
             ^^^^^^^^^^^^^^^^^^^^^^^^^
E       Failed: DID NOT RAISE ValueError

tests/modules/test_m20_long_term_memory.py:261: Failed
____________ test_invalid_embedding_does_not_publish_fact[vector1] _____________

vector = [1.0]

    @pytest.mark.parametrize('vector', [[float('nan'), 0.0], [1.0], [True, 0.0], []])
    def test_invalid_embedding_does_not_publish_fact(vector):
        class BadEmbedder:
            dimensions = 2
            def embed(self, text):
                return vector
        memory = SemanticMemory(BadEmbedder())
>       with pytest.raises(ValueError):
             ^^^^^^^^^^^^^^^^^^^^^^^^^
E       Failed: DID NOT RAISE ValueError

tests/modules/test_m20_long_term_memory.py:261: Failed
____________ test_invalid_embedding_does_not_publish_fact[vector2] _____________

vector = [True, 0.0]

    @pytest.mark.parametrize('vector', [[float('nan'), 0.0], [1.0], [True, 0.0], []])
    def test_invalid_embedding_does_not_publish_fact(vector):
        class BadEmbedder:
            dimensions = 2
            def embed(self, text):
                return vector
        memory = SemanticMemory(BadEmbedder())
>       with pytest.raises(ValueError):
             ^^^^^^^^^^^^^^^^^^^^^^^^^
E       Failed: DID NOT RAISE ValueError

tests/modules/test_m20_long_term_memory.py:261: Failed
____________ test_invalid_embedding_does_not_publish_fact[vector3] _____________

vector = []

    @pytest.mark.parametrize('vector', [[float('nan'), 0.0], [1.0], [True, 0.0], []])
    def test_invalid_embedding_does_not_publish_fact(vector):
        class BadEmbedder:
            dimensions = 2
            def embed(self, text):
                return vector
        memory = SemanticMemory(BadEmbedder())
>       with pytest.raises(ValueError):
             ^^^^^^^^^^^^^^^^^^^^^^^^^
E       Failed: DID NOT RAISE ValueError

tests/modules/test_m20_long_term_memory.py:261: Failed
=========================== short test summary info ============================
FAILED tests/modules/test_m20_long_term_memory.py::test_embedding_provider_buffer_cannot_change_stored_similarity[semantic]
FAILED tests/modules/test_m20_long_term_memory.py::test_embedding_provider_buffer_cannot_change_stored_similarity[episodic]
FAILED tests/modules/test_m20_long_term_memory.py::test_embedding_provider_buffer_cannot_change_stored_similarity[retrospective]
FAILED tests/modules/test_m20_long_term_memory.py::test_invalid_embedding_does_not_publish_fact[vector0]
FAILED tests/modules/test_m20_long_term_memory.py::test_invalid_embedding_does_not_publish_fact[vector1]
FAILED tests/modules/test_m20_long_term_memory.py::test_invalid_embedding_does_not_publish_fact[vector2]
FAILED tests/modules/test_m20_long_term_memory.py::test_invalid_embedding_does_not_publish_fact[vector3]
7 failed, 18 passed in 1.29s
