F                                                                        [100%]
=================================== FAILURES ===================================
______ test_configured_service_must_not_share_fact_between_signed_owners _______

monkeypatch = <_pytest.monkeypatch.MonkeyPatch object at 0x7f5530c58aa0>
oidc_auth_headers = <function oidc_auth_headers.<locals>.headers at 0x7f5530cea8e0>

    def test_configured_service_must_not_share_fact_between_signed_owners(monkeypatch,oidc_auth_headers):
     monkeypatch.setenv('ATLAS_ENV','production')
     monkeypatch.setattr(routes,'_service',CognitiveWorkerService())
     c=TestClient(app)
     a=oidc_auth_headers('owner-a');b=oidc_auth_headers('owner-b')
     assert c.post(BASE+'/memory/facts',headers=a,json={'content':'ownerasecretcanary'}).status_code==201
     own=c.get(BASE+'/memory/facts',headers=a,params={'query':'ownerasecretcanary'})
     other=c.get(BASE+'/memory/facts',headers=b,params={'query':'ownerasecretcanary'})
     assert own.status_code==200 and any('ownerasecretcanary' in r['content'] for r in own.json())
>    assert other.status_code in (404,503) or not any('ownerasecretcanary' in r['content'] for r in other.json())
E    assert (200 in (404, 503) or not True)
E     +  where 200 = <Response [200 OK]>.status_code
E     +  and   True = any(<generator object test_configured_service_must_not_share_fact_between_signed_owners.<locals>.<genexpr> at 0x7f5530cc6330>)

tests/modules/test_m20_service_owner_http.py:17: AssertionError
=============================== warnings summary ===============================
.venv/lib/python3.12/site-packages/fastapi/testclient.py:1
  /home/sandbox/atlas-ai/.venv/lib/python3.12/site-packages/fastapi/testclient.py:1: StarletteDeprecationWarning: Using `httpx` with `starlette.testclient` is deprecated; install `httpx2` instead.
    from starlette.testclient import TestClient as TestClient  # noqa

-- Docs: https://docs.pytest.org/en/stable/how-to/capture-warnings.html
=========================== short test summary info ============================
FAILED tests/modules/test_m20_service_owner_http.py::test_configured_service_must_not_share_fact_between_signed_owners
1 failed, 1 warning in 6.16s
