......FFF                                                                [100%]
=================================== FAILURES ===================================
_______ test_harmonic_prediction_retains_actual_label_evidence_influence _______

    def test_harmonic_prediction_retains_actual_label_evidence_influence():
     r=run([[0,3,0],[3,0,1],[0,1,0]])
>    influences=r['predictions'][0]['evidence_influence']
                ^^^^^^^^^^^^^^^^^^^^^^^^^^^^^^^^^^^^^^^^^
E    KeyError: 'evidence_influence'

tests/modules/test_m20_graph_transduction.py:35: KeyError
____ test_harmonic_same_class_sources_do_not_collapse_evidence_attribution _____

    def test_harmonic_same_class_sources_do_not_collapse_evidence_attribution():
     r=transduce({'nodes':['a','u','b'],'similarity_matrix':[[0,3,0],[3,0,1],[0,1,0]],
      'observed_labels':[{'node_id':'a','label':'same','evidence_id':'e1'},{'node_id':'b','label':'same','evidence_id':'e2'}]})
     pred=r['predictions'][0]
     assert pred['class_scores']=={'same':1.0}
>    assert [x['weight'] for x in pred['evidence_influence']]==pytest.approx([.75,.25])
                                  ^^^^^^^^^^^^^^^^^^^^^^^^^^
E    KeyError: 'evidence_influence'

tests/modules/test_m20_graph_transduction.py:46: KeyError
_ test_harmonic_chain_source_influence_agrees_with_independent_absorption_probabilities _

    def test_harmonic_chain_source_influence_agrees_with_independent_absorption_probabilities():
     W=np.zeros((5,5))
     for i in range(4):W[i,i+1]=W[i+1,i]=1
     r=transduce({'nodes':list('abcde'),'similarity_matrix':W.tolist(),'observed_labels':[{'node_id':'a','label':'left','evidence_id':'1'},{'node_id':'e','label':'right','evidence_id':'2'}]})
     for i,pred in enumerate(r['predictions'],1):
>     assert [x['weight'] for x in pred['evidence_influence']]==pytest.approx([1-i/4,i/4])
                                   ^^^^^^^^^^^^^^^^^^^^^^^^^^
E     KeyError: 'evidence_influence'

tests/modules/test_m20_graph_transduction.py:55: KeyError
=========================== short test summary info ============================
FAILED tests/modules/test_m20_graph_transduction.py::test_harmonic_prediction_retains_actual_label_evidence_influence
FAILED tests/modules/test_m20_graph_transduction.py::test_harmonic_same_class_sources_do_not_collapse_evidence_attribution
FAILED tests/modules/test_m20_graph_transduction.py::test_harmonic_chain_source_influence_agrees_with_independent_absorption_probabilities
3 failed, 6 passed in 1.50s
