F                                                                        [100%]
=================================== FAILURES ===================================
_____ test_http_task_step_honors_cooperative_quantum_and_keeps_work_active _____

>   clock=iter([0,0,.2]);monkeypatch.setattr(executive,'monotonic',lambda:next(clock))
                                                                          ^^^^^^^^^^^
E   StopIteration

tests/modules/test_m20_runtime_depth.py:818: StopIteration

The above exception was the direct cause of the following exception:

mounted = (<starlette.testclient.TestClient object at 0x7f11ef9b9e50>, <app.modules.m20_general_cognitive_worker.runtime.GCWRunt...ct at 0x7f11efa160c0>, <app.modules.m20_general_cognitive_worker.safety.InMemoryApprovalGate object at 0x7f11efa86120>)
monkeypatch = <_pytest.monkeypatch.MonkeyPatch object at 0x7f11efa85d60>

    def test_http_task_step_honors_cooperative_quantum_and_keeps_work_active(mounted,monkeypatch):
     from app.modules.m20_general_cognitive_worker import executive
     client,runtime,repo,_=mounted;calls=[]
     async def square(arguments):calls.append(arguments['n']**2);return {'square':calls[-1]}
     runtime.tools.register(ToolSpec(name='fixture_square_http',description='fixture'),square)
     context=runtime.submit_goal('fixture',run_immediately=False)
     context.plan=[PlanNode(title='first',tool='fixture_square_http',arguments={'n':2}),PlanNode(title='second',tool='fixture_square_http',arguments={'n':3})]
     runtime.repo.save_task(context)
     clock=iter([0,0,.2]);monkeypatch.setattr(executive,'monotonic',lambda:next(clock))
>    first=client.post(f'/api/modules/20/runtime/tasks/{context.id}/step',json={'quantum_seconds':.1,'max_ticks':10})
           ^^^^^^^^^^^^^^^^^^^^^^^^^^^^^^^^^^^^^^^^^^^^^^^^^^^^^^^^^^^^^^^^^^^^^^^^^^^^^^^^^^^^^^^^^^^^^^^^^^^^^^^^^^

tests/modules/test_m20_runtime_depth.py:819: 
_ _ _ _ _ _ _ _ _ _ _ _ _ _ _ _ _ _ _ _ _ _ _ _ _ _ _ _ _ _ _ _ _ _ _ _ _ _ _ _ 
.venv/lib/python3.12/site-packages/starlette/testclient.py:552: in post
    return super().post(
.venv/lib/python3.12/site-packages/httpx/_client.py:1144: in post
    return self.request(
.venv/lib/python3.12/site-packages/starlette/testclient.py:451: in request
    return super().request(
.venv/lib/python3.12/site-packages/httpx/_client.py:825: in request
    return self.send(request, auth=auth, follow_redirects=follow_redirects)
           ^^^^^^^^^^^^^^^^^^^^^^^^^^^^^^^^^^^^^^^^^^^^^^^^^^^^^^^^^^^^^^^^
.venv/lib/python3.12/site-packages/httpx/_client.py:914: in send
    response = self._send_handling_auth(
.venv/lib/python3.12/site-packages/httpx/_client.py:942: in _send_handling_auth
    response = self._send_handling_redirects(
.venv/lib/python3.12/site-packages/httpx/_client.py:979: in _send_handling_redirects
    response = self._send_single_request(request)
               ^^^^^^^^^^^^^^^^^^^^^^^^^^^^^^^^^^
.venv/lib/python3.12/site-packages/httpx/_client.py:1014: in _send_single_request
    response = transport.handle_request(request)
               ^^^^^^^^^^^^^^^^^^^^^^^^^^^^^^^^^
.venv/lib/python3.12/site-packages/starlette/testclient.py:354: in handle_request
    raise exc
.venv/lib/python3.12/site-packages/starlette/testclient.py:351: in handle_request
    portal.call(self.app, scope, receive, send)
.venv/lib/python3.12/site-packages/anyio/from_thread.py:340: in call
    return cast(T_Retval, self.start_task_soon(func, *args).result())
                          ^^^^^^^^^^^^^^^^^^^^^^^^^^^^^^^^^^^^^^^^^^
../.local/share/uv/python/cpython-3.12.14-linux-x86_64-gnu/lib/python3.12/concurrent/futures/_base.py:456: in result
    return self.__get_result()
           ^^^^^^^^^^^^^^^^^^^
../.local/share/uv/python/cpython-3.12.14-linux-x86_64-gnu/lib/python3.12/concurrent/futures/_base.py:401: in __get_result
    raise self._exception
.venv/lib/python3.12/site-packages/anyio/from_thread.py:265: in _call_func
    retval = await retval_or_awaitable
             ^^^^^^^^^^^^^^^^^^^^^^^^^
.venv/lib/python3.12/site-packages/fastapi/applications.py:1054: in __call__
    await super().__call__(scope, receive, send)
.venv/lib/python3.12/site-packages/starlette/applications.py:113: in __call__
    await self.middleware_stack(scope, receive, send)
.venv/lib/python3.12/site-packages/starlette/middleware/errors.py:186: in __call__
    raise exc
.venv/lib/python3.12/site-packages/starlette/middleware/errors.py:164: in __call__
    await self.app(scope, receive, _send)
.venv/lib/python3.12/site-packages/starlette/middleware/exceptions.py:63: in __call__
    await wrap_app_handling_exceptions(self.app, conn)(scope, receive, send)
.venv/lib/python3.12/site-packages/starlette/_exception_handler.py:53: in wrapped_app
    raise exc
.venv/lib/python3.12/site-packages/starlette/_exception_handler.py:42: in wrapped_app
    await app(scope, receive, sender)
.venv/lib/python3.12/site-packages/starlette/routing.py:716: in __call__
    await self.middleware_stack(scope, receive, send)
.venv/lib/python3.12/site-packages/starlette/routing.py:736: in app
    await route.handle(scope, receive, send)
.venv/lib/python3.12/site-packages/starlette/routing.py:290: in handle
    await self.app(scope, receive, send)
.venv/lib/python3.12/site-packages/starlette/routing.py:78: in app
    await wrap_app_handling_exceptions(app, request)(scope, receive, send)
.venv/lib/python3.12/site-packages/starlette/_exception_handler.py:53: in wrapped_app
    raise exc
.venv/lib/python3.12/site-packages/starlette/_exception_handler.py:42: in wrapped_app
    await app(scope, receive, sender)
.venv/lib/python3.12/site-packages/starlette/routing.py:75: in app
    response = await f(request)
               ^^^^^^^^^^^^^^^^
.venv/lib/python3.12/site-packages/fastapi/routing.py:302: in app
    raw_response = await run_endpoint_function(
.venv/lib/python3.12/site-packages/fastapi/routing.py:215: in run_endpoint_function
    return await run_in_threadpool(dependant.call, **values)
           ^^^^^^^^^^^^^^^^^^^^^^^^^^^^^^^^^^^^^^^^^^^^^^^^^
.venv/lib/python3.12/site-packages/starlette/concurrency.py:38: in run_in_threadpool
    return await anyio.to_thread.run_sync(func)
           ^^^^^^^^^^^^^^^^^^^^^^^^^^^^^^^^^^^^
.venv/lib/python3.12/site-packages/anyio/to_thread.py:65: in run_sync
    return await get_async_backend().run_sync_in_worker_thread(
_ _ _ _ _ _ _ _ _ _ _ _ _ _ _ _ _ _ _ _ _ _ _ _ _ _ _ _ _ _ _ _ _ _ _ _ _ _ _ _ 

cls = <class 'anyio._backends._asyncio.AsyncIOBackend'>
func = functools.partial(<function step_task at 0x7f11f03f3a60>, runtime=<app.modules.m20_general_cognitive_worker.runtime.GC...x7f11efa3cfe0>, task_id='8673d2f1-012e-4d5d-a7e4-651a268f5152', request=StepRequest(quantum_seconds=0.1, max_ticks=10))
args = (), abandon_on_cancel = False, limiter = None

    @classmethod
    async def run_sync_in_worker_thread(  # type: ignore[return]
        cls,
        func: Callable[[Unpack[PosArgsT]], T_Retval],
        args: tuple[Unpack[PosArgsT]],
        abandon_on_cancel: bool = False,
        limiter: BaseCapacityLimiter | None = None,
    ) -> T_Retval:
        await cls.checkpoint()
    
        # If this is the first run in this event loop thread, set up the necessary
        # variables
        try:
            idle_workers = _threadpool_idle_workers.get()
            workers = _threadpool_workers.get()
        except LookupError:
            idle_workers = deque()
            workers = set()
            _threadpool_idle_workers.set(idle_workers)
            _threadpool_workers.set(workers)
    
        async with limiter or cls.current_default_thread_limiter():
            with CancelScope(shield=not abandon_on_cancel) as scope:
                future = asyncio.Future[T_Retval]()
                root_task = find_root_task()
                if not idle_workers:
                    worker = WorkerThread(root_task, workers, idle_workers)
                    worker.start()
                    workers.add(worker)
                    root_task.add_done_callback(worker.stop, context=Context())
                else:
                    worker = idle_workers.pop()
    
                    # Prune any other workers that have been idle for MAX_IDLE_TIME
                    # seconds or longer
                    now = cls.current_time()
                    while idle_workers:
                        if (
                            now - idle_workers[0].idle_since
                            < WorkerThread.MAX_IDLE_TIME
                        ):
                            break
    
                        expired_worker = idle_workers.popleft()
                        expired_worker.root_task.remove_done_callback(
                            expired_worker.stop
                        )
                        expired_worker.stop()
    
                context = copy_context()
                context.run(set_current_async_library, None)
                if abandon_on_cancel or scope._parent_scope is None:
                    worker_scope = scope
                else:
                    worker_scope = scope._parent_scope
    
                worker.queue.put_nowait((context, func, args, future, worker_scope))
>               return await future
                       ^^^^^^^^^^^^
E               RuntimeError: coroutine raised StopIteration

.venv/lib/python3.12/site-packages/anyio/_backends/_asyncio.py:2706: RuntimeError
------------------------------ Captured log call -------------------------------
WARNING  app.auth.context:context.py:145 INSECURE DEVELOPMENT AUTH BYPASS: ATLAS_DEV_NO_AUTH=1 trusts identity headers; never deploy this mode
=============================== warnings summary ===============================
.venv/lib/python3.12/site-packages/starlette/testclient.py:51
  /home/sandbox/atlas-ai/.venv/lib/python3.12/site-packages/starlette/testclient.py:51: DeprecationWarning: The anyio.abc.BlockingPortal alias is deprecated, use anyio.from_thread.BlockingPortal instead.
    _PortalFactoryType = Callable[[], AbstractContextManager[anyio.abc.BlockingPortal]]

-- Docs: https://docs.pytest.org/en/stable/how-to/capture-warnings.html
=========================== short test summary info ============================
FAILED tests/modules/test_m20_runtime_depth.py::test_http_task_step_honors_cooperative_quantum_and_keeps_work_active
1 failed, 44 deselected, 1 warning in 1.62s
