......................................................F                  [100%]
=================================== FAILURES ===================================
_______ test_hypothesis_returned_and_public_views_cannot_rewrite_ranking _______

    def test_hypothesis_returned_and_public_views_cannot_rewrite_ranking():
        tracker = HypothesisTracker()
        a = tracker.add('a', prior=0.6)
        b = tracker.add('b', prior=0.4)
        a.probability = 0.01
        tracker.hypotheses[b.hypothesis_id].probability = 0.99
        tracker.ranking()[0].status = 'retired'
        result = tracker.update({a.hypothesis_id: 2})
        assert result[0].hypothesis_id == a.hypothesis_id
>       assert result[0].probability == pytest.approx(0.75 / 1.15)
E       assert 1.0 == 0.6521739130434783 ± 6.5e-07
E         
E         comparison failed
E         Obtained: 1.0
E         Expected: 0.6521739130434783 ± 6.5e-07

tests/modules/test_m20_foresight.py:509: AssertionError
=========================== short test summary info ============================
FAILED tests/modules/test_m20_foresight.py::test_hypothesis_returned_and_public_views_cannot_rewrite_ranking
1 failed, 54 passed in 1.40s
