........................................................................ [  3%]
........................................................................ [  7%]
........................................................................ [ 10%]
........................................................................ [ 14%]
........................................................................ [ 18%]
........................................................................ [ 21%]
........................................................................ [ 25%]
........................................................................ [ 28%]
........................................................................ [ 32%]
........................................................................ [ 36%]
........................................................................ [ 39%]
........................................................................ [ 43%]
........................................................................ [ 47%]
........................................................................ [ 50%]
........................................................................ [ 54%]
........................................................................ [ 57%]
........................................................................ [ 61%]
........................................................................ [ 65%]
........................................................................ [ 68%]
........................................................................ [ 72%]
........................................................................ [ 76%]
........................................................................ [ 79%]
........................................................................ [ 83%]
........................................................................ [ 86%]
........................................................................ [ 90%]
........................................................................ [ 94%]
........................................................................ [ 97%]
...........................................                              [100%]
=============================== warnings summary ===============================
tests/modules/test_m20_conic_solvers.py::test_conic_iteration_limit_does_not_promote_inaccurate_result
  /home/sandbox/atlas-ai/backend/app/modules/m20_general_cognitive_worker/conic_solvers.py:40: UserWarning: Solution may be inaccurate. Try another solver, adjusting the solver settings, or solve with verbose=True for more information.
    try:problem.solve(solver='SCS',eps=tol,max_iters=limit,verbose=False)

-- Docs: https://docs.pytest.org/en/stable/how-to/capture-warnings.html
1987 passed, 1 warning in 43.91s
