........................................................................ [  3%]
........................................................................ [  7%]
........................................................................ [ 11%]
........................................................................ [ 15%]
........................................................................ [ 19%]
........................................................................ [ 23%]
........................................................................ [ 27%]
........................................................................ [ 31%]
........................................................................ [ 34%]
........................................................................ [ 38%]
........................................................................ [ 42%]
........................................................................ [ 46%]
........................................................................ [ 50%]
........................................................................ [ 54%]
........................................................................ [ 58%]
........................................................................ [ 62%]
........................................................................ [ 65%]
........................................................................ [ 69%]
........................................................................ [ 73%]
........................................................................ [ 77%]
........................................................................ [ 81%]
........................................................................ [ 85%]
........................................................................ [ 89%]
........................................................................ [ 93%]
........................................................................ [ 96%]
........................................................                 [100%]
=============================== warnings summary ===============================
tests/modules/test_m20_conic_solvers.py::test_conic_iteration_limit_does_not_promote_inaccurate_result
  /home/sandbox/atlas-ai/backend/app/modules/m20_general_cognitive_worker/conic_solvers.py:40: UserWarning: Solution may be inaccurate. Try another solver, adjusting the solver settings, or solve with verbose=True for more information.
    try:problem.solve(solver='SCS',eps=tol,max_iters=limit,verbose=False)

-- Docs: https://docs.pytest.org/en/stable/how-to/capture-warnings.html
1856 passed, 1 warning in 43.13s
