........................................................................ [ 72%]
...........................F                                             [100%]
=================================== FAILURES ===================================
__ test_supplied_plan_preflight_reports_all_known_tool_gaps_without_execution __

mounted = (<starlette.testclient.TestClient object at 0x7fc1474bfa10>, <app.modules.m20_general_cognitive_worker.runtime.GCWRunt...ct at 0x7fc12f114470>, <app.modules.m20_general_cognitive_worker.safety.InMemoryApprovalGate object at 0x7fc12f115f70>)

    def test_supplied_plan_preflight_reports_all_known_tool_gaps_without_execution(mounted):
        client, runtime, _, _ = mounted
        calls=[]
        async def handler(args): calls.append(args); return {'value': 42}
        runtime.tools.register(ToolSpec(name='fixture',description='fixture',risk=Risk.READ,
            parameters={'type':'object','properties':{'value':{'type':'integer'}},'required':['value']},
            preconditions=['fixture_enabled']),handler)
        task=runtime.submit_goal('fixture preflight',run_immediately=False)
        runtime.prepare_supplied_plan(task.id,steps=[
            {'id':'a','title':'bad static input','tool':'fixture','arguments':{'value':'wrong'}},
            {'id':'b','title':'unknown tool','tool':'missing_fixture','depends_on':['a']},
            {'id':'c','title':'bound input','tool':'fixture','depends_on':['a'],
             'arguments':{'value':{'$step':'a','path':['value']}}}])
        response=client.post(f'/api/modules/20/runtime/tasks/{task.id}/preflight',json={'context':{}})
>       assert response.status_code==200
E       assert 404 == 200
E        +  where 404 = <Response [404 Not Found]>.status_code

tests/modules/test_m20_runtime_depth.py:1539: AssertionError
=============================== warnings summary ===============================
.venv/lib/python3.12/site-packages/starlette/testclient.py:51
  /home/sandbox/atlas-ai/.venv/lib/python3.12/site-packages/starlette/testclient.py:51: DeprecationWarning: The anyio.abc.BlockingPortal alias is deprecated, use anyio.from_thread.BlockingPortal instead.
    _PortalFactoryType = Callable[[], AbstractContextManager[anyio.abc.BlockingPortal]]

-- Docs: https://docs.pytest.org/en/stable/how-to/capture-warnings.html
=========================== short test summary info ============================
FAILED tests/modules/test_m20_runtime_depth.py::test_supplied_plan_preflight_reports_all_known_tool_gaps_without_execution
1 failed, 99 passed, 1 warning in 5.57s
