........................................................................ [  3%]
........................................................................ [  6%]
........................................................................ [  9%]
........................................................................ [ 12%]
........................................................................ [ 16%]
........................................................................ [ 19%]
........................................................................ [ 22%]
........................................................................ [ 25%]
........................................................................ [ 29%]
........................................................................ [ 32%]
........................................................................ [ 35%]
........................................................................ [ 38%]
........................................................................ [ 42%]
........................................................................ [ 45%]
........................................................................ [ 48%]
........................................................................ [ 51%]
........................................................................ [ 55%]
........................................................................ [ 58%]
........................................................................ [ 61%]
........................................................................ [ 64%]
........................................................................ [ 68%]
........................................................................ [ 71%]
........................................................................ [ 74%]
.............................................F.......................... [ 77%]
........................................................................ [ 81%]
........................................................................ [ 84%]
........................................................................ [ 87%]
........................................................................ [ 90%]
........................................................................ [ 94%]
........................................................................ [ 97%]
...........................................................              [100%]
=================================== FAILURES ===================================
____________________ test_m20_35_timeout_kills_runaway_code ____________________

tmp_path = PosixPath('/tmp/pytest-of-sandbox/pytest-56/test_m20_35_timeout_kills_runa0')

    def test_m20_35_timeout_kills_runaway_code(tmp_path):
        runner = SandboxRunner(SandboxPolicy(), workspace_root=str(tmp_path))
        result = runner.run_python("proj-1", "while True: pass", timeout_seconds=1)
>       assert result.timed_out
E       AssertionError: assert False
E        +  where False = SandboxRunResult(returncode=137, stdout='', stderr='', timed_out=False, duration_seconds=1.015, network_used=False).timed_out

tests/modules/test_m20_runtime_depth.py:396: AssertionError
=============================== warnings summary ===============================
.venv/lib/python3.12/site-packages/starlette/testclient.py:51
  /home/sandbox/atlas-ai/.venv/lib/python3.12/site-packages/starlette/testclient.py:51: DeprecationWarning: The anyio.abc.BlockingPortal alias is deprecated, use anyio.from_thread.BlockingPortal instead.
    _PortalFactoryType = Callable[[], AbstractContextManager[anyio.abc.BlockingPortal]]

tests/modules/test_m20_conic_solvers.py::test_conic_iteration_limit_does_not_promote_inaccurate_result
  /home/sandbox/atlas-ai/backend/app/modules/m20_general_cognitive_worker/conic_solvers.py:40: UserWarning: Solution may be inaccurate. Try another solver, adjusting the solver settings, or solve with verbose=True for more information.
    try:problem.solve(solver='SCS',eps=tol,max_iters=limit,verbose=False)

-- Docs: https://docs.pytest.org/en/stable/how-to/capture-warnings.html
=========================== short test summary info ============================
FAILED tests/modules/test_m20_runtime_depth.py::test_m20_35_timeout_kills_runaway_code
1 failed, 2218 passed, 2 warnings in 37.99s
