........................................................................ [  2%]
........................................................................ [  5%]
........................................................................ [  8%]
........................................................................ [ 11%]
................................F....................................... [ 14%]
........................................................................ [ 17%]
........................................................................ [ 20%]
........................................................................ [ 23%]
........................................................................ [ 26%]
........................................................................ [ 29%]
........................................................................ [ 32%]
........................................................................ [ 35%]
........................................................................ [ 37%]
........................................................................ [ 40%]
........................................................................ [ 43%]
........................................................................ [ 46%]
........................................................................ [ 49%]
........................................................................ [ 52%]
........................................................................ [ 55%]
........................................................................ [ 58%]
........................................................................ [ 61%]
........................................................................ [ 64%]
........................................................................ [ 67%]
........................................................................ [ 70%]
........................................................................ [ 73%]
........................................................................ [ 75%]
........................................................................ [ 78%]
........................................................................ [ 81%]
........................................................................ [ 84%]
........................................................................ [ 87%]
........................................................................ [ 90%]
........................................................................ [ 93%]
........................................................................ [ 96%]
........................................................................ [ 99%]
.................                                                        [100%]
=================================== FAILURES ===================================
_ test_default_queries_preserve_concrete_support_and_countermodel_for_ambiguity _

    def test_default_queries_preserve_concrete_support_and_countermodel_for_ambiguity():
     p={'defaults':[{'id':'a-if-not-b','unless':['b'],'then':'a'},{'id':'b-if-not-a','unless':['a'],'then':'b'}], 'query_atoms':['a','unknown']}
     r=default_inference(p)
     query=next(q for q in r['queries'] if q['atom']=='a')
     assert query['status']=='ambiguous' and query['possible'] and not query['cautious']
     assert query['supporting_model']==['a'] and query['countermodel']==['b']
     proofs=r['model_witnesses']
>    assert proofs[0]['derived_trace']==[{'rule':'a-if-not-b','fact':'a'}]
E    AssertionError: assert [{'rule': 'b-... 'fact': 'b'}] == [{'rule': 'a-... 'fact': 'a'}]
E      
E      At index 0 diff: {'rule': 'b-if-not-a', 'fact': 'b'} != {'rule': 'a-if-not-b', 'fact': 'a'}
E      Use -v to get more diff

tests/modules/test_m20_defeasible_reasoning.py:60: AssertionError
=============================== warnings summary ===============================
.venv/lib/python3.12/site-packages/starlette/testclient.py:51
  /home/sandbox/atlas-ai/.venv/lib/python3.12/site-packages/starlette/testclient.py:51: DeprecationWarning: The anyio.abc.BlockingPortal alias is deprecated, use anyio.from_thread.BlockingPortal instead.
    _PortalFactoryType = Callable[[], AbstractContextManager[anyio.abc.BlockingPortal]]

tests/modules/test_m20_conic_solvers.py::test_conic_iteration_limit_does_not_promote_inaccurate_result
  /home/sandbox/atlas-ai/backend/app/modules/m20_general_cognitive_worker/conic_solvers.py:40: UserWarning: Solution may be inaccurate. Try another solver, adjusting the solver settings, or solve with verbose=True for more information.
    try:problem.solve(solver='SCS',eps=tol,max_iters=limit,verbose=False)

-- Docs: https://docs.pytest.org/en/stable/how-to/capture-warnings.html
=========================== short test summary info ============================
FAILED tests/modules/test_m20_defeasible_reasoning.py::test_default_queries_preserve_concrete_support_and_countermodel_for_ambiguity
1 failed, 2464 passed, 2 warnings in 51.92s
