........FFFF                                                             [100%]
=================================== FAILURES ===================================
_ test_deduction_returns_source_indexed_entailing_support_and_drops_irrelevant_premise _

    def test_deduction_returns_source_indexed_entailing_support_and_drops_irrelevant_premise():
     r=argument_validity({'formulas':['P',{'implies':['P','Q']},'R'],'conclusion':'Q'})
>    support=r['premise_support']
             ^^^^^^^^^^^^^^^^^^^^
E    KeyError: 'premise_support'

tests/modules/test_m20_formal_reasoning.py:59: KeyError
____ test_vacuous_entailment_support_is_named_inconsistent_not_sound_proof _____

    def test_vacuous_entailment_support_is_named_inconsistent_not_sound_proof():
     r=argument_validity({'formulas':['P',{'not':'P'},'R'],'conclusion':'Q'})
>    assert r['premise_support']['premise_indices']==[0,1]
            ^^^^^^^^^^^^^^^^^^^^
E    KeyError: 'premise_support'

tests/modules/test_m20_formal_reasoning.py:71: KeyError
__ test_tautology_can_have_empty_support_and_invalid_argument_has_no_support ___

    def test_tautology_can_have_empty_support_and_invalid_argument_has_no_support():
     r=argument_validity({'formulas':['P'],'conclusion':{'or':['Q',{'not':'Q'}]}})
>    assert r['premise_support']['premise_indices']==[] and r['premise_support']['irreducible']
            ^^^^^^^^^^^^^^^^^^^^
E    KeyError: 'premise_support'

tests/modules/test_m20_formal_reasoning.py:79: KeyError
___ test_propositional_support_budget_exhaustion_is_not_claimed_irreducible ____

    def test_propositional_support_budget_exhaustion_is_not_claimed_irreducible():
     r=argument_validity({'formulas':['P',{'implies':['P','Q']},'R'],'conclusion':'Q','support_max_checks':1})
>    assert r['premise_support']['premise_indices']==[0,1,2]
            ^^^^^^^^^^^^^^^^^^^^
E    KeyError: 'premise_support'

tests/modules/test_m20_formal_reasoning.py:86: KeyError
=========================== short test summary info ============================
FAILED tests/modules/test_m20_formal_reasoning.py::test_deduction_returns_source_indexed_entailing_support_and_drops_irrelevant_premise
FAILED tests/modules/test_m20_formal_reasoning.py::test_vacuous_entailment_support_is_named_inconsistent_not_sound_proof
FAILED tests/modules/test_m20_formal_reasoning.py::test_tautology_can_have_empty_support_and_invalid_argument_has_no_support
FAILED tests/modules/test_m20_formal_reasoning.py::test_propositional_support_budget_exhaustion_is_not_claimed_irreducible
4 failed, 8 passed in 1.55s
