........................................................................ [ 58%]
...................................................F                     [100%]
=================================== FAILURES ===================================
___ test_runtime_tool_catalog_exposes_actual_local_capabilities_and_schemas ____

mounted = (<starlette.testclient.TestClient object at 0x7f7dcf0336b0>, <app.modules.m20_general_cognitive_worker.runtime.GCWRunt...ct at 0x7f7dcef69f10>, <app.modules.m20_general_cognitive_worker.safety.InMemoryApprovalGate object at 0x7f7dcef695e0>)

    def test_runtime_tool_catalog_exposes_actual_local_capabilities_and_schemas(mounted):
        client,runtime,_,_=mounted
        response=client.get('/api/modules/20/runtime/tools')
>       assert response.status_code==200
E       assert 404 == 200
E        +  where 404 = <Response [404 Not Found]>.status_code

tests/modules/test_m20_runtime_depth.py:1760: AssertionError
=============================== warnings summary ===============================
.venv/lib/python3.12/site-packages/starlette/testclient.py:51
  /home/sandbox/atlas-ai/.venv/lib/python3.12/site-packages/starlette/testclient.py:51: DeprecationWarning: The anyio.abc.BlockingPortal alias is deprecated, use anyio.from_thread.BlockingPortal instead.
    _PortalFactoryType = Callable[[], AbstractContextManager[anyio.abc.BlockingPortal]]

-- Docs: https://docs.pytest.org/en/stable/how-to/capture-warnings.html
=========================== short test summary info ============================
FAILED tests/modules/test_m20_runtime_depth.py::test_runtime_tool_catalog_exposes_actual_local_capabilities_and_schemas
1 failed, 123 passed, 1 warning in 6.99s
