.......................................................FFFF              [100%]
=================================== FAILURES ===================================
____ test_scenario_http_rejects_invalid_or_coerced_weights[probabilities0] _____

client = (<starlette.testclient.TestClient object at 0x7efc99f0ca70>, <app.modules.m20_general_cognitive_worker.service.CognitiveWorkerService object at 0x7efc98d104d0>)
probabilities = {'best': True}

    @pytest.mark.parametrize('probabilities', [{'best': True}, {'best': '0.2'}, {'best': -0.2}, {'unknown': 0.2}])
    def test_scenario_http_rejects_invalid_or_coerced_weights(client, probabilities):
        c, _ = client
        response = c.post('/api/modules/20/meta/scenarios', json={'objective': 'fixture', 'drivers': ['fixture'], 'probabilities': probabilities})
>       assert response.status_code == 422
E       assert 200 == 422
E        +  where 200 = <Response [200 OK]>.status_code

tests/modules/test_m20_foresight_routes.py:426: AssertionError
------------------------------ Captured log call -------------------------------
WARNING  app.auth.context:context.py:145 INSECURE DEVELOPMENT AUTH BYPASS: ATLAS_DEV_NO_AUTH=1 trusts identity headers; never deploy this mode
____ test_scenario_http_rejects_invalid_or_coerced_weights[probabilities1] _____

client = (<starlette.testclient.TestClient object at 0x7efc98b2f800>, <app.modules.m20_general_cognitive_worker.service.CognitiveWorkerService object at 0x7efc98867f50>)
probabilities = {'best': '0.2'}

    @pytest.mark.parametrize('probabilities', [{'best': True}, {'best': '0.2'}, {'best': -0.2}, {'unknown': 0.2}])
    def test_scenario_http_rejects_invalid_or_coerced_weights(client, probabilities):
        c, _ = client
        response = c.post('/api/modules/20/meta/scenarios', json={'objective': 'fixture', 'drivers': ['fixture'], 'probabilities': probabilities})
>       assert response.status_code == 422
E       assert 200 == 422
E        +  where 200 = <Response [200 OK]>.status_code

tests/modules/test_m20_foresight_routes.py:426: AssertionError
------------------------------ Captured log call -------------------------------
WARNING  app.auth.context:context.py:145 INSECURE DEVELOPMENT AUTH BYPASS: ATLAS_DEV_NO_AUTH=1 trusts identity headers; never deploy this mode
____ test_scenario_http_rejects_invalid_or_coerced_weights[probabilities2] _____

client = (<starlette.testclient.TestClient object at 0x7efc985dabd0>, <app.modules.m20_general_cognitive_worker.service.CognitiveWorkerService object at 0x7efc98bf5760>)
probabilities = {'best': -0.2}

    @pytest.mark.parametrize('probabilities', [{'best': True}, {'best': '0.2'}, {'best': -0.2}, {'unknown': 0.2}])
    def test_scenario_http_rejects_invalid_or_coerced_weights(client, probabilities):
        c, _ = client
>       response = c.post('/api/modules/20/meta/scenarios', json={'objective': 'fixture', 'drivers': ['fixture'], 'probabilities': probabilities})
                   ^^^^^^^^^^^^^^^^^^^^^^^^^^^^^^^^^^^^^^^^^^^^^^^^^^^^^^^^^^^^^^^^^^^^^^^^^^^^^^^^^^^^^^^^^^^^^^^^^^^^^^^^^^^^^^^^^^^^^^^^^^^^^^^

tests/modules/test_m20_foresight_routes.py:425: 
_ _ _ _ _ _ _ _ _ _ _ _ _ _ _ _ _ _ _ _ _ _ _ _ _ _ _ _ _ _ _ _ _ _ _ _ _ _ _ _ 
.venv/lib/python3.12/site-packages/starlette/testclient.py:552: in post
    return super().post(
.venv/lib/python3.12/site-packages/httpx/_client.py:1144: in post
    return self.request(
.venv/lib/python3.12/site-packages/starlette/testclient.py:451: in request
    return super().request(
.venv/lib/python3.12/site-packages/httpx/_client.py:825: in request
    return self.send(request, auth=auth, follow_redirects=follow_redirects)
           ^^^^^^^^^^^^^^^^^^^^^^^^^^^^^^^^^^^^^^^^^^^^^^^^^^^^^^^^^^^^^^^^
.venv/lib/python3.12/site-packages/httpx/_client.py:914: in send
    response = self._send_handling_auth(
.venv/lib/python3.12/site-packages/httpx/_client.py:942: in _send_handling_auth
    response = self._send_handling_redirects(
.venv/lib/python3.12/site-packages/httpx/_client.py:979: in _send_handling_redirects
    response = self._send_single_request(request)
               ^^^^^^^^^^^^^^^^^^^^^^^^^^^^^^^^^^
.venv/lib/python3.12/site-packages/httpx/_client.py:1014: in _send_single_request
    response = transport.handle_request(request)
               ^^^^^^^^^^^^^^^^^^^^^^^^^^^^^^^^^
.venv/lib/python3.12/site-packages/starlette/testclient.py:354: in handle_request
    raise exc
.venv/lib/python3.12/site-packages/starlette/testclient.py:351: in handle_request
    portal.call(self.app, scope, receive, send)
.venv/lib/python3.12/site-packages/anyio/from_thread.py:340: in call
    return cast(T_Retval, self.start_task_soon(func, *args).result())
                          ^^^^^^^^^^^^^^^^^^^^^^^^^^^^^^^^^^^^^^^^^^
../.local/share/uv/python/cpython-3.12.14-linux-x86_64-gnu/lib/python3.12/concurrent/futures/_base.py:456: in result
    return self.__get_result()
           ^^^^^^^^^^^^^^^^^^^
../.local/share/uv/python/cpython-3.12.14-linux-x86_64-gnu/lib/python3.12/concurrent/futures/_base.py:401: in __get_result
    raise self._exception
.venv/lib/python3.12/site-packages/anyio/from_thread.py:265: in _call_func
    retval = await retval_or_awaitable
             ^^^^^^^^^^^^^^^^^^^^^^^^^
.venv/lib/python3.12/site-packages/fastapi/applications.py:1054: in __call__
    await super().__call__(scope, receive, send)
.venv/lib/python3.12/site-packages/starlette/applications.py:113: in __call__
    await self.middleware_stack(scope, receive, send)
.venv/lib/python3.12/site-packages/starlette/middleware/errors.py:186: in __call__
    raise exc
.venv/lib/python3.12/site-packages/starlette/middleware/errors.py:164: in __call__
    await self.app(scope, receive, _send)
.venv/lib/python3.12/site-packages/starlette/middleware/exceptions.py:63: in __call__
    await wrap_app_handling_exceptions(self.app, conn)(scope, receive, send)
.venv/lib/python3.12/site-packages/starlette/_exception_handler.py:53: in wrapped_app
    raise exc
.venv/lib/python3.12/site-packages/starlette/_exception_handler.py:42: in wrapped_app
    await app(scope, receive, sender)
.venv/lib/python3.12/site-packages/starlette/routing.py:716: in __call__
    await self.middleware_stack(scope, receive, send)
.venv/lib/python3.12/site-packages/starlette/routing.py:736: in app
    await route.handle(scope, receive, send)
.venv/lib/python3.12/site-packages/starlette/routing.py:290: in handle
    await self.app(scope, receive, send)
.venv/lib/python3.12/site-packages/starlette/routing.py:78: in app
    await wrap_app_handling_exceptions(app, request)(scope, receive, send)
.venv/lib/python3.12/site-packages/starlette/_exception_handler.py:53: in wrapped_app
    raise exc
.venv/lib/python3.12/site-packages/starlette/_exception_handler.py:42: in wrapped_app
    await app(scope, receive, sender)
.venv/lib/python3.12/site-packages/starlette/routing.py:75: in app
    response = await f(request)
               ^^^^^^^^^^^^^^^^
.venv/lib/python3.12/site-packages/fastapi/routing.py:302: in app
    raw_response = await run_endpoint_function(
.venv/lib/python3.12/site-packages/fastapi/routing.py:215: in run_endpoint_function
    return await run_in_threadpool(dependant.call, **values)
           ^^^^^^^^^^^^^^^^^^^^^^^^^^^^^^^^^^^^^^^^^^^^^^^^^
.venv/lib/python3.12/site-packages/starlette/concurrency.py:38: in run_in_threadpool
    return await anyio.to_thread.run_sync(func)
           ^^^^^^^^^^^^^^^^^^^^^^^^^^^^^^^^^^^^
.venv/lib/python3.12/site-packages/anyio/to_thread.py:65: in run_sync
    return await get_async_backend().run_sync_in_worker_thread(
.venv/lib/python3.12/site-packages/anyio/_backends/_asyncio.py:2706: in run_sync_in_worker_thread
    return await future
           ^^^^^^^^^^^^
.venv/lib/python3.12/site-packages/anyio/_backends/_asyncio.py:1100: in run
    result = context.run(func, *args)
             ^^^^^^^^^^^^^^^^^^^^^^^^
backend/app/modules/m20_general_cognitive_worker/routes.py:1013: in row46_scenarios
    return service.scenarios.plan(objective=request.objective, drivers=request.drivers,
_ _ _ _ _ _ _ _ _ _ _ _ _ _ _ _ _ _ _ _ _ _ _ _ _ _ _ _ _ _ _ _ _ _ _ _ _ _ _ _ 

self = <app.modules.m20_general_cognitive_worker.foresight.ScenarioPlanner object at 0x7efc9891d3a0>
objective = 'fixture', drivers = ['fixture'], probabilities = {'best': -0.2}

    def plan(self, *, objective: str, drivers: list[str],
             probabilities: dict[str, float] | None = None) -> dict[str, Any]:
        if not drivers:
            raise ValueError("at least one driver is required")
        probs = dict(self.DEFAULTS)
        if probabilities:
            if any(name not in self.DEFAULTS for name in probabilities):
                raise ValueError("unknown scenario name")
            probs.update(probabilities)
        if any(type(p) not in (int, float) or not math.isfinite(p) or p < 0 for p in probs.values()):
>           raise ValueError("scenario weights must be finite nonnegative numeric, not bool")
E           ValueError: scenario weights must be finite nonnegative numeric, not bool

backend/app/modules/m20_general_cognitive_worker/foresight.py:686: ValueError
------------------------------ Captured log call -------------------------------
WARNING  app.auth.context:context.py:145 INSECURE DEVELOPMENT AUTH BYPASS: ATLAS_DEV_NO_AUTH=1 trusts identity headers; never deploy this mode
____ test_scenario_http_rejects_invalid_or_coerced_weights[probabilities3] _____

client = (<starlette.testclient.TestClient object at 0x7efc99ed2db0>, <app.modules.m20_general_cognitive_worker.service.CognitiveWorkerService object at 0x7efc98c019d0>)
probabilities = {'unknown': 0.2}

    @pytest.mark.parametrize('probabilities', [{'best': True}, {'best': '0.2'}, {'best': -0.2}, {'unknown': 0.2}])
    def test_scenario_http_rejects_invalid_or_coerced_weights(client, probabilities):
        c, _ = client
>       response = c.post('/api/modules/20/meta/scenarios', json={'objective': 'fixture', 'drivers': ['fixture'], 'probabilities': probabilities})
                   ^^^^^^^^^^^^^^^^^^^^^^^^^^^^^^^^^^^^^^^^^^^^^^^^^^^^^^^^^^^^^^^^^^^^^^^^^^^^^^^^^^^^^^^^^^^^^^^^^^^^^^^^^^^^^^^^^^^^^^^^^^^^^^^

tests/modules/test_m20_foresight_routes.py:425: 
_ _ _ _ _ _ _ _ _ _ _ _ _ _ _ _ _ _ _ _ _ _ _ _ _ _ _ _ _ _ _ _ _ _ _ _ _ _ _ _ 
.venv/lib/python3.12/site-packages/starlette/testclient.py:552: in post
    return super().post(
.venv/lib/python3.12/site-packages/httpx/_client.py:1144: in post
    return self.request(
.venv/lib/python3.12/site-packages/starlette/testclient.py:451: in request
    return super().request(
.venv/lib/python3.12/site-packages/httpx/_client.py:825: in request
    return self.send(request, auth=auth, follow_redirects=follow_redirects)
           ^^^^^^^^^^^^^^^^^^^^^^^^^^^^^^^^^^^^^^^^^^^^^^^^^^^^^^^^^^^^^^^^
.venv/lib/python3.12/site-packages/httpx/_client.py:914: in send
    response = self._send_handling_auth(
.venv/lib/python3.12/site-packages/httpx/_client.py:942: in _send_handling_auth
    response = self._send_handling_redirects(
.venv/lib/python3.12/site-packages/httpx/_client.py:979: in _send_handling_redirects
    response = self._send_single_request(request)
               ^^^^^^^^^^^^^^^^^^^^^^^^^^^^^^^^^^
.venv/lib/python3.12/site-packages/httpx/_client.py:1014: in _send_single_request
    response = transport.handle_request(request)
               ^^^^^^^^^^^^^^^^^^^^^^^^^^^^^^^^^
.venv/lib/python3.12/site-packages/starlette/testclient.py:354: in handle_request
    raise exc
.venv/lib/python3.12/site-packages/starlette/testclient.py:351: in handle_request
    portal.call(self.app, scope, receive, send)
.venv/lib/python3.12/site-packages/anyio/from_thread.py:340: in call
    return cast(T_Retval, self.start_task_soon(func, *args).result())
                          ^^^^^^^^^^^^^^^^^^^^^^^^^^^^^^^^^^^^^^^^^^
../.local/share/uv/python/cpython-3.12.14-linux-x86_64-gnu/lib/python3.12/concurrent/futures/_base.py:456: in result
    return self.__get_result()
           ^^^^^^^^^^^^^^^^^^^
../.local/share/uv/python/cpython-3.12.14-linux-x86_64-gnu/lib/python3.12/concurrent/futures/_base.py:401: in __get_result
    raise self._exception
.venv/lib/python3.12/site-packages/anyio/from_thread.py:265: in _call_func
    retval = await retval_or_awaitable
             ^^^^^^^^^^^^^^^^^^^^^^^^^
.venv/lib/python3.12/site-packages/fastapi/applications.py:1054: in __call__
    await super().__call__(scope, receive, send)
.venv/lib/python3.12/site-packages/starlette/applications.py:113: in __call__
    await self.middleware_stack(scope, receive, send)
.venv/lib/python3.12/site-packages/starlette/middleware/errors.py:186: in __call__
    raise exc
.venv/lib/python3.12/site-packages/starlette/middleware/errors.py:164: in __call__
    await self.app(scope, receive, _send)
.venv/lib/python3.12/site-packages/starlette/middleware/exceptions.py:63: in __call__
    await wrap_app_handling_exceptions(self.app, conn)(scope, receive, send)
.venv/lib/python3.12/site-packages/starlette/_exception_handler.py:53: in wrapped_app
    raise exc
.venv/lib/python3.12/site-packages/starlette/_exception_handler.py:42: in wrapped_app
    await app(scope, receive, sender)
.venv/lib/python3.12/site-packages/starlette/routing.py:716: in __call__
    await self.middleware_stack(scope, receive, send)
.venv/lib/python3.12/site-packages/starlette/routing.py:736: in app
    await route.handle(scope, receive, send)
.venv/lib/python3.12/site-packages/starlette/routing.py:290: in handle
    await self.app(scope, receive, send)
.venv/lib/python3.12/site-packages/starlette/routing.py:78: in app
    await wrap_app_handling_exceptions(app, request)(scope, receive, send)
.venv/lib/python3.12/site-packages/starlette/_exception_handler.py:53: in wrapped_app
    raise exc
.venv/lib/python3.12/site-packages/starlette/_exception_handler.py:42: in wrapped_app
    await app(scope, receive, sender)
.venv/lib/python3.12/site-packages/starlette/routing.py:75: in app
    response = await f(request)
               ^^^^^^^^^^^^^^^^
.venv/lib/python3.12/site-packages/fastapi/routing.py:302: in app
    raw_response = await run_endpoint_function(
.venv/lib/python3.12/site-packages/fastapi/routing.py:215: in run_endpoint_function
    return await run_in_threadpool(dependant.call, **values)
           ^^^^^^^^^^^^^^^^^^^^^^^^^^^^^^^^^^^^^^^^^^^^^^^^^
.venv/lib/python3.12/site-packages/starlette/concurrency.py:38: in run_in_threadpool
    return await anyio.to_thread.run_sync(func)
           ^^^^^^^^^^^^^^^^^^^^^^^^^^^^^^^^^^^^
.venv/lib/python3.12/site-packages/anyio/to_thread.py:65: in run_sync
    return await get_async_backend().run_sync_in_worker_thread(
.venv/lib/python3.12/site-packages/anyio/_backends/_asyncio.py:2706: in run_sync_in_worker_thread
    return await future
           ^^^^^^^^^^^^
.venv/lib/python3.12/site-packages/anyio/_backends/_asyncio.py:1100: in run
    result = context.run(func, *args)
             ^^^^^^^^^^^^^^^^^^^^^^^^
backend/app/modules/m20_general_cognitive_worker/routes.py:1013: in row46_scenarios
    return service.scenarios.plan(objective=request.objective, drivers=request.drivers,
_ _ _ _ _ _ _ _ _ _ _ _ _ _ _ _ _ _ _ _ _ _ _ _ _ _ _ _ _ _ _ _ _ _ _ _ _ _ _ _ 

self = <app.modules.m20_general_cognitive_worker.foresight.ScenarioPlanner object at 0x7efc98b7b920>
objective = 'fixture', drivers = ['fixture'], probabilities = {'unknown': 0.2}

    def plan(self, *, objective: str, drivers: list[str],
             probabilities: dict[str, float] | None = None) -> dict[str, Any]:
        if not drivers:
            raise ValueError("at least one driver is required")
        probs = dict(self.DEFAULTS)
        if probabilities:
            if any(name not in self.DEFAULTS for name in probabilities):
>               raise ValueError("unknown scenario name")
E               ValueError: unknown scenario name

backend/app/modules/m20_general_cognitive_worker/foresight.py:683: ValueError
------------------------------ Captured log call -------------------------------
WARNING  app.auth.context:context.py:145 INSECURE DEVELOPMENT AUTH BYPASS: ATLAS_DEV_NO_AUTH=1 trusts identity headers; never deploy this mode
=============================== warnings summary ===============================
.venv/lib/python3.12/site-packages/starlette/testclient.py:51
  /home/sandbox/atlas-ai/.venv/lib/python3.12/site-packages/starlette/testclient.py:51: DeprecationWarning: The anyio.abc.BlockingPortal alias is deprecated, use anyio.from_thread.BlockingPortal instead.
    _PortalFactoryType = Callable[[], AbstractContextManager[anyio.abc.BlockingPortal]]

-- Docs: https://docs.pytest.org/en/stable/how-to/capture-warnings.html
=========================== short test summary info ============================
FAILED tests/modules/test_m20_foresight_routes.py::test_scenario_http_rejects_invalid_or_coerced_weights[probabilities0]
FAILED tests/modules/test_m20_foresight_routes.py::test_scenario_http_rejects_invalid_or_coerced_weights[probabilities1]
FAILED tests/modules/test_m20_foresight_routes.py::test_scenario_http_rejects_invalid_or_coerced_weights[probabilities2]
FAILED tests/modules/test_m20_foresight_routes.py::test_scenario_http_rejects_invalid_or_coerced_weights[probabilities3]
4 failed, 55 passed, 1 warning in 11.46s
