.............................................FFFFFFFF                    [100%]
=================================== FAILURES ===================================
___________ test_sensitivity_swing_validates_before_evaluation[nan] ____________

swing = nan

    @pytest.mark.parametrize('swing', [float('nan'), float('inf'), -0.1, True])
    def test_sensitivity_swing_validates_before_evaluation(swing):
        calls = []
>       with pytest.raises(ValueError):
             ^^^^^^^^^^^^^^^^^^^^^^^^^
E       Failed: DID NOT RAISE ValueError

tests/modules/test_m20_reasoning.py:247: Failed
___________ test_sensitivity_swing_validates_before_evaluation[inf] ____________

swing = inf

    @pytest.mark.parametrize('swing', [float('nan'), float('inf'), -0.1, True])
    def test_sensitivity_swing_validates_before_evaluation(swing):
        calls = []
>       with pytest.raises(ValueError):
             ^^^^^^^^^^^^^^^^^^^^^^^^^
E       Failed: DID NOT RAISE ValueError

tests/modules/test_m20_reasoning.py:247: Failed
___________ test_sensitivity_swing_validates_before_evaluation[-0.1] ___________

swing = -0.1

    @pytest.mark.parametrize('swing', [float('nan'), float('inf'), -0.1, True])
    def test_sensitivity_swing_validates_before_evaluation(swing):
        calls = []
>       with pytest.raises(ValueError):
             ^^^^^^^^^^^^^^^^^^^^^^^^^
E       Failed: DID NOT RAISE ValueError

tests/modules/test_m20_reasoning.py:247: Failed
___________ test_sensitivity_swing_validates_before_evaluation[True] ___________

swing = True

    @pytest.mark.parametrize('swing', [float('nan'), float('inf'), -0.1, True])
    def test_sensitivity_swing_validates_before_evaluation(swing):
        calls = []
>       with pytest.raises(ValueError):
             ^^^^^^^^^^^^^^^^^^^^^^^^^
E       Failed: DID NOT RAISE ValueError

tests/modules/test_m20_reasoning.py:247: Failed
__________ test_sensitivity_callback_cannot_change_caller_parameters ___________

    def test_sensitivity_callback_cannot_change_caller_parameters():
        params = {'x': 2}
        def evaluate(values):
            result = values['x']
            values['x'] = 99
            return result
        rows = R.sensitivity_analysis(evaluate, params, swing=0.5)
>       assert params == {'x': 2}
E       AssertionError: assert {'x': 99} == {'x': 2}
E         
E         Differing items:
E         {'x': 99} != {'x': 2}
E         Use -v to get more diff

tests/modules/test_m20_reasoning.py:259: AssertionError
____________ test_sensitivity_invalid_evaluator_outputs_reject[nan] ____________

output = nan

    @pytest.mark.parametrize('output', [float('nan'), float('inf'), True])
    def test_sensitivity_invalid_evaluator_outputs_reject(output):
>       with pytest.raises(ValueError):
             ^^^^^^^^^^^^^^^^^^^^^^^^^
E       Failed: DID NOT RAISE ValueError

tests/modules/test_m20_reasoning.py:265: Failed
____________ test_sensitivity_invalid_evaluator_outputs_reject[inf] ____________

output = inf

    @pytest.mark.parametrize('output', [float('nan'), float('inf'), True])
    def test_sensitivity_invalid_evaluator_outputs_reject(output):
>       with pytest.raises(ValueError):
             ^^^^^^^^^^^^^^^^^^^^^^^^^
E       Failed: DID NOT RAISE ValueError

tests/modules/test_m20_reasoning.py:265: Failed
___________ test_sensitivity_invalid_evaluator_outputs_reject[True] ____________

output = True

    @pytest.mark.parametrize('output', [float('nan'), float('inf'), True])
    def test_sensitivity_invalid_evaluator_outputs_reject(output):
>       with pytest.raises(ValueError):
             ^^^^^^^^^^^^^^^^^^^^^^^^^
E       Failed: DID NOT RAISE ValueError

tests/modules/test_m20_reasoning.py:265: Failed
=========================== short test summary info ============================
FAILED tests/modules/test_m20_reasoning.py::test_sensitivity_swing_validates_before_evaluation[nan]
FAILED tests/modules/test_m20_reasoning.py::test_sensitivity_swing_validates_before_evaluation[inf]
FAILED tests/modules/test_m20_reasoning.py::test_sensitivity_swing_validates_before_evaluation[-0.1]
FAILED tests/modules/test_m20_reasoning.py::test_sensitivity_swing_validates_before_evaluation[True]
FAILED tests/modules/test_m20_reasoning.py::test_sensitivity_callback_cannot_change_caller_parameters
FAILED tests/modules/test_m20_reasoning.py::test_sensitivity_invalid_evaluator_outputs_reject[nan]
FAILED tests/modules/test_m20_reasoning.py::test_sensitivity_invalid_evaluator_outputs_reject[inf]
FAILED tests/modules/test_m20_reasoning.py::test_sensitivity_invalid_evaluator_outputs_reject[True]
8 failed, 45 passed in 1.30s
