...........................FFFFFF                                        [100%]
=================================== FAILURES ===================================
_____ test_simulation_http_does_not_coerce_numeric_inputs[predicted-True] ______

client = (<starlette.testclient.TestClient object at 0x7fe3156675c0>, <app.modules.m20_general_cognitive_worker.service.CognitiveWorkerService object at 0x7fe30faa9d90>)
field = 'predicted', value = True

    @pytest.mark.parametrize('field,value', [('predicted', True), ('predicted', '10'), ('confidence', True), ('confidence', '0.8')])
    def test_simulation_http_does_not_coerce_numeric_inputs(client, field, value):
        c, service = client
        body = {'domain': 'fixture', 'predicted': 10, 'confidence': 0.8}
        body[field] = value
        response = c.post('/api/modules/20/meta/simulations', json=body)
>       assert response.status_code == 422
E       assert 201 == 422
E        +  where 201 = <Response [201 Created]>.status_code

tests/modules/test_m20_foresight_routes.py:352: AssertionError
------------------------------ Captured log call -------------------------------
WARNING  app.auth.context:context.py:145 INSECURE DEVELOPMENT AUTH BYPASS: ATLAS_DEV_NO_AUTH=1 trusts identity headers; never deploy this mode
______ test_simulation_http_does_not_coerce_numeric_inputs[predicted-10] _______

client = (<starlette.testclient.TestClient object at 0x7fe3155a91f0>, <app.modules.m20_general_cognitive_worker.service.CognitiveWorkerService object at 0x7fe30fe05910>)
field = 'predicted', value = '10'

    @pytest.mark.parametrize('field,value', [('predicted', True), ('predicted', '10'), ('confidence', True), ('confidence', '0.8')])
    def test_simulation_http_does_not_coerce_numeric_inputs(client, field, value):
        c, service = client
        body = {'domain': 'fixture', 'predicted': 10, 'confidence': 0.8}
        body[field] = value
        response = c.post('/api/modules/20/meta/simulations', json=body)
>       assert response.status_code == 422
E       assert 201 == 422
E        +  where 201 = <Response [201 Created]>.status_code

tests/modules/test_m20_foresight_routes.py:352: AssertionError
------------------------------ Captured log call -------------------------------
WARNING  app.auth.context:context.py:145 INSECURE DEVELOPMENT AUTH BYPASS: ATLAS_DEV_NO_AUTH=1 trusts identity headers; never deploy this mode
_____ test_simulation_http_does_not_coerce_numeric_inputs[confidence-True] _____

client = (<starlette.testclient.TestClient object at 0x7fe3271d8170>, <app.modules.m20_general_cognitive_worker.service.CognitiveWorkerService object at 0x7fe3155aaf00>)
field = 'confidence', value = True

    @pytest.mark.parametrize('field,value', [('predicted', True), ('predicted', '10'), ('confidence', True), ('confidence', '0.8')])
    def test_simulation_http_does_not_coerce_numeric_inputs(client, field, value):
        c, service = client
        body = {'domain': 'fixture', 'predicted': 10, 'confidence': 0.8}
        body[field] = value
        response = c.post('/api/modules/20/meta/simulations', json=body)
>       assert response.status_code == 422
E       assert 201 == 422
E        +  where 201 = <Response [201 Created]>.status_code

tests/modules/test_m20_foresight_routes.py:352: AssertionError
------------------------------ Captured log call -------------------------------
WARNING  app.auth.context:context.py:145 INSECURE DEVELOPMENT AUTH BYPASS: ATLAS_DEV_NO_AUTH=1 trusts identity headers; never deploy this mode
_____ test_simulation_http_does_not_coerce_numeric_inputs[confidence-0.8] ______

client = (<starlette.testclient.TestClient object at 0x7fe30fdd6270>, <app.modules.m20_general_cognitive_worker.service.CognitiveWorkerService object at 0x7fe315303380>)
field = 'confidence', value = '0.8'

    @pytest.mark.parametrize('field,value', [('predicted', True), ('predicted', '10'), ('confidence', True), ('confidence', '0.8')])
    def test_simulation_http_does_not_coerce_numeric_inputs(client, field, value):
        c, service = client
        body = {'domain': 'fixture', 'predicted': 10, 'confidence': 0.8}
        body[field] = value
        response = c.post('/api/modules/20/meta/simulations', json=body)
>       assert response.status_code == 422
E       assert 201 == 422
E        +  where 201 = <Response [201 Created]>.status_code

tests/modules/test_m20_foresight_routes.py:352: AssertionError
------------------------------ Captured log call -------------------------------
WARNING  app.auth.context:context.py:145 INSECURE DEVELOPMENT AUTH BYPASS: ATLAS_DEV_NO_AUTH=1 trusts identity headers; never deploy this mode
_____________ test_simulation_http_actual_is_strict_numeric[True] ______________

client = (<starlette.testclient.TestClient object at 0x7fe31555e270>, <app.modules.m20_general_cognitive_worker.service.CognitiveWorkerService object at 0x7fe3140d5520>)
actual = True

    @pytest.mark.parametrize('actual', [True, '20'])
    def test_simulation_http_actual_is_strict_numeric(client, actual):
        c, service = client
        record = service.sim_fidelity.record_prediction('fixture', 10)
        response = c.post(f'/api/modules/20/meta/simulations/{record.record_id}/resolve', json={'actual': actual})
>       assert response.status_code == 422
E       assert 200 == 422
E        +  where 200 = <Response [200 OK]>.status_code

tests/modules/test_m20_foresight_routes.py:361: AssertionError
------------------------------ Captured log call -------------------------------
WARNING  app.auth.context:context.py:145 INSECURE DEVELOPMENT AUTH BYPASS: ATLAS_DEV_NO_AUTH=1 trusts identity headers; never deploy this mode
______________ test_simulation_http_actual_is_strict_numeric[20] _______________

client = (<starlette.testclient.TestClient object at 0x7fe30ff1fe30>, <app.modules.m20_general_cognitive_worker.service.CognitiveWorkerService object at 0x7fe3155835c0>)
actual = '20'

    @pytest.mark.parametrize('actual', [True, '20'])
    def test_simulation_http_actual_is_strict_numeric(client, actual):
        c, service = client
        record = service.sim_fidelity.record_prediction('fixture', 10)
        response = c.post(f'/api/modules/20/meta/simulations/{record.record_id}/resolve', json={'actual': actual})
>       assert response.status_code == 422
E       assert 200 == 422
E        +  where 200 = <Response [200 OK]>.status_code

tests/modules/test_m20_foresight_routes.py:361: AssertionError
------------------------------ Captured log call -------------------------------
WARNING  app.auth.context:context.py:145 INSECURE DEVELOPMENT AUTH BYPASS: ATLAS_DEV_NO_AUTH=1 trusts identity headers; never deploy this mode
=============================== warnings summary ===============================
.venv/lib/python3.12/site-packages/starlette/testclient.py:51
  /home/sandbox/atlas-ai/.venv/lib/python3.12/site-packages/starlette/testclient.py:51: DeprecationWarning: The anyio.abc.BlockingPortal alias is deprecated, use anyio.from_thread.BlockingPortal instead.
    _PortalFactoryType = Callable[[], AbstractContextManager[anyio.abc.BlockingPortal]]

-- Docs: https://docs.pytest.org/en/stable/how-to/capture-warnings.html
=========================== short test summary info ============================
FAILED tests/modules/test_m20_foresight_routes.py::test_simulation_http_does_not_coerce_numeric_inputs[predicted-True]
FAILED tests/modules/test_m20_foresight_routes.py::test_simulation_http_does_not_coerce_numeric_inputs[predicted-10]
FAILED tests/modules/test_m20_foresight_routes.py::test_simulation_http_does_not_coerce_numeric_inputs[confidence-True]
FAILED tests/modules/test_m20_foresight_routes.py::test_simulation_http_does_not_coerce_numeric_inputs[confidence-0.8]
FAILED tests/modules/test_m20_foresight_routes.py::test_simulation_http_actual_is_strict_numeric[True]
FAILED tests/modules/test_m20_foresight_routes.py::test_simulation_http_actual_is_strict_numeric[20]
6 failed, 27 passed, 1 warning in 6.58s
