..........FFFF                                                           [100%]
=================================== FAILURES ===================================
_______ test_later_interval_depends_on_both_prior_state_values[8-2.5-20] _______

interval = 8, ease = 2.5, expected = 20

    @pytest.mark.parametrize('interval,ease,expected',[(8,2.5,20),(7,1.3,10),(19,2.1,40),(3,1.7,6)])
    def test_later_interval_depends_on_both_prior_state_values(interval,ease,expected):
     r=review(repetitions=4,interval_days=interval,ease=ease)
>    assert r['interval_days']==expected
E    assert 17 == 20

tests/modules/test_m20_spaced_review.py:35: AssertionError
_______ test_later_interval_depends_on_both_prior_state_values[7-1.3-10] _______

interval = 7, ease = 1.3, expected = 10

    @pytest.mark.parametrize('interval,ease,expected',[(8,2.5,20),(7,1.3,10),(19,2.1,40),(3,1.7,6)])
    def test_later_interval_depends_on_both_prior_state_values(interval,ease,expected):
     r=review(repetitions=4,interval_days=interval,ease=ease)
>    assert r['interval_days']==expected
E    assert 17 == 10

tests/modules/test_m20_spaced_review.py:35: AssertionError
______ test_later_interval_depends_on_both_prior_state_values[19-2.1-40] _______

interval = 19, ease = 2.1, expected = 40

    @pytest.mark.parametrize('interval,ease,expected',[(8,2.5,20),(7,1.3,10),(19,2.1,40),(3,1.7,6)])
    def test_later_interval_depends_on_both_prior_state_values(interval,ease,expected):
     r=review(repetitions=4,interval_days=interval,ease=ease)
>    assert r['interval_days']==expected
E    assert 17 == 40

tests/modules/test_m20_spaced_review.py:35: AssertionError
_______ test_later_interval_depends_on_both_prior_state_values[3-1.7-6] ________

interval = 3, ease = 1.7, expected = 6

    @pytest.mark.parametrize('interval,ease,expected',[(8,2.5,20),(7,1.3,10),(19,2.1,40),(3,1.7,6)])
    def test_later_interval_depends_on_both_prior_state_values(interval,ease,expected):
     r=review(repetitions=4,interval_days=interval,ease=ease)
>    assert r['interval_days']==expected
E    assert 17 == 6

tests/modules/test_m20_spaced_review.py:35: AssertionError
=========================== short test summary info ============================
FAILED tests/modules/test_m20_spaced_review.py::test_later_interval_depends_on_both_prior_state_values[8-2.5-20]
FAILED tests/modules/test_m20_spaced_review.py::test_later_interval_depends_on_both_prior_state_values[7-1.3-10]
FAILED tests/modules/test_m20_spaced_review.py::test_later_interval_depends_on_both_prior_state_values[19-2.1-40]
FAILED tests/modules/test_m20_spaced_review.py::test_later_interval_depends_on_both_prior_state_values[3-1.7-6]
4 failed, 10 passed in 1.60s
