........................................................................ [ 57%]
....................................................F                    [100%]
=================================== FAILURES ===================================
___ test_default_temporal_check_executes_actual_constraint_reasoning_in_plan ___

    def test_default_temporal_check_executes_actual_constraint_reasoning_in_plan():
        runtime,repo=make_runtime()
        task=runtime.submit_goal('check supplied approval delivery timing',run_immediately=False)
        runtime.prepare_supplied_plan(task.id,steps=[{'title':'check timing','tool':'temporal_check',
            'arguments':{'temporal_events':['draft','approval','delivery'],'time_unit':'hours',
            'time_constraints':[{'from':'draft','to':'approval','minimum_gap':3},
                                {'from':'approval','to':'delivery','minimum_gap':4},
                                {'from':'draft','to':'delivery','maximum_gap':5}]}}])
        result=runtime.run_task(task.id)
>       assert result.state==TaskState.SUCCEEDED
E       AssertionError: assert <TaskState.FAILED: 'failed'> == <TaskState.SU...: 'succeeded'>
E         
E         - succeeded
E         + failed

tests/modules/test_m20_runtime_depth.py:1780: AssertionError
=============================== warnings summary ===============================
.venv/lib/python3.12/site-packages/starlette/testclient.py:51
  /home/sandbox/atlas-ai/.venv/lib/python3.12/site-packages/starlette/testclient.py:51: DeprecationWarning: The anyio.abc.BlockingPortal alias is deprecated, use anyio.from_thread.BlockingPortal instead.
    _PortalFactoryType = Callable[[], AbstractContextManager[anyio.abc.BlockingPortal]]

-- Docs: https://docs.pytest.org/en/stable/how-to/capture-warnings.html
=========================== short test summary info ============================
FAILED tests/modules/test_m20_runtime_depth.py::test_default_temporal_check_executes_actual_constraint_reasoning_in_plan
1 failed, 124 passed, 1 warning in 6.80s
