........................................................................ [  4%]
........................................................................ [  9%]
........................................................................ [ 13%]
........................................................................ [ 18%]
........................................................................ [ 22%]
........................................................................ [ 27%]
........................................................................ [ 32%]
........................................................................ [ 36%]
........................................................................ [ 41%]
........................................................................ [ 45%]
........................................................................ [ 50%]
........................................................................ [ 55%]
........................................................................ [ 59%]
........................................................................ [ 64%]
........................................................................ [ 68%]
........................................................................ [ 73%]
........................................................................ [ 78%]
........................................................................ [ 82%]
........................................................................ [ 87%]
........................................................................ [ 91%]
........................................................................ [ 96%]
.......................................................                  [100%]
=============================== warnings summary ===============================
tests/modules/test_m20_conic_solvers.py::test_conic_iteration_limit_does_not_promote_inaccurate_result
  /home/sandbox/atlas-ai/backend/app/modules/m20_general_cognitive_worker/conic_solvers.py:40: UserWarning: Solution may be inaccurate. Try another solver, adjusting the solver settings, or solve with verbose=True for more information.
    try:problem.solve(solver='SCS',eps=tol,max_iters=limit,verbose=False)

-- Docs: https://docs.pytest.org/en/stable/how-to/capture-warnings.html
1567 passed, 1 warning in 40.04s
