..........FFF                                                            [100%]
=================================== FAILURES ===================================
___ test_uncertainty_rejects_invalid_confidence_instead_of_silent_certainty ____

    def test_uncertainty_rejects_invalid_confidence_instead_of_silent_certainty():
        import pytest
        for confidence in [float('nan'), float('inf'), -0.1, 1.1, True, '0.9']:
>           with pytest.raises(ValueError):
                 ^^^^^^^^^^^^^^^^^^^^^^^^^
E           Failed: DID NOT RAISE ValueError

tests/modules/test_m20_reflection.py:145: Failed
_ test_uncertainty_thresholds_are_valid_probabilities_and_high_stakes_not_lower _

    def test_uncertainty_thresholds_are_valid_probabilities_and_high_stakes_not_lower():
        import pytest
        for kwargs in [{'ask_threshold': float('nan')}, {'ask_threshold': True},
                       {'high_stakes_threshold': 1.1}, {'ask_threshold': 0.9, 'high_stakes_threshold': 0.2}]:
>           with pytest.raises(ValueError):
                 ^^^^^^^^^^^^^^^^^^^^^^^^^
E           Failed: DID NOT RAISE ValueError

tests/modules/test_m20_reflection.py:153: Failed
_______________ test_uncertainty_high_stakes_flag_is_exact_bool ________________

    def test_uncertainty_high_stakes_flag_is_exact_bool():
        import pytest
>       with pytest.raises(ValueError):
             ^^^^^^^^^^^^^^^^^^^^^^^^^
E       Failed: DID NOT RAISE ValueError

tests/modules/test_m20_reflection.py:159: Failed
=========================== short test summary info ============================
FAILED tests/modules/test_m20_reflection.py::test_uncertainty_rejects_invalid_confidence_instead_of_silent_certainty
FAILED tests/modules/test_m20_reflection.py::test_uncertainty_thresholds_are_valid_probabilities_and_high_stakes_not_lower
FAILED tests/modules/test_m20_reflection.py::test_uncertainty_high_stakes_flag_is_exact_bool
3 failed, 10 passed in 1.37s
