F                                                                        [100%]
=================================== FAILURES ===================================
__________ test_late_result_recorded_no_stale_fence_or_replay[sqlite] __________

env = (<app.modules.m24_billing.checkout_dispatcher.CheckoutRepository object at 0x7fef0a8364b0>, <app.modules.m00_approval_...reated_at': datetime.datetime(2026, 10, 9, 12, 16, 58, 780430, tzinfo=datetime.timezone.utc), 'decided_at': None, ...})
monkeypatch = <_pytest.monkeypatch.MonkeyPatch object at 0x7fef0a6f33b0>

    def test_late_result_recorded_no_stale_fence_or_replay(env,monkeypatch):
        op=prepare(env);mock_ready(env,monkeypatch);fence=env[0].claim(op['id'],'t1',protocol_epoch=2)
        with env[2].begin() as db:db.execute(update(wa.OperationRow).where(wa.OperationRow.id==op['id']).values(lease_until=datetime.now(timezone.utc)-timedelta(seconds=2)))
        env[0].expire_uncertain(op['id'],'t1')
        with pytest.raises(wa.DispatchRefused):env[0].outcome(op['id'],'t1','stale',state='succeeded',result={'id':'cs_test_late','object':'checkout.session','livemode':False,'mode':'subscription','amount_total':2900,'currency':'usd','status':'open','payment_status':'unpaid'})
        result=env[0].outcome(op['id'],'t1',fence,state='succeeded',result={'id':'cs_test_late','object':'checkout.session','livemode':False,'mode':'subscription','amount_total':2900,'currency':'usd','status':'open','payment_status':'unpaid'})
>       assert result['state']=='succeeded_late'
E       AssertionError: assert 'succeeded' == 'succeeded_late'
E         
E         - succeeded_late
E         ?          -----
E         + succeeded

tests/modules/test_m24_checkout_dispatcher.py:199: AssertionError
=========================== short test summary info ============================
FAILED tests/modules/test_m24_checkout_dispatcher.py::test_late_result_recorded_no_stale_fence_or_replay[sqlite]
1 failed in 0.40s
