F                                                                        [100%]
=================================== FAILURES ===================================
__ test_commitment_deadline_elapsed_refused_at_both_boundaries[sqlite-entry] ___

env = (<app.modules.m24_billing.checkout_dispatcher.CheckoutRepository object at 0x7fb767c7ebd0>, <app.modules.m00_approval_...reated_at': datetime.datetime(2026, 10, 9, 12, 27, 46, 845623, tzinfo=datetime.timezone.utc), 'decided_at': None, ...})
monkeypatch = <_pytest.monkeypatch.MonkeyPatch object at 0x7fb7671f98e0>
stage = 'entry'

    @pytest.mark.parametrize('stage',['claim','entry'])
    def test_commitment_deadline_elapsed_refused_at_both_boundaries(env,monkeypatch,stage):
        from app.modules.m24_billing.precommit import preview_commitment
        from datetime import timedelta
        repo,svc,sessions,a=env;future=datetime.now(timezone.utc)+timedelta(hours=1)
        preview=preview_commitment(plan=PLANS['pro'].model_dump(),cancellation_policy='Cancel before renewal',cancellation_deadline=future)
        with sessions.begin() as db:
            row=db.get(ApprovalRequestRow,a['id']);row.payload={**row.payload,'commitment_preview':preview,'commitment_preview_sha256':preview['preview_sha256'],'expected_charge_cents':2900}
        op=prepare(env);mock_ready(env,monkeypatch)
        if stage=='entry':fence=repo.claim(op['id'],'t1',protocol_epoch=2)
        # Advance only repository DB-clock fixture, beyond commitment but within lease.
        original=repo._now
        monkeypatch.setattr(repo,'_now',lambda db:future+timedelta(seconds=1))
        if stage=='entry':
            with sessions.begin() as db:db.execute(update(wa.OperationRow).where(wa.OperationRow.id==op['id']).values(lease_until=future+timedelta(seconds=30),dispatch_not_after=future+timedelta(seconds=30)))
>           with pytest.raises(wa.DispatchRefused,match='commitment'):repo.before_entry(op['id'],'t1',fence)
                 ^^^^^^^^^^^^^^^^^^^^^^^^^^^^^^^^^^^^^^^^^^^^^^^^^^^^
E           Failed: DID NOT RAISE <class 'app.modules.m24_billing.write_ahead.DispatchRefused'>

tests/modules/test_m24_checkout_dispatcher.py:458: Failed
=========================== short test summary info ============================
FAILED tests/modules/test_m24_checkout_dispatcher.py::test_commitment_deadline_elapsed_refused_at_both_boundaries[sqlite-entry]
1 failed in 0.78s
