..FFF.                                                                   [100%]
=================================== FAILURES ===================================
____ test_service_maps_repository_lost_race_to_conflict_without_suggestions ____
tests/modules/test_m09_knowledge_workspace.py:38: in test_service_maps_repository_lost_race_to_conflict_without_suggestions
    with pytest.raises(ConflictError,match="node changed"):
         ^^^^^^^^^^^^^^^^^^^^^^^^^^^^^^^^^^^^^^^^^^^^^^^^^
E   Failed: DID NOT RAISE ConflictError
___________ test_duplicate_edge_maps_to_conflict_not_integrity_error ___________
/home/sandbox/atlas-ai/.venv/lib/python3.12/site-packages/sqlalchemy/engine/base.py:1943: in _exec_single_context
    self.dialect.do_execute(
/home/sandbox/atlas-ai/.venv/lib/python3.12/site-packages/sqlalchemy/engine/default.py:1192: in do_execute
    cursor.execute(statement, parameters)
E   sqlite3.IntegrityError: UNIQUE constraint failed: m09_edges.tenant_id, m09_edges.source_id, m09_edges.target_id, m09_edges.relationship

The above exception was the direct cause of the following exception:
backend/app/modules/m09_knowledge_workspace/repository.py:43: in save_edge
    with self.sessions.begin() as db:db.add(EdgeRow(tenant_id=self.tenant_id,id=e.id,source_id=e.source_id,target_id=e.target_id,relationship=e.relationship.value,rationale=e.rationale,evidence=e.evidence,confidence=e.confidence,created_at=e.created_at));db.add(AuditRow(tenant_id=self.tenant_id,actor_id=self.actor_id,action="edge.created",entity_id=e.id,detail={"relationship":e.relationship.value},created_at=e.created_at))
         ^^^^^^^^^^^^^^^^^^^^^
/home/sandbox/.local/share/uv/python/cpython-3.12.14-linux-x86_64-gnu/lib/python3.12/contextlib.py:144: in __exit__
    next(self.gen)
/home/sandbox/atlas-ai/.venv/lib/python3.12/site-packages/sqlalchemy/orm/session.py:1879: in _maker_context_manager
    with self.begin():
         ^^^^^^^^^^^^
/home/sandbox/atlas-ai/.venv/lib/python3.12/site-packages/sqlalchemy/engine/util.py:144: in __exit__
    with util.safe_reraise():
         ^^^^^^^^^^^^^^^^^^^
/home/sandbox/atlas-ai/.venv/lib/python3.12/site-packages/sqlalchemy/util/langhelpers.py:166: in __exit__
    raise exc_value.with_traceback(exc_tb)
/home/sandbox/atlas-ai/.venv/lib/python3.12/site-packages/sqlalchemy/engine/util.py:142: in __exit__
    self.commit()
/home/sandbox/atlas-ai/.venv/lib/python3.12/site-packages/sqlalchemy/orm/state_changes.py:137: in _go
    ret_value = fn(self, *arg, **kw)
                ^^^^^^^^^^^^^^^^^^^^
/home/sandbox/atlas-ai/.venv/lib/python3.12/site-packages/sqlalchemy/orm/session.py:1330: in commit
    self._prepare_impl()
/home/sandbox/atlas-ai/.venv/lib/python3.12/site-packages/sqlalchemy/orm/state_changes.py:137: in _go
    ret_value = fn(self, *arg, **kw)
                ^^^^^^^^^^^^^^^^^^^^
/home/sandbox/atlas-ai/.venv/lib/python3.12/site-packages/sqlalchemy/orm/session.py:1304: in _prepare_impl
    self.session.flush()
/home/sandbox/atlas-ai/.venv/lib/python3.12/site-packages/sqlalchemy/orm/session.py:4536: in flush
    self._flush(objects)
/home/sandbox/atlas-ai/.venv/lib/python3.12/site-packages/sqlalchemy/util/deprecations.py:281: in warned
    return fn(*args, **kwargs)  # type: ignore[no-any-return]
           ^^^^^^^^^^^^^^^^^^^
/home/sandbox/atlas-ai/.venv/lib/python3.12/site-packages/sqlalchemy/orm/session.py:4679: in _flush
    with util.safe_reraise():
         ^^^^^^^^^^^^^^^^^^^
/home/sandbox/atlas-ai/.venv/lib/python3.12/site-packages/sqlalchemy/util/langhelpers.py:166: in __exit__
    raise exc_value.with_traceback(exc_tb)
/home/sandbox/atlas-ai/.venv/lib/python3.12/site-packages/sqlalchemy/orm/session.py:4640: in _flush
    flush_context.execute()
/home/sandbox/atlas-ai/.venv/lib/python3.12/site-packages/sqlalchemy/orm/unitofwork.py:467: in execute
    rec.execute(self)
/home/sandbox/atlas-ai/.venv/lib/python3.12/site-packages/sqlalchemy/orm/unitofwork.py:643: in execute
    util.preloaded.orm_persistence._save_obj(
/home/sandbox/atlas-ai/.venv/lib/python3.12/site-packages/sqlalchemy/orm/persistence.py:92: in _save_obj
    _emit_insert_statements(
/home/sandbox/atlas-ai/.venv/lib/python3.12/site-packages/sqlalchemy/orm/persistence.py:1237: in _emit_insert_statements
    result = connection.execute(
/home/sandbox/atlas-ai/.venv/lib/python3.12/site-packages/sqlalchemy/engine/base.py:1448: in execute
    return meth(
/home/sandbox/atlas-ai/.venv/lib/python3.12/site-packages/sqlalchemy/sql/elements.py:533: in _execute_on_connection
    return connection._execute_clauseelement(
/home/sandbox/atlas-ai/.venv/lib/python3.12/site-packages/sqlalchemy/engine/base.py:1668: in _execute_clauseelement
    ret = self._execute_context(
/home/sandbox/atlas-ai/.venv/lib/python3.12/site-packages/sqlalchemy/engine/base.py:1822: in _execute_context
    return self._exec_single_context(
/home/sandbox/atlas-ai/.venv/lib/python3.12/site-packages/sqlalchemy/engine/base.py:1962: in _exec_single_context
    self._handle_dbapi_exception(
/home/sandbox/atlas-ai/.venv/lib/python3.12/site-packages/sqlalchemy/engine/base.py:2332: in _handle_dbapi_exception
    raise sqlalchemy_exception.with_traceback(exc_info[2]) from e
/home/sandbox/atlas-ai/.venv/lib/python3.12/site-packages/sqlalchemy/engine/base.py:1943: in _exec_single_context
    self.dialect.do_execute(
/home/sandbox/atlas-ai/.venv/lib/python3.12/site-packages/sqlalchemy/engine/default.py:1192: in do_execute
    cursor.execute(statement, parameters)
E   sqlalchemy.exc.IntegrityError: (sqlite3.IntegrityError) UNIQUE constraint failed: m09_edges.tenant_id, m09_edges.source_id, m09_edges.target_id, m09_edges.relationship
E   [SQL: INSERT INTO m09_edges (tenant_id, id, source_id, target_id, relationship, rationale, evidence, confidence, created_at) VALUES (?, ?, ?, ?, ?, ?, ?, ?, ?)]
E   [parameters: ('t', '2ea2b33f-3bfa-4658-a880-eb7b62b659d1', 'f5a54c49-7ced-4b42-8bf1-b560f00b443b', 'f5ef5221-db66-43e1-8bbb-20a4b2529787', 'related_to', None, '{}', 1.0, '2026-10-08 10:49:11.187603')]
E   (Background on this error at: https://sqlalche.me/e/21/gkpj)

The above exception was the direct cause of the following exception:
tests/modules/test_m09_knowledge_workspace.py:63: in test_duplicate_edge_maps_to_conflict_not_integrity_error
    svc.create_edge(EdgeCreate(source_id=a.id,target_id=b.id,relationship="related_to"))
backend/app/modules/m09_knowledge_workspace/service.py:19: in create_edge
    return self.repository.save_edge(Edge(id=str(uuid4()),confidence=confidence,created_at=datetime.now(timezone.utc),**data.model_dump()))
           ^^^^^^^^^^^^^^^^^^^^^^^^^^^^^^^^^^^^^^^^^^^^^^^^^^^^^^^^^^^^^^^^^^^^^^^^^^^^^^^^^^^^^^^^^^^^^^^^^^^^^^^^^^^^^^^^^^^^^^^^^^^^^^^^
backend/app/modules/m09_knowledge_workspace/repository.py:62: in save_edge
    raise DuplicateEdgeError("edge already exists") from exc
E   app.modules.m09_knowledge_workspace.repository.DuplicateEdgeError: edge already exists
____________________ test_duplicate_edge_route_returns_409 _____________________
/home/sandbox/atlas-ai/.venv/lib/python3.12/site-packages/sqlalchemy/engine/base.py:1943: in _exec_single_context
    self.dialect.do_execute(
/home/sandbox/atlas-ai/.venv/lib/python3.12/site-packages/sqlalchemy/engine/default.py:1192: in do_execute
    cursor.execute(statement, parameters)
E   sqlite3.IntegrityError: UNIQUE constraint failed: m09_edges.tenant_id, m09_edges.source_id, m09_edges.target_id, m09_edges.relationship

The above exception was the direct cause of the following exception:
backend/app/modules/m09_knowledge_workspace/repository.py:43: in save_edge
    with self.sessions.begin() as db:db.add(EdgeRow(tenant_id=self.tenant_id,id=e.id,source_id=e.source_id,target_id=e.target_id,relationship=e.relationship.value,rationale=e.rationale,evidence=e.evidence,confidence=e.confidence,created_at=e.created_at));db.add(AuditRow(tenant_id=self.tenant_id,actor_id=self.actor_id,action="edge.created",entity_id=e.id,detail={"relationship":e.relationship.value},created_at=e.created_at))
         ^^^^^^^^^^^^^^^^^^^^^
/home/sandbox/.local/share/uv/python/cpython-3.12.14-linux-x86_64-gnu/lib/python3.12/contextlib.py:144: in __exit__
    next(self.gen)
/home/sandbox/atlas-ai/.venv/lib/python3.12/site-packages/sqlalchemy/orm/session.py:1879: in _maker_context_manager
    with self.begin():
         ^^^^^^^^^^^^
/home/sandbox/atlas-ai/.venv/lib/python3.12/site-packages/sqlalchemy/engine/util.py:144: in __exit__
    with util.safe_reraise():
         ^^^^^^^^^^^^^^^^^^^
/home/sandbox/atlas-ai/.venv/lib/python3.12/site-packages/sqlalchemy/util/langhelpers.py:166: in __exit__
    raise exc_value.with_traceback(exc_tb)
/home/sandbox/atlas-ai/.venv/lib/python3.12/site-packages/sqlalchemy/engine/util.py:142: in __exit__
    self.commit()
/home/sandbox/atlas-ai/.venv/lib/python3.12/site-packages/sqlalchemy/orm/state_changes.py:137: in _go
    ret_value = fn(self, *arg, **kw)
                ^^^^^^^^^^^^^^^^^^^^
/home/sandbox/atlas-ai/.venv/lib/python3.12/site-packages/sqlalchemy/orm/session.py:1330: in commit
    self._prepare_impl()
/home/sandbox/atlas-ai/.venv/lib/python3.12/site-packages/sqlalchemy/orm/state_changes.py:137: in _go
    ret_value = fn(self, *arg, **kw)
                ^^^^^^^^^^^^^^^^^^^^
/home/sandbox/atlas-ai/.venv/lib/python3.12/site-packages/sqlalchemy/orm/session.py:1304: in _prepare_impl
    self.session.flush()
/home/sandbox/atlas-ai/.venv/lib/python3.12/site-packages/sqlalchemy/orm/session.py:4536: in flush
    self._flush(objects)
/home/sandbox/atlas-ai/.venv/lib/python3.12/site-packages/sqlalchemy/util/deprecations.py:281: in warned
    return fn(*args, **kwargs)  # type: ignore[no-any-return]
           ^^^^^^^^^^^^^^^^^^^
/home/sandbox/atlas-ai/.venv/lib/python3.12/site-packages/sqlalchemy/orm/session.py:4679: in _flush
    with util.safe_reraise():
         ^^^^^^^^^^^^^^^^^^^
/home/sandbox/atlas-ai/.venv/lib/python3.12/site-packages/sqlalchemy/util/langhelpers.py:166: in __exit__
    raise exc_value.with_traceback(exc_tb)
/home/sandbox/atlas-ai/.venv/lib/python3.12/site-packages/sqlalchemy/orm/session.py:4640: in _flush
    flush_context.execute()
/home/sandbox/atlas-ai/.venv/lib/python3.12/site-packages/sqlalchemy/orm/unitofwork.py:467: in execute
    rec.execute(self)
/home/sandbox/atlas-ai/.venv/lib/python3.12/site-packages/sqlalchemy/orm/unitofwork.py:643: in execute
    util.preloaded.orm_persistence._save_obj(
/home/sandbox/atlas-ai/.venv/lib/python3.12/site-packages/sqlalchemy/orm/persistence.py:92: in _save_obj
    _emit_insert_statements(
/home/sandbox/atlas-ai/.venv/lib/python3.12/site-packages/sqlalchemy/orm/persistence.py:1237: in _emit_insert_statements
    result = connection.execute(
/home/sandbox/atlas-ai/.venv/lib/python3.12/site-packages/sqlalchemy/engine/base.py:1448: in execute
    return meth(
/home/sandbox/atlas-ai/.venv/lib/python3.12/site-packages/sqlalchemy/sql/elements.py:533: in _execute_on_connection
    return connection._execute_clauseelement(
/home/sandbox/atlas-ai/.venv/lib/python3.12/site-packages/sqlalchemy/engine/base.py:1668: in _execute_clauseelement
    ret = self._execute_context(
/home/sandbox/atlas-ai/.venv/lib/python3.12/site-packages/sqlalchemy/engine/base.py:1822: in _execute_context
    return self._exec_single_context(
/home/sandbox/atlas-ai/.venv/lib/python3.12/site-packages/sqlalchemy/engine/base.py:1962: in _exec_single_context
    self._handle_dbapi_exception(
/home/sandbox/atlas-ai/.venv/lib/python3.12/site-packages/sqlalchemy/engine/base.py:2332: in _handle_dbapi_exception
    raise sqlalchemy_exception.with_traceback(exc_info[2]) from e
/home/sandbox/atlas-ai/.venv/lib/python3.12/site-packages/sqlalchemy/engine/base.py:1943: in _exec_single_context
    self.dialect.do_execute(
/home/sandbox/atlas-ai/.venv/lib/python3.12/site-packages/sqlalchemy/engine/default.py:1192: in do_execute
    cursor.execute(statement, parameters)
E   sqlalchemy.exc.IntegrityError: (sqlite3.IntegrityError) UNIQUE constraint failed: m09_edges.tenant_id, m09_edges.source_id, m09_edges.target_id, m09_edges.relationship
E   [SQL: INSERT INTO m09_edges (tenant_id, id, source_id, target_id, relationship, rationale, evidence, confidence, created_at) VALUES (?, ?, ?, ?, ?, ?, ?, ?, ?)]
E   [parameters: ('t', '1b3fe306-8db5-4dd6-9bff-a1dae7680414', 'c16b115d-c8a1-43bc-b314-0585515b8cad', '46ac0921-23f5-4b28-91f4-ac64b39c090d', 'related_to', None, '{}', 1.0, '2026-10-08 10:49:17.304925')]
E   (Background on this error at: https://sqlalche.me/e/21/gkpj)

The above exception was the direct cause of the following exception:
tests/modules/test_m09_knowledge_workspace.py:79: in test_duplicate_edge_route_returns_409
    r=c.post(f"{base}/edges",json=body,headers=H)
      ^^^^^^^^^^^^^^^^^^^^^^^^^^^^^^^^^^^^^^^^^^^
/home/sandbox/atlas-ai/.venv/lib/python3.12/site-packages/starlette/testclient.py:552: in post
    return super().post(
/home/sandbox/atlas-ai/.venv/lib/python3.12/site-packages/httpx/_client.py:1144: in post
    return self.request(
/home/sandbox/atlas-ai/.venv/lib/python3.12/site-packages/starlette/testclient.py:451: in request
    return super().request(
/home/sandbox/atlas-ai/.venv/lib/python3.12/site-packages/httpx/_client.py:825: in request
    return self.send(request, auth=auth, follow_redirects=follow_redirects)
           ^^^^^^^^^^^^^^^^^^^^^^^^^^^^^^^^^^^^^^^^^^^^^^^^^^^^^^^^^^^^^^^^
/home/sandbox/atlas-ai/.venv/lib/python3.12/site-packages/httpx/_client.py:914: in send
    response = self._send_handling_auth(
/home/sandbox/atlas-ai/.venv/lib/python3.12/site-packages/httpx/_client.py:942: in _send_handling_auth
    response = self._send_handling_redirects(
/home/sandbox/atlas-ai/.venv/lib/python3.12/site-packages/httpx/_client.py:979: in _send_handling_redirects
    response = self._send_single_request(request)
               ^^^^^^^^^^^^^^^^^^^^^^^^^^^^^^^^^^
/home/sandbox/atlas-ai/.venv/lib/python3.12/site-packages/httpx/_client.py:1014: in _send_single_request
    response = transport.handle_request(request)
               ^^^^^^^^^^^^^^^^^^^^^^^^^^^^^^^^^
/home/sandbox/atlas-ai/.venv/lib/python3.12/site-packages/starlette/testclient.py:354: in handle_request
    raise exc
/home/sandbox/atlas-ai/.venv/lib/python3.12/site-packages/starlette/testclient.py:351: in handle_request
    portal.call(self.app, scope, receive, send)
/home/sandbox/atlas-ai/.venv/lib/python3.12/site-packages/anyio/from_thread.py:340: in call
    return cast(T_Retval, self.start_task_soon(func, *args).result())
                          ^^^^^^^^^^^^^^^^^^^^^^^^^^^^^^^^^^^^^^^^^^
/home/sandbox/.local/share/uv/python/cpython-3.12.14-linux-x86_64-gnu/lib/python3.12/concurrent/futures/_base.py:456: in result
    return self.__get_result()
           ^^^^^^^^^^^^^^^^^^^
/home/sandbox/.local/share/uv/python/cpython-3.12.14-linux-x86_64-gnu/lib/python3.12/concurrent/futures/_base.py:401: in __get_result
    raise self._exception
/home/sandbox/atlas-ai/.venv/lib/python3.12/site-packages/anyio/from_thread.py:265: in _call_func
    retval = await retval_or_awaitable
             ^^^^^^^^^^^^^^^^^^^^^^^^^
/home/sandbox/atlas-ai/.venv/lib/python3.12/site-packages/fastapi/applications.py:1054: in __call__
    await super().__call__(scope, receive, send)
/home/sandbox/atlas-ai/.venv/lib/python3.12/site-packages/starlette/applications.py:113: in __call__
    await self.middleware_stack(scope, receive, send)
/home/sandbox/atlas-ai/.venv/lib/python3.12/site-packages/starlette/middleware/errors.py:186: in __call__
    raise exc
/home/sandbox/atlas-ai/.venv/lib/python3.12/site-packages/starlette/middleware/errors.py:164: in __call__
    await self.app(scope, receive, _send)
/home/sandbox/atlas-ai/.venv/lib/python3.12/site-packages/starlette/middleware/base.py:182: in __call__
    with recv_stream, send_stream, collapse_excgroups():
                                   ^^^^^^^^^^^^^^^^^^^^
/home/sandbox/.local/share/uv/python/cpython-3.12.14-linux-x86_64-gnu/lib/python3.12/contextlib.py:158: in __exit__
    self.gen.throw(value)
/home/sandbox/atlas-ai/.venv/lib/python3.12/site-packages/starlette/_utils.py:85: in collapse_excgroups
    raise exc
/home/sandbox/atlas-ai/.venv/lib/python3.12/site-packages/starlette/middleware/base.py:184: in __call__
    response = await self.dispatch_func(request, call_next)
               ^^^^^^^^^^^^^^^^^^^^^^^^^^^^^^^^^^^^^^^^^^^^
backend/app/platform/middleware.py:20: in dispatch
    response=await call_next(request);response.headers['traceparent']=trace;return response
             ^^^^^^^^^^^^^^^^^^^^^^^^
/home/sandbox/atlas-ai/.venv/lib/python3.12/site-packages/starlette/middleware/base.py:159: in call_next
    raise app_exc
/home/sandbox/atlas-ai/.venv/lib/python3.12/site-packages/starlette/middleware/base.py:144: in coro
    await self.app(scope, receive_or_disconnect, send_no_error)
/home/sandbox/atlas-ai/.venv/lib/python3.12/site-packages/starlette/middleware/exceptions.py:63: in __call__
    await wrap_app_handling_exceptions(self.app, conn)(scope, receive, send)
/home/sandbox/atlas-ai/.venv/lib/python3.12/site-packages/starlette/_exception_handler.py:53: in wrapped_app
    raise exc
/home/sandbox/atlas-ai/.venv/lib/python3.12/site-packages/starlette/_exception_handler.py:42: in wrapped_app
    await app(scope, receive, sender)
/home/sandbox/atlas-ai/.venv/lib/python3.12/site-packages/starlette/routing.py:716: in __call__
    await self.middleware_stack(scope, receive, send)
/home/sandbox/atlas-ai/.venv/lib/python3.12/site-packages/starlette/routing.py:736: in app
    await route.handle(scope, receive, send)
/home/sandbox/atlas-ai/.venv/lib/python3.12/site-packages/starlette/routing.py:290: in handle
    await self.app(scope, receive, send)
/home/sandbox/atlas-ai/.venv/lib/python3.12/site-packages/starlette/routing.py:78: in app
    await wrap_app_handling_exceptions(app, request)(scope, receive, send)
/home/sandbox/atlas-ai/.venv/lib/python3.12/site-packages/starlette/_exception_handler.py:53: in wrapped_app
    raise exc
/home/sandbox/atlas-ai/.venv/lib/python3.12/site-packages/starlette/_exception_handler.py:42: in wrapped_app
    await app(scope, receive, sender)
/home/sandbox/atlas-ai/.venv/lib/python3.12/site-packages/starlette/routing.py:75: in app
    response = await f(request)
               ^^^^^^^^^^^^^^^^
/home/sandbox/atlas-ai/.venv/lib/python3.12/site-packages/fastapi/routing.py:302: in app
    raw_response = await run_endpoint_function(
/home/sandbox/atlas-ai/.venv/lib/python3.12/site-packages/fastapi/routing.py:215: in run_endpoint_function
    return await run_in_threadpool(dependant.call, **values)
           ^^^^^^^^^^^^^^^^^^^^^^^^^^^^^^^^^^^^^^^^^^^^^^^^^
/home/sandbox/atlas-ai/.venv/lib/python3.12/site-packages/starlette/concurrency.py:38: in run_in_threadpool
    return await anyio.to_thread.run_sync(func)
           ^^^^^^^^^^^^^^^^^^^^^^^^^^^^^^^^^^^^
/home/sandbox/atlas-ai/.venv/lib/python3.12/site-packages/anyio/to_thread.py:65: in run_sync
    return await get_async_backend().run_sync_in_worker_thread(
/home/sandbox/atlas-ai/.venv/lib/python3.12/site-packages/anyio/_backends/_asyncio.py:2706: in run_sync_in_worker_thread
    return await future
           ^^^^^^^^^^^^
/home/sandbox/atlas-ai/.venv/lib/python3.12/site-packages/anyio/_backends/_asyncio.py:1100: in run
    result = context.run(func, *args)
             ^^^^^^^^^^^^^^^^^^^^^^^^
backend/app/modules/m09_knowledge_workspace/routes.py:20: in create_edge
    try:return service.create_edge(data)
               ^^^^^^^^^^^^^^^^^^^^^^^^^
backend/app/modules/m09_knowledge_workspace/service.py:19: in create_edge
    return self.repository.save_edge(Edge(id=str(uuid4()),confidence=confidence,created_at=datetime.now(timezone.utc),**data.model_dump()))
           ^^^^^^^^^^^^^^^^^^^^^^^^^^^^^^^^^^^^^^^^^^^^^^^^^^^^^^^^^^^^^^^^^^^^^^^^^^^^^^^^^^^^^^^^^^^^^^^^^^^^^^^^^^^^^^^^^^^^^^^^^^^^^^^^
backend/app/modules/m09_knowledge_workspace/repository.py:62: in save_edge
    raise DuplicateEdgeError("edge already exists") from exc
E   app.modules.m09_knowledge_workspace.repository.DuplicateEdgeError: edge already exists
------------------------------ Captured log call -------------------------------
WARNING  app.auth.context:context.py:145 INSECURE DEVELOPMENT AUTH BYPASS: ATLAS_DEV_NO_AUTH=1 trusts identity headers; never deploy this mode
WARNING  app.auth.context:context.py:145 INSECURE DEVELOPMENT AUTH BYPASS: ATLAS_DEV_NO_AUTH=1 trusts identity headers; never deploy this mode
WARNING  app.auth.context:context.py:145 INSECURE DEVELOPMENT AUTH BYPASS: ATLAS_DEV_NO_AUTH=1 trusts identity headers; never deploy this mode
WARNING  app.auth.context:context.py:145 INSECURE DEVELOPMENT AUTH BYPASS: ATLAS_DEV_NO_AUTH=1 trusts identity headers; never deploy this mode
WARNING  app.auth.context:context.py:145 INSECURE DEVELOPMENT AUTH BYPASS: ATLAS_DEV_NO_AUTH=1 trusts identity headers; never deploy this mode
WARNING  app.auth.context:context.py:145 INSECURE DEVELOPMENT AUTH BYPASS: ATLAS_DEV_NO_AUTH=1 trusts identity headers; never deploy this mode
WARNING  app.auth.context:context.py:145 INSECURE DEVELOPMENT AUTH BYPASS: ATLAS_DEV_NO_AUTH=1 trusts identity headers; never deploy this mode
WARNING  app.auth.context:context.py:145 INSECURE DEVELOPMENT AUTH BYPASS: ATLAS_DEV_NO_AUTH=1 trusts identity headers; never deploy this mode
=============================== warnings summary ===============================
tests/modules/test_m09_knowledge_workspace.py::test_duplicate_edge_route_returns_409
  /home/sandbox/atlas-ai/.venv/lib/python3.12/site-packages/starlette/testclient.py:51: DeprecationWarning: The anyio.abc.BlockingPortal alias is deprecated, use anyio.from_thread.BlockingPortal instead.
    _PortalFactoryType = Callable[[], AbstractContextManager[anyio.abc.BlockingPortal]]

-- Docs: https://docs.pytest.org/en/stable/how-to/capture-warnings.html
=========================== short test summary info ============================
FAILED tests/modules/test_m09_knowledge_workspace.py::test_service_maps_repository_lost_race_to_conflict_without_suggestions
FAILED tests/modules/test_m09_knowledge_workspace.py::test_duplicate_edge_maps_to_conflict_not_integrity_error
FAILED tests/modules/test_m09_knowledge_workspace.py::test_duplicate_edge_route_returns_409
3 failed, 3 passed, 1 warning in 7.45s
