............................FF{'delay': 0.01, 'outcomes': {'executed': 23, 'held': 17}, 'adapter_calls': 20}
.
=================================== FAILURES ===================================
___ test_execution_start_profiles_count_outcomes_without_executor_barrier[0] ___

env = (<app.modules.m00_approval_center.service.Service object at 0x7f68e1f03860>, {'action_type': 'fixture', 'approved_by':....db), autoflush=True, expire_on_commit=False), <test_m00_execution_ledger.env.<locals>.Clock object at 0x7f68e23dda30>)
delay = 0

    @pytest.mark.parametrize('delay',[0,0.001,0.01])
    def test_execution_start_profiles_count_outcomes_without_executor_barrier(env,delay):
        import time
        svc,_,_,_=env
        counts={'executed':0,'held':0};calls=[];lock=threading.Lock()
        def adapter(payload):
            with lock:calls.append(payload['trial'])
            time.sleep(0.002);return {'trial':payload['trial']}
        action_registry.register_executor(5,'profile',adapter)
        for trial in range(20):
            view=svc.submit(module_id=5,action_type='profile',payload={'trial':trial},user_id='owner')
            svc.decide(view['id'],ApprovalStatus.APPROVED,'fixture');barrier=threading.Barrier(2)
            def worker(offset):
                barrier.wait(5);time.sleep(offset)
                try:return execute_approved_action.run(view['id'],f'profile-{trial}')['status']
                except execution.ExecutionUnknown:return 'held'
>           with ThreadPoolExecutor(2) as pool:results=list(pool.map(worker,[0,delay]))
                                                       ^^^^^^^^^^^^^^^^^^^^^^^^^^^^^^^^

tests/modules/test_m00_execution_ledger.py:310: 
_ _ _ _ _ _ _ _ _ _ _ _ _ _ _ _ _ _ _ _ _ _ _ _ _ _ _ _ _ _ _ _ _ _ _ _ _ _ _ _ 
/home/sandbox/.local/share/uv/python/cpython-3.12.14-linux-x86_64-gnu/lib/python3.12/concurrent/futures/_base.py:619: in result_iterator
    yield _result_or_cancel(fs.pop())
          ^^^^^^^^^^^^^^^^^^^^^^^^^^^
/home/sandbox/.local/share/uv/python/cpython-3.12.14-linux-x86_64-gnu/lib/python3.12/concurrent/futures/_base.py:317: in _result_or_cancel
    return fut.result(timeout)
           ^^^^^^^^^^^^^^^^^^^
/home/sandbox/.local/share/uv/python/cpython-3.12.14-linux-x86_64-gnu/lib/python3.12/concurrent/futures/_base.py:456: in result
    return self.__get_result()
           ^^^^^^^^^^^^^^^^^^^
/home/sandbox/.local/share/uv/python/cpython-3.12.14-linux-x86_64-gnu/lib/python3.12/concurrent/futures/_base.py:401: in __get_result
    raise self._exception
/home/sandbox/.local/share/uv/python/cpython-3.12.14-linux-x86_64-gnu/lib/python3.12/concurrent/futures/thread.py:59: in run
    result = self.fn(*self.args, **self.kwargs)
             ^^^^^^^^^^^^^^^^^^^^^^^^^^^^^^^^^^
tests/modules/test_m00_execution_ledger.py:308: in worker
    try:return execute_approved_action.run(view['id'],f'profile-{trial}')['status']
               ^^^^^^^^^^^^^^^^^^^^^^^^^^^^^^^^^^^^^^^^^^^^^^^^^^^^^^^^^^
backend/app/workers/tasks.py:29: in execute_approved_action
    execution.prepare(service,view,effect_id,version)
backend/app/modules/m00_approval_center/execution.py:80: in prepare
    service.consume_effect(view['id'], module_id=view['module_id'], action_type=view['action_type'],
_ _ _ _ _ _ _ _ _ _ _ _ _ _ _ _ _ _ _ _ _ _ _ _ _ _ _ _ _ _ _ _ _ _ _ _ _ _ _ _ 

self = <app.modules.m00_approval_center.service.Service object at 0x7f68e1f03860>
approval_id = 'd0d31eff-4e21-4066-9488-74bb3be7e2bc'

    def consume_effect(self: Service, approval_id: str, *, module_id: int, action_type: str,
                       payload: dict[str, Any], user_id: str, effect_id: str,
                       actor: str, _session: Session | None = None) -> dict[str, Any]:
        """Atomically issue a one-shot permit bound to the exact reviewed request."""
        for field, value in (("actor", actor), ("effect_id", effect_id)):
            ceiling = 120 if field == "actor" else 200
            if not isinstance(value, str) or not value.strip() or len(value) > ceiling:
                raise ValueError(f"{field} must be nonempty and at most {ceiling} characters")
        digest = _request_hash(module_id=module_id, action_type=action_type, payload=payload, user_id=user_id)
        now = self._clock()
        from sqlalchemy.exc import IntegrityError
        try:
            from contextlib import nullcontext
            with (self._sessions.begin() if _session is None else nullcontext(_session)) as db:
                row = self._fetch(db, approval_id)
                from .impact import ApprovalReviewStateRow, validate_bound_snapshot
                validate_bound_snapshot(_view(row), db.get(ApprovalReviewStateRow, approval_id))
                expired = self._expire_if_overdue(db, row, now)
                if not expired:
                    existing = db.scalar(select(ApprovalEffectRow).where(ApprovalEffectRow.approval_id == approval_id))
                    if existing:
                        if existing.effect_id == effect_id and existing.request_hash == digest:
                            return {"approval_id": approval_id, "effect_id": effect_id,
                                    "allowed": True, "consumed_at": _aware(existing.consumed_at)}
                        raise ApprovalConflictError("approval has already been consumed")
                    if row.status != ApprovalStatus.APPROVED.value:
                        raise ApprovalConflictError(f"approval is {row.status}, not approved")
                    stored = _request_hash(module_id=row.module_id, action_type=row.action_type,
                                           payload=row.payload, user_id=row.user_id)
                    if stored != digest:
                        raise ApprovalConflictError("effect does not match approved request")
                    if db.scalar(select(ApprovalEffectRow).where(ApprovalEffectRow.effect_id == effect_id)):
>                       raise ApprovalConflictError("effect id has already been used")
E                       app.modules.m00_approval_center.service.ApprovalConflictError: effect id has already been used

backend/app/modules/m00_approval_center/service.py:796: ApprovalConflictError
_ test_execution_start_profiles_count_outcomes_without_executor_barrier[0.001] _

env = (<app.modules.m00_approval_center.service.Service object at 0x7f68e23366f0>, {'action_type': 'fixture', 'approved_by':....db), autoflush=True, expire_on_commit=False), <test_m00_execution_ledger.env.<locals>.Clock object at 0x7f68e2336750>)
delay = 0.001

    @pytest.mark.parametrize('delay',[0,0.001,0.01])
    def test_execution_start_profiles_count_outcomes_without_executor_barrier(env,delay):
        import time
        svc,_,_,_=env
        counts={'executed':0,'held':0};calls=[];lock=threading.Lock()
        def adapter(payload):
            with lock:calls.append(payload['trial'])
            time.sleep(0.002);return {'trial':payload['trial']}
        action_registry.register_executor(5,'profile',adapter)
        for trial in range(20):
            view=svc.submit(module_id=5,action_type='profile',payload={'trial':trial},user_id='owner')
            svc.decide(view['id'],ApprovalStatus.APPROVED,'fixture');barrier=threading.Barrier(2)
            def worker(offset):
                barrier.wait(5);time.sleep(offset)
                try:return execute_approved_action.run(view['id'],f'profile-{trial}')['status']
                except execution.ExecutionUnknown:return 'held'
>           with ThreadPoolExecutor(2) as pool:results=list(pool.map(worker,[0,delay]))
                                                       ^^^^^^^^^^^^^^^^^^^^^^^^^^^^^^^^

tests/modules/test_m00_execution_ledger.py:310: 
_ _ _ _ _ _ _ _ _ _ _ _ _ _ _ _ _ _ _ _ _ _ _ _ _ _ _ _ _ _ _ _ _ _ _ _ _ _ _ _ 
/home/sandbox/.local/share/uv/python/cpython-3.12.14-linux-x86_64-gnu/lib/python3.12/concurrent/futures/_base.py:619: in result_iterator
    yield _result_or_cancel(fs.pop())
          ^^^^^^^^^^^^^^^^^^^^^^^^^^^
/home/sandbox/.local/share/uv/python/cpython-3.12.14-linux-x86_64-gnu/lib/python3.12/concurrent/futures/_base.py:317: in _result_or_cancel
    return fut.result(timeout)
           ^^^^^^^^^^^^^^^^^^^
/home/sandbox/.local/share/uv/python/cpython-3.12.14-linux-x86_64-gnu/lib/python3.12/concurrent/futures/_base.py:456: in result
    return self.__get_result()
           ^^^^^^^^^^^^^^^^^^^
/home/sandbox/.local/share/uv/python/cpython-3.12.14-linux-x86_64-gnu/lib/python3.12/concurrent/futures/_base.py:401: in __get_result
    raise self._exception
/home/sandbox/.local/share/uv/python/cpython-3.12.14-linux-x86_64-gnu/lib/python3.12/concurrent/futures/thread.py:59: in run
    result = self.fn(*self.args, **self.kwargs)
             ^^^^^^^^^^^^^^^^^^^^^^^^^^^^^^^^^^
tests/modules/test_m00_execution_ledger.py:308: in worker
    try:return execute_approved_action.run(view['id'],f'profile-{trial}')['status']
               ^^^^^^^^^^^^^^^^^^^^^^^^^^^^^^^^^^^^^^^^^^^^^^^^^^^^^^^^^^
backend/app/workers/tasks.py:29: in execute_approved_action
    execution.prepare(service,view,effect_id,version)
backend/app/modules/m00_approval_center/execution.py:80: in prepare
    service.consume_effect(view['id'], module_id=view['module_id'], action_type=view['action_type'],
_ _ _ _ _ _ _ _ _ _ _ _ _ _ _ _ _ _ _ _ _ _ _ _ _ _ _ _ _ _ _ _ _ _ _ _ _ _ _ _ 

self = <app.modules.m00_approval_center.service.Service object at 0x7f68e23366f0>
approval_id = '3c2d5c76-78ba-43b3-9278-ca78d1b168c0'

    def consume_effect(self: Service, approval_id: str, *, module_id: int, action_type: str,
                       payload: dict[str, Any], user_id: str, effect_id: str,
                       actor: str, _session: Session | None = None) -> dict[str, Any]:
        """Atomically issue a one-shot permit bound to the exact reviewed request."""
        for field, value in (("actor", actor), ("effect_id", effect_id)):
            ceiling = 120 if field == "actor" else 200
            if not isinstance(value, str) or not value.strip() or len(value) > ceiling:
                raise ValueError(f"{field} must be nonempty and at most {ceiling} characters")
        digest = _request_hash(module_id=module_id, action_type=action_type, payload=payload, user_id=user_id)
        now = self._clock()
        from sqlalchemy.exc import IntegrityError
        try:
            from contextlib import nullcontext
            with (self._sessions.begin() if _session is None else nullcontext(_session)) as db:
                row = self._fetch(db, approval_id)
                from .impact import ApprovalReviewStateRow, validate_bound_snapshot
                validate_bound_snapshot(_view(row), db.get(ApprovalReviewStateRow, approval_id))
                expired = self._expire_if_overdue(db, row, now)
                if not expired:
                    existing = db.scalar(select(ApprovalEffectRow).where(ApprovalEffectRow.approval_id == approval_id))
                    if existing:
                        if existing.effect_id == effect_id and existing.request_hash == digest:
                            return {"approval_id": approval_id, "effect_id": effect_id,
                                    "allowed": True, "consumed_at": _aware(existing.consumed_at)}
                        raise ApprovalConflictError("approval has already been consumed")
                    if row.status != ApprovalStatus.APPROVED.value:
                        raise ApprovalConflictError(f"approval is {row.status}, not approved")
                    stored = _request_hash(module_id=row.module_id, action_type=row.action_type,
                                           payload=row.payload, user_id=row.user_id)
                    if stored != digest:
                        raise ApprovalConflictError("effect does not match approved request")
                    if db.scalar(select(ApprovalEffectRow).where(ApprovalEffectRow.effect_id == effect_id)):
>                       raise ApprovalConflictError("effect id has already been used")
E                       app.modules.m00_approval_center.service.ApprovalConflictError: effect id has already been used

backend/app/modules/m00_approval_center/service.py:796: ApprovalConflictError
=============================== warnings summary ===============================
tests/modules/test_m00_execution_ledger.py::test_execution_postgres_separate_claims_exactly_one_wins_and_fenced_outcome_persists
  /tmp/atlas-memo3-venv/lib/python3.12/site-packages/platformdirs/api.py:459: RuntimeDirWarning: XDG_RUNTIME_DIR is not set, falling back to /tmp/runtime-1001
    return Path(self.user_runtime_dir)

-- Docs: https://docs.pytest.org/en/stable/how-to/capture-warnings.html
=========================== short test summary info ============================
FAILED tests/modules/test_m00_execution_ledger.py::test_execution_start_profiles_count_outcomes_without_executor_barrier[0]
FAILED tests/modules/test_m00_execution_ledger.py::test_execution_start_profiles_count_outcomes_without_executor_barrier[0.001]
2 failed, 29 passed, 1 warning in 22.44s
