........................................................................ [ 10%]
........................................................................ [ 21%]
.........................FFF...F.FFFF.FFFFFFFF..FF.FFF....F..........F.. [ 32%]
.F..............................F...F.............F..................... [ 43%]
........................................................................ [ 54%]
.............................................................FF......... [ 65%]
........................................................................ [ 76%]
........................................................................ [ 87%]
........................................................................ [ 98%]
.......                                                                  [100%]
=================================== FAILURES ===================================
_______________ test_hz16_dedup_rejects_corrupted_on_disk_bytes ________________
tests/modules/test_m25_hz16_repairs.py:41: in test_hz16_dedup_rejects_corrupted_on_disk_bytes
    ingest(p)
tests/modules/test_m25_hz16_repairs.py:31: in ingest
    return p.ingest(IngestRequest(source=s, content=text, mime_type='text/plain', actor_id='actor-a'))
           ^^^^^^^^^^^^^^^^^^^^^^^^^^^^^^^^^^^^^^^^^^^^^^^^^^^^^^^^^^^^^^^^^^^^^^^^^^^^^^^^^^^^^^^^^^^
backend/app/modules/m25_knowledge_copilot_training/pipeline.py:180: in ingest
    on_disk=self._read_source_bytes(request.source.source_id,last.number,'dedup validation failed')
            ^^^^^^^^^^^^^^^^^^^^^^^^^^^^^^^^^^^^^^^^^^^^^^^^^^^^^^^^^^^^^^^^^^^^^^^^^^^^^^^^^^^^^^^
backend/app/modules/m25_knowledge_copilot_training/pipeline.py:417: in _read_source_bytes
    return self._read_bounded_file(blob,4*MAX_INGEST_CONTENT,refusal,
                                          ^^^^^^^^^^^^^^^^^^
E   NameError: name 'MAX_INGEST_CONTENT' is not defined
________________ test_hz16_dedup_rejects_missing_on_disk_bytes _________________
tests/modules/test_m25_hz16_repairs.py:50: in test_hz16_dedup_rejects_missing_on_disk_bytes
    ingest(p)
tests/modules/test_m25_hz16_repairs.py:31: in ingest
    return p.ingest(IngestRequest(source=s, content=text, mime_type='text/plain', actor_id='actor-a'))
           ^^^^^^^^^^^^^^^^^^^^^^^^^^^^^^^^^^^^^^^^^^^^^^^^^^^^^^^^^^^^^^^^^^^^^^^^^^^^^^^^^^^^^^^^^^^
backend/app/modules/m25_knowledge_copilot_training/pipeline.py:180: in ingest
    on_disk=self._read_source_bytes(request.source.source_id,last.number,'dedup validation failed')
            ^^^^^^^^^^^^^^^^^^^^^^^^^^^^^^^^^^^^^^^^^^^^^^^^^^^^^^^^^^^^^^^^^^^^^^^^^^^^^^^^^^^^^^^
backend/app/modules/m25_knowledge_copilot_training/pipeline.py:417: in _read_source_bytes
    return self._read_bounded_file(blob,4*MAX_INGEST_CONTENT,refusal,
                                          ^^^^^^^^^^^^^^^^^^
E   NameError: name 'MAX_INGEST_CONTENT' is not defined
____________________ test_hz16_dedup_honest_path_unchanged _____________________
tests/modules/test_m25_hz16_repairs.py:57: in test_hz16_dedup_honest_path_unchanged
    b = ingest(p)
        ^^^^^^^^^
tests/modules/test_m25_hz16_repairs.py:31: in ingest
    return p.ingest(IngestRequest(source=s, content=text, mime_type='text/plain', actor_id='actor-a'))
           ^^^^^^^^^^^^^^^^^^^^^^^^^^^^^^^^^^^^^^^^^^^^^^^^^^^^^^^^^^^^^^^^^^^^^^^^^^^^^^^^^^^^^^^^^^^
backend/app/modules/m25_knowledge_copilot_training/pipeline.py:180: in ingest
    on_disk=self._read_source_bytes(request.source.source_id,last.number,'dedup validation failed')
            ^^^^^^^^^^^^^^^^^^^^^^^^^^^^^^^^^^^^^^^^^^^^^^^^^^^^^^^^^^^^^^^^^^^^^^^^^^^^^^^^^^^^^^^
backend/app/modules/m25_knowledge_copilot_training/pipeline.py:417: in _read_source_bytes
    return self._read_bounded_file(blob,4*MAX_INGEST_CONTENT,refusal,
                                          ^^^^^^^^^^^^^^^^^^
E   NameError: name 'MAX_INGEST_CONTENT' is not defined
____________ test_hz16_redaction_time_budget_rejects_event_unstored ____________
tests/modules/test_m25_hz16_repairs.py:107: in test_hz16_redaction_time_budget_rejects_event_unstored
    with pytest.raises(ValueError, match='time budget'):
         ^^^^^^^^^^^^^^^^^^^^^^^^^^^^^^^^^^^^^^^^^^^^^^
E   Failed: DID NOT RAISE ValueError
______________ test_hz17_register_rejects_tampered_recorded_bytes ______________
tests/modules/test_m25_hz17_integrity.py:41: in test_hz17_register_rejects_tampered_recorded_bytes
    p.register(src())
backend/app/modules/m25_knowledge_copilot_training/pipeline.py:142: in register
    on_disk=self._read_source_bytes(source.source_id,entry['number'],'refusing to overwrite prior state')
            ^^^^^^^^^^^^^^^^^^^^^^^^^^^^^^^^^^^^^^^^^^^^^^^^^^^^^^^^^^^^^^^^^^^^^^^^^^^^^^^^^^^^^^^^^^^^^
backend/app/modules/m25_knowledge_copilot_training/pipeline.py:417: in _read_source_bytes
    return self._read_bounded_file(blob,4*MAX_INGEST_CONTENT,refusal,
                                          ^^^^^^^^^^^^^^^^^^
E   NameError: name 'MAX_INGEST_CONTENT' is not defined
______________ test_hz17_register_rejects_missing_recorded_bytes _______________
tests/modules/test_m25_hz17_integrity.py:50: in test_hz17_register_rejects_missing_recorded_bytes
    p.register(src())
backend/app/modules/m25_knowledge_copilot_training/pipeline.py:142: in register
    on_disk=self._read_source_bytes(source.source_id,entry['number'],'refusing to overwrite prior state')
            ^^^^^^^^^^^^^^^^^^^^^^^^^^^^^^^^^^^^^^^^^^^^^^^^^^^^^^^^^^^^^^^^^^^^^^^^^^^^^^^^^^^^^^^^^^^^^
backend/app/modules/m25_knowledge_copilot_training/pipeline.py:417: in _read_source_bytes
    return self._read_bounded_file(blob,4*MAX_INGEST_CONTENT,refusal,
                                          ^^^^^^^^^^^^^^^^^^
E   NameError: name 'MAX_INGEST_CONTENT' is not defined
__________________ test_hz17_register_intact_bytes_unchanged ___________________
tests/modules/test_m25_hz17_integrity.py:57: in test_hz17_register_intact_bytes_unchanged
    rec = p.register(src())
          ^^^^^^^^^^^^^^^^^
backend/app/modules/m25_knowledge_copilot_training/pipeline.py:142: in register
    on_disk=self._read_source_bytes(source.source_id,entry['number'],'refusing to overwrite prior state')
            ^^^^^^^^^^^^^^^^^^^^^^^^^^^^^^^^^^^^^^^^^^^^^^^^^^^^^^^^^^^^^^^^^^^^^^^^^^^^^^^^^^^^^^^^^^^^^
backend/app/modules/m25_knowledge_copilot_training/pipeline.py:417: in _read_source_bytes
    return self._read_bounded_file(blob,4*MAX_INGEST_CONTENT,refusal,
                                          ^^^^^^^^^^^^^^^^^^
E   NameError: name 'MAX_INGEST_CONTENT' is not defined
__________________ test_hz17_segments_json_not_byte_verified ___________________
tests/modules/test_m25_hz17_integrity.py:68: in test_hz17_segments_json_not_byte_verified
    rec = p.register(src())
          ^^^^^^^^^^^^^^^^^
backend/app/modules/m25_knowledge_copilot_training/pipeline.py:142: in register
    on_disk=self._read_source_bytes(source.source_id,entry['number'],'refusing to overwrite prior state')
            ^^^^^^^^^^^^^^^^^^^^^^^^^^^^^^^^^^^^^^^^^^^^^^^^^^^^^^^^^^^^^^^^^^^^^^^^^^^^^^^^^^^^^^^^^^^^^
backend/app/modules/m25_knowledge_copilot_training/pipeline.py:417: in _read_source_bytes
    return self._read_bounded_file(blob,4*MAX_INGEST_CONTENT,refusal,
                                          ^^^^^^^^^^^^^^^^^^
E   NameError: name 'MAX_INGEST_CONTENT' is not defined
______________ test_hz17_oversize_bytes_rejected_before_any_read _______________
tests/modules/test_m25_hz17_integrity.py:99: in test_hz17_oversize_bytes_rejected_before_any_read
    ingest(p)
tests/modules/test_m25_hz17_integrity.py:31: in ingest
    return p.ingest(IngestRequest(source=s, content=text, mime_type='text/plain', actor_id='actor-a'))
           ^^^^^^^^^^^^^^^^^^^^^^^^^^^^^^^^^^^^^^^^^^^^^^^^^^^^^^^^^^^^^^^^^^^^^^^^^^^^^^^^^^^^^^^^^^^
backend/app/modules/m25_knowledge_copilot_training/pipeline.py:180: in ingest
    on_disk=self._read_source_bytes(request.source.source_id,last.number,'dedup validation failed')
            ^^^^^^^^^^^^^^^^^^^^^^^^^^^^^^^^^^^^^^^^^^^^^^^^^^^^^^^^^^^^^^^^^^^^^^^^^^^^^^^^^^^^^^^
backend/app/modules/m25_knowledge_copilot_training/pipeline.py:417: in _read_source_bytes
    return self._read_bounded_file(blob,4*MAX_INGEST_CONTENT,refusal,
                                          ^^^^^^^^^^^^^^^^^^
E   NameError: name 'MAX_INGEST_CONTENT' is not defined
_________ test_hz17_invalid_replacement_reference_maps_to_domain_error _________
tests/modules/test_m25_hz17_integrity.py:113: in test_hz17_invalid_replacement_reference_maps_to_domain_error
    svc.ingest('t', 'a', started.id, IngestEvent(
backend/app/modules/m25_knowledge_copilot/service.py:55: in ingest
    for r in s.redactions: text=sub(r.pattern,r.replacement,text,flags=IGNORECASE)
                                ^^^^^^^^^^^^^^^^^^^^^^^^^^^^^^^^^^^^^^^^^^^^^^^^^^
../.local/share/uv/python/cpython-3.12.14-linux-x86_64-gnu/lib/python3.12/re/__init__.py:186: in sub
    return _compile(pattern, flags).sub(repl, string, count)
           ^^^^^^^^^^^^^^^^^^^^^^^^^^^^^^^^^^^^^^^^^^^^^^^^^
../.local/share/uv/python/cpython-3.12.14-linux-x86_64-gnu/lib/python3.12/re/__init__.py:334: in _compile_template
    return _sre.template(pattern, _parser.parse_template(repl, pattern))
                                  ^^^^^^^^^^^^^^^^^^^^^^^^^^^^^^^^^^^^^
../.local/share/uv/python/cpython-3.12.14-linux-x86_64-gnu/lib/python3.12/re/_parser.py:1069: in parse_template
    addgroup(int(this[1:]), len(this) - 1)
../.local/share/uv/python/cpython-3.12.14-linux-x86_64-gnu/lib/python3.12/re/_parser.py:1014: in addgroup
    raise s.error("invalid group reference %d" % index, pos)
E   re.error: invalid group reference 9 at position 1
_______________ test_hz17_redaction_expansion_cap_rejects_event ________________
tests/modules/test_m25_hz17_integrity.py:128: in test_hz17_redaction_expansion_cap_rejects_event
    with pytest.raises(ValueError, match='expansion exceeds'):
         ^^^^^^^^^^^^^^^^^^^^^^^^^^^^^^^^^^^^^^^^^^^^^^^^^^^^
E   Failed: DID NOT RAISE ValueError
________________ test_hz17_replacement_length_bounded_at_schema ________________
tests/modules/test_m25_hz17_integrity.py:138: in test_hz17_replacement_length_bounded_at_schema
    with pytest.raises(ValidationError):
         ^^^^^^^^^^^^^^^^^^^^^^^^^^^^^^
E   Failed: DID NOT RAISE ValidationError
______________ test_hz17_timeout_contract_via_deterministic_mock _______________
tests/modules/test_m25_hz17_integrity.py:151: in test_hz17_timeout_contract_via_deterministic_mock
    monkeypatch.setattr(svc_mod._regex, 'sub', _boom)
                        ^^^^^^^^^^^^^^
E   AttributeError: module 'app.modules.m25_knowledge_copilot.service' has no attribute '_regex'
_______________ test_hz18_multibyte_content_dedups_and_registers _______________
tests/modules/test_m25_hz18_byte_contract.py:35: in test_hz18_multibyte_content_dedups_and_registers
    second = p.ingest(IngestRequest(source=src(), content=text, mime_type='text/plain', actor_id='actor-a'))
             ^^^^^^^^^^^^^^^^^^^^^^^^^^^^^^^^^^^^^^^^^^^^^^^^^^^^^^^^^^^^^^^^^^^^^^^^^^^^^^^^^^^^^^^^^^^^^^^
backend/app/modules/m25_knowledge_copilot_training/pipeline.py:180: in ingest
    on_disk=self._read_source_bytes(request.source.source_id,last.number,'dedup validation failed')
            ^^^^^^^^^^^^^^^^^^^^^^^^^^^^^^^^^^^^^^^^^^^^^^^^^^^^^^^^^^^^^^^^^^^^^^^^^^^^^^^^^^^^^^^
backend/app/modules/m25_knowledge_copilot_training/pipeline.py:417: in _read_source_bytes
    return self._read_bounded_file(blob,4*MAX_INGEST_CONTENT,refusal,
                                          ^^^^^^^^^^^^^^^^^^
E   NameError: name 'MAX_INGEST_CONTENT' is not defined
______________ test_hz18_valid_range_bytes_are_read_not_rejected _______________
tests/modules/test_m25_hz18_byte_contract.py:51: in test_hz18_valid_range_bytes_are_read_not_rejected
    p.ingest(IngestRequest(source=src(), content='Alpha fact.', mime_type='text/plain', actor_id='actor-a'))
backend/app/modules/m25_knowledge_copilot_training/pipeline.py:180: in ingest
    on_disk=self._read_source_bytes(request.source.source_id,last.number,'dedup validation failed')
            ^^^^^^^^^^^^^^^^^^^^^^^^^^^^^^^^^^^^^^^^^^^^^^^^^^^^^^^^^^^^^^^^^^^^^^^^^^^^^^^^^^^^^^^
backend/app/modules/m25_knowledge_copilot_training/pipeline.py:417: in _read_source_bytes
    return self._read_bounded_file(blob,4*MAX_INGEST_CONTENT,refusal,
                                          ^^^^^^^^^^^^^^^^^^
E   NameError: name 'MAX_INGEST_CONTENT' is not defined
__________ test_hz18_beyond_encoded_bound_still_rejected_before_read ___________
tests/modules/test_m25_hz18_byte_contract.py:64: in test_hz18_beyond_encoded_bound_still_rejected_before_read
    p.ingest(IngestRequest(source=src(), content='Alpha fact.', mime_type='text/plain', actor_id='actor-a'))
backend/app/modules/m25_knowledge_copilot_training/pipeline.py:180: in ingest
    on_disk=self._read_source_bytes(request.source.source_id,last.number,'dedup validation failed')
            ^^^^^^^^^^^^^^^^^^^^^^^^^^^^^^^^^^^^^^^^^^^^^^^^^^^^^^^^^^^^^^^^^^^^^^^^^^^^^^^^^^^^^^^
backend/app/modules/m25_knowledge_copilot_training/pipeline.py:417: in _read_source_bytes
    return self._read_bounded_file(blob,4*MAX_INGEST_CONTENT,refusal,
                                          ^^^^^^^^^^^^^^^^^^
E   NameError: name 'MAX_INGEST_CONTENT' is not defined
__________ test_hz19_non_regular_source_bin_refused_without_blocking ___________
tests/modules/test_m25_hz19_bounded_reads.py:67: in test_hz19_non_regular_source_bin_refused_without_blocking
    p.ingest(IngestRequest(source=src(), content='Alpha fact.', mime_type='text/plain', actor_id='actor-a'))
backend/app/modules/m25_knowledge_copilot_training/pipeline.py:180: in ingest
    on_disk=self._read_source_bytes(request.source.source_id,last.number,'dedup validation failed')
            ^^^^^^^^^^^^^^^^^^^^^^^^^^^^^^^^^^^^^^^^^^^^^^^^^^^^^^^^^^^^^^^^^^^^^^^^^^^^^^^^^^^^^^^
backend/app/modules/m25_knowledge_copilot_training/pipeline.py:417: in _read_source_bytes
    return self._read_bounded_file(blob,4*MAX_INGEST_CONTENT,refusal,
                                          ^^^^^^^^^^^^^^^^^^
E   NameError: name 'MAX_INGEST_CONTENT' is not defined
___________________ test_hz19_valid_manifest_still_registers ___________________
tests/modules/test_m25_hz19_bounded_reads.py:74: in test_hz19_valid_manifest_still_registers
    assert p.register(src()).versions[0].number == 1
           ^^^^^^^^^^^^^^^^^
backend/app/modules/m25_knowledge_copilot_training/pipeline.py:142: in register
    on_disk=self._read_source_bytes(source.source_id,entry['number'],'refusing to overwrite prior state')
            ^^^^^^^^^^^^^^^^^^^^^^^^^^^^^^^^^^^^^^^^^^^^^^^^^^^^^^^^^^^^^^^^^^^^^^^^^^^^^^^^^^^^^^^^^^^^^
backend/app/modules/m25_knowledge_copilot_training/pipeline.py:417: in _read_source_bytes
    return self._read_bounded_file(blob,4*MAX_INGEST_CONTENT,refusal,
                                          ^^^^^^^^^^^^^^^^^^
E   NameError: name 'MAX_INGEST_CONTENT' is not defined
_____________ test_hz19b_open_flags_and_postopen_regular_contract ______________
tests/modules/test_m25_hz19b_open_contract.py:57: in test_hz19b_open_flags_and_postopen_regular_contract
    ingest_alpha(p)
tests/modules/test_m25_hz19b_open_contract.py:34: in ingest_alpha
    p.ingest(IngestRequest(source=src(), content='Alpha fact.', mime_type='text/plain', actor_id='actor-a'))
backend/app/modules/m25_knowledge_copilot_training/pipeline.py:180: in ingest
    on_disk=self._read_source_bytes(request.source.source_id,last.number,'dedup validation failed')
            ^^^^^^^^^^^^^^^^^^^^^^^^^^^^^^^^^^^^^^^^^^^^^^^^^^^^^^^^^^^^^^^^^^^^^^^^^^^^^^^^^^^^^^^
backend/app/modules/m25_knowledge_copilot_training/pipeline.py:417: in _read_source_bytes
    return self._read_bounded_file(blob,4*MAX_INGEST_CONTENT,refusal,
                                          ^^^^^^^^^^^^^^^^^^
E   NameError: name 'MAX_INGEST_CONTENT' is not defined
_________________ test_hz19b_fdopen_failure_maps_and_closes_fd _________________
tests/modules/test_m25_hz19b_open_contract.py:74: in test_hz19b_fdopen_failure_maps_and_closes_fd
    ingest_alpha(p)
tests/modules/test_m25_hz19b_open_contract.py:34: in ingest_alpha
    p.ingest(IngestRequest(source=src(), content='Alpha fact.', mime_type='text/plain', actor_id='actor-a'))
backend/app/modules/m25_knowledge_copilot_training/pipeline.py:180: in ingest
    on_disk=self._read_source_bytes(request.source.source_id,last.number,'dedup validation failed')
            ^^^^^^^^^^^^^^^^^^^^^^^^^^^^^^^^^^^^^^^^^^^^^^^^^^^^^^^^^^^^^^^^^^^^^^^^^^^^^^^^^^^^^^^
backend/app/modules/m25_knowledge_copilot_training/pipeline.py:417: in _read_source_bytes
    return self._read_bounded_file(blob,4*MAX_INGEST_CONTENT,refusal,
                                          ^^^^^^^^^^^^^^^^^^
E   NameError: name 'MAX_INGEST_CONTENT' is not defined
_______________ test_hz19b_read_oserror_maps_to_refusal_contract _______________
tests/modules/test_m25_hz19b_open_contract.py:98: in test_hz19b_read_oserror_maps_to_refusal_contract
    ingest_alpha(p)
tests/modules/test_m25_hz19b_open_contract.py:34: in ingest_alpha
    p.ingest(IngestRequest(source=src(), content='Alpha fact.', mime_type='text/plain', actor_id='actor-a'))
backend/app/modules/m25_knowledge_copilot_training/pipeline.py:180: in ingest
    on_disk=self._read_source_bytes(request.source.source_id,last.number,'dedup validation failed')
            ^^^^^^^^^^^^^^^^^^^^^^^^^^^^^^^^^^^^^^^^^^^^^^^^^^^^^^^^^^^^^^^^^^^^^^^^^^^^^^^^^^^^^^^
backend/app/modules/m25_knowledge_copilot_training/pipeline.py:417: in _read_source_bytes
    return self._read_bounded_file(blob,4*MAX_INGEST_CONTENT,refusal,
                                          ^^^^^^^^^^^^^^^^^^
E   NameError: name 'MAX_INGEST_CONTENT' is not defined
_______________ test_hz20_version_files_still_written_and_served _______________
tests/modules/test_m25_hz20_version_writes.py:83: in test_hz20_version_files_still_written_and_served
    again = p.ingest(req())
            ^^^^^^^^^^^^^^^
backend/app/modules/m25_knowledge_copilot_training/pipeline.py:180: in ingest
    on_disk=self._read_source_bytes(request.source.source_id,last.number,'dedup validation failed')
            ^^^^^^^^^^^^^^^^^^^^^^^^^^^^^^^^^^^^^^^^^^^^^^^^^^^^^^^^^^^^^^^^^^^^^^^^^^^^^^^^^^^^^^^
backend/app/modules/m25_knowledge_copilot_training/pipeline.py:417: in _read_source_bytes
    return self._read_bounded_file(blob,4*MAX_INGEST_CONTENT,refusal,
                                          ^^^^^^^^^^^^^^^^^^
E   NameError: name 'MAX_INGEST_CONTENT' is not defined
_______________ test_hz23_rollback_preserves_prior_state_exactly _______________
tests/modules/test_m25_hz23_error_boundaries.py:118: in test_hz23_rollback_preserves_prior_state_exactly
    p.ingest(IngestRequest(source=src(), content='Beta fact - distinct content forces a v2 claim.', mime_type='text/plain', actor_id='actor-a'))
backend/app/modules/m25_knowledge_copilot_training/pipeline.py:192: in ingest
    rec=self.register(request.source)
        ^^^^^^^^^^^^^^^^^^^^^^^^^^^^^
backend/app/modules/m25_knowledge_copilot_training/pipeline.py:142: in register
    on_disk=self._read_source_bytes(source.source_id,entry['number'],'refusing to overwrite prior state')
            ^^^^^^^^^^^^^^^^^^^^^^^^^^^^^^^^^^^^^^^^^^^^^^^^^^^^^^^^^^^^^^^^^^^^^^^^^^^^^^^^^^^^^^^^^^^^^
backend/app/modules/m25_knowledge_copilot_training/pipeline.py:417: in _read_source_bytes
    return self._read_bounded_file(blob,4*MAX_INGEST_CONTENT,refusal,
                                          ^^^^^^^^^^^^^^^^^^
E   NameError: name 'MAX_INGEST_CONTENT' is not defined
__________ test_hz24_oversize_refusal_still_preserves_prior_manifest ___________
tests/modules/test_m25_hz24_ownership_rollback.py:155: in test_hz24_oversize_refusal_still_preserves_prior_manifest
    p.ingest(req('Beta fact - distinct content forces a v2 claim.'))
backend/app/modules/m25_knowledge_copilot_training/pipeline.py:192: in ingest
    rec=self.register(request.source)
        ^^^^^^^^^^^^^^^^^^^^^^^^^^^^^
backend/app/modules/m25_knowledge_copilot_training/pipeline.py:142: in register
    on_disk=self._read_source_bytes(source.source_id,entry['number'],'refusing to overwrite prior state')
            ^^^^^^^^^^^^^^^^^^^^^^^^^^^^^^^^^^^^^^^^^^^^^^^^^^^^^^^^^^^^^^^^^^^^^^^^^^^^^^^^^^^^^^^^^^^^^
backend/app/modules/m25_knowledge_copilot_training/pipeline.py:417: in _read_source_bytes
    return self._read_bounded_file(blob,4*MAX_INGEST_CONTENT,refusal,
                                          ^^^^^^^^^^^^^^^^^^
E   NameError: name 'MAX_INGEST_CONTENT' is not defined
_______________________ test_m25_10_dedup_and_versioning _______________________
tests/modules/test_m25_knowledge_ingestion.py:44: in test_m25_10_dedup_and_versioning
    p=pipe(tmp_path);a=ingest(p);b=ingest(p);c=ingest(p,text='changed');assert (a.number,b.number,c.number)==(1,1,2)
                                   ^^^^^^^^^
tests/modules/test_m25_knowledge_ingestion.py:15: in ingest
    s=s or src(); return p.ingest(IngestRequest(source=s,content=text,mime_type=mime,actor_id='actor-a'))
                         ^^^^^^^^^^^^^^^^^^^^^^^^^^^^^^^^^^^^^^^^^^^^^^^^^^^^^^^^^^^^^^^^^^^^^^^^^^^^^^^^
backend/app/modules/m25_knowledge_copilot_training/pipeline.py:180: in ingest
    on_disk=self._read_source_bytes(request.source.source_id,last.number,'dedup validation failed')
            ^^^^^^^^^^^^^^^^^^^^^^^^^^^^^^^^^^^^^^^^^^^^^^^^^^^^^^^^^^^^^^^^^^^^^^^^^^^^^^^^^^^^^^^
backend/app/modules/m25_knowledge_copilot_training/pipeline.py:417: in _read_source_bytes
    return self._read_bounded_file(blob,4*MAX_INGEST_CONTENT,refusal,
                                          ^^^^^^^^^^^^^^^^^^
E   NameError: name 'MAX_INGEST_CONTENT' is not defined
_________ test_m25_14_claim_level_citations_unsupported_claim_withheld _________
tests/modules/test_m25_knowledge_ingestion.py:57: in test_m25_14_claim_level_citations_unsupported_claim_withheld
    p=pipe(tmp_path);v=ingest(p);c=Citation(source_id='s1',version=1,anchor_ids=['paragraph-1'],quote_hash='h');assert p.substantiate([Claim(text='Alpha',citations=[c])])
                                                                                                                       ^^^^^^^^^^^^^^^^^^^^^^^^^^^^^^^^^^^^^^^^^^^^^^^^^^^
backend/app/modules/m25_knowledge_copilot_training/pipeline.py:386: in substantiate
    if not ok:raise UnsupportedClaim(f'unsupported claim withheld: {claim.text}')
              ^^^^^^^^^^^^^^^^^^^^^^^^^^^^^^^^^^^^^^^^^^^^^^^^^^^^^^^^^^^^^^^^^^^
E   app.modules.m25_knowledge_copilot_training.pipeline.UnsupportedClaim: unsupported claim withheld: Alpha
____ test_independent_unconfirmed_oserror_preserves_explicit_original_cause ____
tests/modules/test_m25_restore_readback_reimplementation.py:67: in test_independent_unconfirmed_oserror_preserves_explicit_original_cause
    assert caught.value.__cause__ is fault
E   AssertionError: assert None is OSError('original claim persistence fault')
E    +  where None = KnowledgeError('manifest persistence failed and the pre-claim manifest could not be confirmed restored; the memory claim was removed but the on-disk manifest may still record the version, whose bytes were left in place').__cause__
E    +    where KnowledgeError('manifest persistence failed and the pre-claim manifest could not be confirmed restored; the memory claim was removed but the on-disk manifest may still record the version, whose bytes were left in place') = <ExceptionInfo KnowledgeError('manifest persistence failed and the pre-claim manifest could not be confirmed restored;...mory claim was removed but the on-disk manifest may still record the version, whose bytes were left in place') tblen=2>.value
_____ test_existing_edge_plus_trigger_failure_is_not_duplicate[non_unique] _____
tests/modules/test_m09_duplicate_error_identity.py:20: in test_existing_edge_plus_trigger_failure_is_not_duplicate
    svc=_sql_service();a=svc.create_node(NodeCreate(node_type='note',title='A'));b=svc.create_node(NodeCreate(node_type='note',title='B'))
        ^^^^^^^^^^^^^^
tests/modules/test_m09_duplicate_error_identity.py:14: in _sql_service
    return Service(SqlGraphRepository("t","u",sf))
           ^^^^^^^
E   NameError: name 'Service' is not defined
___ test_existing_edge_plus_trigger_failure_is_not_duplicate[foreign_unique] ___
tests/modules/test_m09_duplicate_error_identity.py:20: in test_existing_edge_plus_trigger_failure_is_not_duplicate
    svc=_sql_service();a=svc.create_node(NodeCreate(node_type='note',title='A'));b=svc.create_node(NodeCreate(node_type='note',title='B'))
        ^^^^^^^^^^^^^^
tests/modules/test_m09_duplicate_error_identity.py:14: in _sql_service
    return Service(SqlGraphRepository("t","u",sf))
           ^^^^^^^
E   NameError: name 'Service' is not defined
=============================== warnings summary ===============================
.venv/lib/python3.12/site-packages/starlette/testclient.py:51
  /home/sandbox/atlas-ai/.venv/lib/python3.12/site-packages/starlette/testclient.py:51: DeprecationWarning: The anyio.abc.BlockingPortal alias is deprecated, use anyio.from_thread.BlockingPortal instead.
    _PortalFactoryType = Callable[[], AbstractContextManager[anyio.abc.BlockingPortal]]

-- Docs: https://docs.pytest.org/en/stable/how-to/capture-warnings.html
=========================== short test summary info ============================
FAILED tests/modules/test_m25_hz16_repairs.py::test_hz16_dedup_rejects_corrupted_on_disk_bytes
FAILED tests/modules/test_m25_hz16_repairs.py::test_hz16_dedup_rejects_missing_on_disk_bytes
FAILED tests/modules/test_m25_hz16_repairs.py::test_hz16_dedup_honest_path_unchanged
FAILED tests/modules/test_m25_hz16_repairs.py::test_hz16_redaction_time_budget_rejects_event_unstored
FAILED tests/modules/test_m25_hz17_integrity.py::test_hz17_register_rejects_tampered_recorded_bytes
FAILED tests/modules/test_m25_hz17_integrity.py::test_hz17_register_rejects_missing_recorded_bytes
FAILED tests/modules/test_m25_hz17_integrity.py::test_hz17_register_intact_bytes_unchanged
FAILED tests/modules/test_m25_hz17_integrity.py::test_hz17_segments_json_not_byte_verified
FAILED tests/modules/test_m25_hz17_integrity.py::test_hz17_oversize_bytes_rejected_before_any_read
FAILED tests/modules/test_m25_hz17_integrity.py::test_hz17_invalid_replacement_reference_maps_to_domain_error
FAILED tests/modules/test_m25_hz17_integrity.py::test_hz17_redaction_expansion_cap_rejects_event
FAILED tests/modules/test_m25_hz17_integrity.py::test_hz17_replacement_length_bounded_at_schema
FAILED tests/modules/test_m25_hz17_integrity.py::test_hz17_timeout_contract_via_deterministic_mock
FAILED tests/modules/test_m25_hz18_byte_contract.py::test_hz18_multibyte_content_dedups_and_registers
FAILED tests/modules/test_m25_hz18_byte_contract.py::test_hz18_valid_range_bytes_are_read_not_rejected
FAILED tests/modules/test_m25_hz18_byte_contract.py::test_hz18_beyond_encoded_bound_still_rejected_before_read
FAILED tests/modules/test_m25_hz19_bounded_reads.py::test_hz19_non_regular_source_bin_refused_without_blocking
FAILED tests/modules/test_m25_hz19_bounded_reads.py::test_hz19_valid_manifest_still_registers
FAILED tests/modules/test_m25_hz19b_open_contract.py::test_hz19b_open_flags_and_postopen_regular_contract
FAILED tests/modules/test_m25_hz19b_open_contract.py::test_hz19b_fdopen_failure_maps_and_closes_fd
FAILED tests/modules/test_m25_hz19b_open_contract.py::test_hz19b_read_oserror_maps_to_refusal_contract
FAILED tests/modules/test_m25_hz20_version_writes.py::test_hz20_version_files_still_written_and_served
FAILED tests/modules/test_m25_hz23_error_boundaries.py::test_hz23_rollback_preserves_prior_state_exactly
FAILED tests/modules/test_m25_hz24_ownership_rollback.py::test_hz24_oversize_refusal_still_preserves_prior_manifest
FAILED tests/modules/test_m25_knowledge_ingestion.py::test_m25_10_dedup_and_versioning
FAILED tests/modules/test_m25_knowledge_ingestion.py::test_m25_14_claim_level_citations_unsupported_claim_withheld
FAILED tests/modules/test_m25_restore_readback_reimplementation.py::test_independent_unconfirmed_oserror_preserves_explicit_original_cause
FAILED tests/modules/test_m09_duplicate_error_identity.py::test_existing_edge_plus_trigger_failure_is_not_duplicate[non_unique]
FAILED tests/modules/test_m09_duplicate_error_identity.py::test_existing_edge_plus_trigger_failure_is_not_duplicate[foreign_unique]
29 failed, 626 passed, 1 warning in 57.78s
