
==================================== ERRORS ====================================
_____ ERROR collecting tests/modules/test_m09_duplicate_error_identity.py ______
ImportError while importing test module '/home/sandbox/atlas-ai/tests/modules/test_m09_duplicate_error_identity.py'.
Hint: make sure your test modules/packages have valid Python names.
Traceback:
../.local/share/uv/python/cpython-3.12.14-linux-x86_64-gnu/lib/python3.12/importlib/__init__.py:90: in import_module
    return _bootstrap._gcd_import(name[level:], package, level)
           ^^^^^^^^^^^^^^^^^^^^^^^^^^^^^^^^^^^^^^^^^^^^^^^^^^^^
tests/modules/test_m09_duplicate_error_identity.py:5: in <module>
    from test_m09_knowledge_workspace import _sql_service
E   ImportError: cannot import name '_sql_service' from 'test_m09_knowledge_workspace' (/home/sandbox/atlas-ai/tests/modules/test_m09_knowledge_workspace.py)
=============================== warnings summary ===============================
.venv/lib/python3.12/site-packages/starlette/testclient.py:51
  /home/sandbox/atlas-ai/.venv/lib/python3.12/site-packages/starlette/testclient.py:51: DeprecationWarning: The anyio.abc.BlockingPortal alias is deprecated, use anyio.from_thread.BlockingPortal instead.
    _PortalFactoryType = Callable[[], AbstractContextManager[anyio.abc.BlockingPortal]]

-- Docs: https://docs.pytest.org/en/stable/how-to/capture-warnings.html
=========================== short test summary info ============================
ERROR tests/modules/test_m09_duplicate_error_identity.py
!!!!!!!!!!!!!!!!!!!! Interrupted: 1 error during collection !!!!!!!!!!!!!!!!!!!!
1 warning, 1 error in 11.03s
