FF                                                                       [100%]
=================================== FAILURES ===================================
_ test_uncertain_charge_never_refunded_new_regeneration_reserves_separately[sqlite] _

env = (<app.modules.m00_approval_center.service.Service object at 0x7effa47e3da0>, sessionmaker(class_='Session', bind=Engin...lush=True, expire_on_commit=False), <app.modules.m24_billing.generation.GenerationRepository object at 0x7effa04d6a80>)
monkeypatch = <_pytest.monkeypatch.MonkeyPatch object at 0x7effa051dcd0>

    def test_uncertain_charge_never_refunded_new_regeneration_reserves_separately(env,monkeypatch):
        op=prepare(env);ready(env,monkeypatch);mock=Mock(fail=True)
        assert dispatch(env,op,mock)['state']=='outcome_unknown'
>       assert dispatch(env,op,mock)['state']=='outcome_unknown' and mock.calls==1
E       AssertionError: assert ('outcome_unknown' == 'outcome_unknown'
E         
E           outcome_unknown and 0 == 1)
E        +  where 0 = <test_m24_generation_budget.Mock object at 0x7effa0426ea0>.calls

tests/modules/test_m24_generation_budget.py:111: AssertionError
_ test_uncertain_charge_never_refunded_new_regeneration_reserves_separately[postgres] _

env = (<app.modules.m00_approval_center.service.Service object at 0x7effa03903e0>, sessionmaker(class_='Session', bind=Engin...lush=True, expire_on_commit=False), <app.modules.m24_billing.generation.GenerationRepository object at 0x7eff9ef2b320>)
monkeypatch = <_pytest.monkeypatch.MonkeyPatch object at 0x7effa03ee630>

    def test_uncertain_charge_never_refunded_new_regeneration_reserves_separately(env,monkeypatch):
        op=prepare(env);ready(env,monkeypatch);mock=Mock(fail=True)
        assert dispatch(env,op,mock)['state']=='outcome_unknown'
>       assert dispatch(env,op,mock)['state']=='outcome_unknown' and mock.calls==1
E       AssertionError: assert ('outcome_unknown' == 'outcome_unknown'
E         
E           outcome_unknown and 0 == 1)
E        +  where 0 = <test_m24_generation_budget.Mock object at 0x7effa0816ba0>.calls

tests/modules/test_m24_generation_budget.py:111: AssertionError
=============================== warnings summary ===============================
tests/modules/test_m24_generation_budget.py::test_uncertain_charge_never_refunded_new_regeneration_reserves_separately[postgres]
  /tmp/atlas-memo3-venv/lib/python3.12/site-packages/platformdirs/api.py:459: RuntimeDirWarning: XDG_RUNTIME_DIR is not set, falling back to /tmp/runtime-1001
    return Path(self.user_runtime_dir)

-- Docs: https://docs.pytest.org/en/stable/how-to/capture-warnings.html
=========================== short test summary info ============================
FAILED tests/modules/test_m24_generation_budget.py::test_uncertain_charge_never_refunded_new_regeneration_reserves_separately[sqlite]
FAILED tests/modules/test_m24_generation_budget.py::test_uncertain_charge_never_refunded_new_regeneration_reserves_separately[postgres]
2 failed, 74 deselected, 1 warning in 1.42s
