FF                                                                       [100%]
=================================== FAILURES ===================================
_____ test_reserved_binding_tamper_and_old_unknown_never_refunded[sqlite] ______

env = (<app.modules.m00_approval_center.service.Service object at 0x7fe8cd81ea50>, sessionmaker(class_='Session', bind=Engin...lush=True, expire_on_commit=False), <app.modules.m24_billing.generation.GenerationRepository object at 0x7fe8cd9dbbc0>)
monkeypatch = <_pytest.monkeypatch.MonkeyPatch object at 0x7fe8cd53d670>

    def test_reserved_binding_tamper_and_old_unknown_never_refunded(env,monkeypatch):
        op=prepare(env);ready(env,monkeypatch)
        with env[1].begin() as db:db.get(BudgetAttemptRow,op['id']).reserved_micro_usd=1
>       with pytest.raises(wa.DispatchRefused,match='reservation differs'):env[2].claim(op['id'],'t1')
             ^^^^^^^^^^^^^^^^^^^^^^^^^^^^^^^^^^^^^^^^^^^^^^^^^^^^^^^^^^^^^
E       Failed: DID NOT RAISE <class 'app.modules.m24_billing.write_ahead.DispatchRefused'>

tests/modules/test_m24_generation_budget.py:326: Failed
____ test_reserved_binding_tamper_and_old_unknown_never_refunded[postgres] _____

env = (<app.modules.m00_approval_center.service.Service object at 0x7fe8cd53cf50>, sessionmaker(class_='Session', bind=Engin...lush=True, expire_on_commit=False), <app.modules.m24_billing.generation.GenerationRepository object at 0x7fe8cd3cb2f0>)
monkeypatch = <_pytest.monkeypatch.MonkeyPatch object at 0x7fe8cd58c890>

    def test_reserved_binding_tamper_and_old_unknown_never_refunded(env,monkeypatch):
        op=prepare(env);ready(env,monkeypatch)
        with env[1].begin() as db:db.get(BudgetAttemptRow,op['id']).reserved_micro_usd=1
>       with pytest.raises(wa.DispatchRefused,match='reservation differs'):env[2].claim(op['id'],'t1')
             ^^^^^^^^^^^^^^^^^^^^^^^^^^^^^^^^^^^^^^^^^^^^^^^^^^^^^^^^^^^^^
E       Failed: DID NOT RAISE <class 'app.modules.m24_billing.write_ahead.DispatchRefused'>

tests/modules/test_m24_generation_budget.py:326: Failed
=============================== warnings summary ===============================
tests/modules/test_m24_generation_budget.py::test_reserved_binding_tamper_and_old_unknown_never_refunded[postgres]
  /tmp/atlas-memo3-venv/lib/python3.12/site-packages/platformdirs/api.py:459: RuntimeDirWarning: XDG_RUNTIME_DIR is not set, falling back to /tmp/runtime-1001
    return Path(self.user_runtime_dir)

-- Docs: https://docs.pytest.org/en/stable/how-to/capture-warnings.html
=========================== short test summary info ============================
FAILED tests/modules/test_m24_generation_budget.py::test_reserved_binding_tamper_and_old_unknown_never_refunded[sqlite]
FAILED tests/modules/test_m24_generation_budget.py::test_reserved_binding_tamper_and_old_unknown_never_refunded[postgres]
2 failed, 74 deselected, 1 warning in 1.47s
