........................................................................ [  6%]
........................................................................ [ 12%]
........................................................................ [ 19%]
........................................................................ [ 25%]
........................................................................ [ 31%]
........................................................................ [ 38%]
........................................................................ [ 44%]
........................................................................ [ 50%]
........................................................................ [ 57%]
........................................................................ [ 63%]
........................................................................ [ 70%]
........................................................................ [ 76%]
........................................................................ [ 82%]
........................................................................ [ 89%]
........................................................................ [ 95%]
...................................................                      [100%]
=============================== warnings summary ===============================
.venv/lib/python3.12/site-packages/starlette/testclient.py:51
  /home/sandbox/atlas-ai/.venv/lib/python3.12/site-packages/starlette/testclient.py:51: DeprecationWarning: The anyio.abc.BlockingPortal alias is deprecated, use anyio.from_thread.BlockingPortal instead.
    _PortalFactoryType = Callable[[], AbstractContextManager[anyio.abc.BlockingPortal]]

-- Docs: https://docs.pytest.org/en/stable/how-to/capture-warnings.html
1131 passed, 1 warning in 29.92s
