Traceback (most recent call last):
  File "/home/sandbox/atlas-ai/.venv/lib/python3.12/site-packages/sqlalchemy/engine/base.py", line 1943, in _exec_single_context
    self.dialect.do_execute(
  File "/home/sandbox/atlas-ai/.venv/lib/python3.12/site-packages/sqlalchemy/engine/default.py", line 1192, in do_execute
    cursor.execute(statement, parameters)
sqlite3.OperationalError: table m00_approval_effects already exists

The above exception was the direct cause of the following exception:

Traceback (most recent call last):
  File "/home/sandbox/atlas-ai/.venv/bin/alembic", line 10, in <module>
    sys.exit(main())
             ^^^^^^
  File "/home/sandbox/atlas-ai/.venv/lib/python3.12/site-packages/alembic/config.py", line 1039, in main
    CommandLine(prog=prog).main(argv=argv)
  File "/home/sandbox/atlas-ai/.venv/lib/python3.12/site-packages/alembic/config.py", line 1029, in main
    self.run_cmd(cfg, options)
  File "/home/sandbox/atlas-ai/.venv/lib/python3.12/site-packages/alembic/config.py", line 963, in run_cmd
    fn(
  File "/home/sandbox/atlas-ai/.venv/lib/python3.12/site-packages/alembic/command.py", line 487, in upgrade
    script.run_env()
  File "/home/sandbox/atlas-ai/.venv/lib/python3.12/site-packages/alembic/script/base.py", line 550, in run_env
    util.load_python_file(self.dir, "env.py")
  File "/home/sandbox/atlas-ai/.venv/lib/python3.12/site-packages/alembic/util/pyfiles.py", line 114, in load_python_file
    module = load_module_py(module_id, path)
             ^^^^^^^^^^^^^^^^^^^^^^^^^^^^^^^
  File "/home/sandbox/atlas-ai/.venv/lib/python3.12/site-packages/alembic/util/pyfiles.py", line 132, in load_module_py
    spec.loader.exec_module(module)  # type: ignore
    ^^^^^^^^^^^^^^^^^^^^^^^^^^^^^^^
  File "<frozen importlib._bootstrap_external>", line 999, in exec_module
  File "<frozen importlib._bootstrap>", line 488, in _call_with_frames_removed
  File "/tmp/atlas-m05-m19-integration/stage/migrations/env.py", line 23, in <module>
    run_migrations_offline() if context.is_offline_mode() else run_migrations_online()
                                                               ^^^^^^^^^^^^^^^^^^^^^^^
  File "/tmp/atlas-m05-m19-integration/stage/migrations/env.py", line 22, in run_migrations_online
    with context.begin_transaction():context.run_migrations()
                                     ^^^^^^^^^^^^^^^^^^^^^^^^
  File "<string>", line 8, in run_migrations
  File "/home/sandbox/atlas-ai/.venv/lib/python3.12/site-packages/alembic/runtime/environment.py", line 970, in run_migrations
    self.get_context().run_migrations(**kw)
  File "/home/sandbox/atlas-ai/.venv/lib/python3.12/site-packages/alembic/runtime/migration.py", line 616, in run_migrations
    step.migration_fn(**kw)
  File "/tmp/atlas-m05-m19-integration/stage/migrations/versions/96ad3c0c61e0_initial_production_schema.py", line 81, in upgrade
    op.create_table('m00_approval_effects',
  File "<string>", line 8, in create_table
  File "<string>", line 3, in create_table
  File "/home/sandbox/atlas-ai/.venv/lib/python3.12/site-packages/alembic/operations/ops.py", line 1323, in create_table
    return operations.invoke(op)
           ^^^^^^^^^^^^^^^^^^^^^
  File "/home/sandbox/atlas-ai/.venv/lib/python3.12/site-packages/alembic/operations/base.py", line 448, in invoke
    return fn(self, operation)
           ^^^^^^^^^^^^^^^^^^^
  File "/home/sandbox/atlas-ai/.venv/lib/python3.12/site-packages/alembic/operations/toimpl.py", line 139, in create_table
    operations.impl.create_table(table, **kw)
  File "/home/sandbox/atlas-ai/.venv/lib/python3.12/site-packages/alembic/ddl/impl.py", line 434, in create_table
    self._exec(schema.CreateTable(table, **kw))
  File "/home/sandbox/atlas-ai/.venv/lib/python3.12/site-packages/alembic/ddl/impl.py", line 252, in _exec
    return conn.execute(construct, params)
           ^^^^^^^^^^^^^^^^^^^^^^^^^^^^^^^
  File "/home/sandbox/atlas-ai/.venv/lib/python3.12/site-packages/sqlalchemy/engine/base.py", line 1448, in execute
    return meth(
           ^^^^^
  File "/home/sandbox/atlas-ai/.venv/lib/python3.12/site-packages/sqlalchemy/sql/ddl.py", line 203, in _execute_on_connection
    return connection._execute_ddl(
           ^^^^^^^^^^^^^^^^^^^^^^^^
  File "/home/sandbox/atlas-ai/.venv/lib/python3.12/site-packages/sqlalchemy/engine/base.py", line 1557, in _execute_ddl
    ret = self._execute_context(
          ^^^^^^^^^^^^^^^^^^^^^^
  File "/home/sandbox/atlas-ai/.venv/lib/python3.12/site-packages/sqlalchemy/engine/base.py", line 1822, in _execute_context
    return self._exec_single_context(
           ^^^^^^^^^^^^^^^^^^^^^^^^^^
  File "/home/sandbox/atlas-ai/.venv/lib/python3.12/site-packages/sqlalchemy/engine/base.py", line 1962, in _exec_single_context
    self._handle_dbapi_exception(
  File "/home/sandbox/atlas-ai/.venv/lib/python3.12/site-packages/sqlalchemy/engine/base.py", line 2332, in _handle_dbapi_exception
    raise sqlalchemy_exception.with_traceback(exc_info[2]) from e
  File "/home/sandbox/atlas-ai/.venv/lib/python3.12/site-packages/sqlalchemy/engine/base.py", line 1943, in _exec_single_context
    self.dialect.do_execute(
  File "/home/sandbox/atlas-ai/.venv/lib/python3.12/site-packages/sqlalchemy/engine/default.py", line 1192, in do_execute
    cursor.execute(statement, parameters)
sqlalchemy.exc.OperationalError: (sqlite3.OperationalError) table m00_approval_effects already exists
[SQL: 
CREATE TABLE m00_approval_effects (
	id INTEGER NOT NULL, 
	approval_id VARCHAR(36) NOT NULL, 
	effect_id VARCHAR(200) NOT NULL, 
	request_hash VARCHAR(64) NOT NULL, 
	actor VARCHAR(120) NOT NULL, 
	consumed_at DATETIME NOT NULL, 
	PRIMARY KEY (id), 
	UNIQUE (approval_id), 
	UNIQUE (effect_id)
)

]
(Background on this error at: https://sqlalche.me/e/21/e3q8)
